----------------------------------------------------------------------------------------------------
      name:  <unnamed>
       log:  /Users/ryan/Documents/Perioperative_TEAS_EA_Review_2026/06_FINAL_ANALYSIS_V26/02_STATA/
> logs/08_sensitivity.log
  log type:  text
 opened on:   7 Sep 2026, 16:11:02

. 
. di as txt "=================================================================="
==================================================================

. di as txt "08: SENSITIVITY ANALYSES & LEAVE-ONE-OUT INFLUENCE DIAGNOSTICS"
08: SENSITIVITY ANALYSES & LEAVE-ONE-OUT INFLUENCE DIAGNOSTICS

. di as txt "=================================================================="
==================================================================

. 
. * ------------------------------------------------------------------------------
. * PART 1: LEAVE-ONE-OUT FOR PRIMARY 24-H OPIOID (k=6)
. * ------------------------------------------------------------------------------
. use "06_FINAL_ANALYSIS_V26/01_DATA/opioid_24h_primary.dta", clear

. keep if inc_primary == 1
(9 observations deleted)

. 
. meta set md_mme se_mme, studylabel(study_unit) eslabel("Mean Difference (mg IV MME)")

Meta-analysis setting information

 Study information
    No. of studies: 6
       Study label: study_unit
        Study size: N/A

       Effect size
              Type: <generic>
             Label: Mean Difference (mg IV MME)
          Variable: md_mme

         Precision
         Std. err.: se_mme
                CI: [_meta_cil, _meta_ciu]
          CI level: 95%

  Model and method
             Model: Random effects
            Method: REML

. 
. di as txt _n "=== FULL PRIMARY 24-H MODEL (k=6) [REML + KH] ==="

=== FULL PRIMARY 24-H MODEL (k=6) [REML + KH] ===

. meta summarize, random(reml) se(kh)

  Effect-size label: Mean Difference (mg IV MME)
        Effect size: md_mme
          Std. err.: se_mme
        Study label: study_unit

Meta-analysis summary                             Number of studies =      6
Random-effects model                              Heterogeneity:
Method: REML                                                  tau2 = 137.8936
SE adjustment: Knapp–Hartung                                I2 (%) =   98.82
                                                                H2 =   84.59

               Effect size: Mean Difference (mg IV MME)
----------------------------------------------------------------------------
                    Study |    Effect size    [95% conf. interval]  % weight
--------------------------+-------------------------------------------------
                Chen 1998 |        -21.000     -32.962      -9.038     14.20
                Chen 2020 |        -28.190     -31.681     -24.699     17.63
           El-Rakshy 2009 |         -1.600      -8.888       5.688     16.39
He 2026 (hepatectomy/JIS) |         -0.600      -1.733       0.533     17.99
       Seevaunnamtum 2016 |        -12.560     -21.162      -3.958     15.82
                Yang 2024 |         -0.300      -1.703       1.103     17.97
--------------------------+-------------------------------------------------
                    theta |        -10.363     -22.997       2.271
----------------------------------------------------------------------------
Test of theta = 0: t(5) = -2.11                          Prob > |t| = 0.0888
Test of homogeneity: Q = chi2(5) = 242.63                  Prob > Q = 0.0000

. 
. di as txt _n "=== LEAVE-ONE-OUT ANALYSIS: PRIMARY 24-H OPIOID ==="

=== LEAVE-ONE-OUT ANALYSIS: PRIMARY 24-H OPIOID ===

. * Stata meta leaveoneout
. meta summarize, random(reml) se(kh) leaveoneout

  Effect-size label: Mean Difference (mg IV MME)
        Effect size: md_mme
          Std. err.: se_mme
        Study label: study_unit

Leave-one-out meta-analysis summary           Number of studies =      6
Random-effects model
Method: REML 
SE adjustment: Knapp–Hartung

                     theta: Overall Mean Difference (mg IV MME)
------------------------------------------------------------------------
            Omitted study |       theta    [95% conf. interval]  p-value
--------------------------+---------------------------------------------
                Chen 1998 |      -8.605     -23.738       6.528    0.190
                Chen 2020 |      -5.779     -16.400       4.841    0.205
           El-Rakshy 2009 |     -12.120     -27.706       3.467    0.097
He 2026 (hepatectomy/JIS) |     -12.513     -27.821       2.794    0.086
       Seevaunnamtum 2016 |     -10.013     -26.566       6.540    0.168
                Yang 2024 |     -12.573     -27.784       2.638    0.083
--------------------------+---------------------------------------------
                    theta |     -10.363     -22.997       2.271    0.089
------------------------------------------------------------------------

. 
. * Export leave-one-out forest plot / graph
. meta forestplot, leaveoneout ///
>     title("Leave-One-Out Influence: Primary 24-h Opioid (mg IV MME)", size(medium)) ///
>     subtitle("Random-Effects REML + Hartung-Knapp", size(small)) ///
>     nullrefline nonotes

  Effect-size label: Mean Difference (mg IV MME)
        Effect size: md_mme
          Std. err.: se_mme
        Study label: study_unit

. graph export "06_FINAL_ANALYSIS_V26/04_FIGURES/loo_opioid24_primary.png", width(1800) replace
file
    /Users/ryan/Documents/Perioperative_TEAS_EA_Review_2026/06_FINAL_ANALYSIS_V26/04_FIGURES/loo_o
    > pioid24_primary.png saved as PNG format

. 
. * ------------------------------------------------------------------------------
. * PART 2: ESTIMATOR SENSITIVITY GRID FOR PRIMARY 24-H OPIOID
. * ------------------------------------------------------------------------------
. di as txt _n "=== ESTIMATOR SENSITIVITY GRID: PRIMARY 24-H OPIOID ==="

=== ESTIMATOR SENSITIVITY GRID: PRIMARY 24-H OPIOID ===

. 
. * 1. REML + KH (Reference)
. meta summarize, random(reml) se(kh)

  Effect-size label: Mean Difference (mg IV MME)
        Effect size: md_mme
          Std. err.: se_mme
        Study label: study_unit

Meta-analysis summary                             Number of studies =      6
Random-effects model                              Heterogeneity:
Method: REML                                                  tau2 = 137.8936
SE adjustment: Knapp–Hartung                                I2 (%) =   98.82
                                                                H2 =   84.59

               Effect size: Mean Difference (mg IV MME)
----------------------------------------------------------------------------
                    Study |    Effect size    [95% conf. interval]  % weight
--------------------------+-------------------------------------------------
                Chen 1998 |        -21.000     -32.962      -9.038     14.20
                Chen 2020 |        -28.190     -31.681     -24.699     17.63
           El-Rakshy 2009 |         -1.600      -8.888       5.688     16.39
He 2026 (hepatectomy/JIS) |         -0.600      -1.733       0.533     17.99
       Seevaunnamtum 2016 |        -12.560     -21.162      -3.958     15.82
                Yang 2024 |         -0.300      -1.703       1.103     17.97
--------------------------+-------------------------------------------------
                    theta |        -10.363     -22.997       2.271
----------------------------------------------------------------------------
Test of theta = 0: t(5) = -2.11                          Prob > |t| = 0.0888
Test of homogeneity: Q = chi2(5) = 242.63                  Prob > Q = 0.0000

. matrix est_reml_kh = (r(theta), r(ci_lb), r(ci_ub), r(p), r(N), r(tau2), r(I2))

. 
. * 2. REML Wald (unadjusted)
. meta summarize, random(reml)

  Effect-size label: Mean Difference (mg IV MME)
        Effect size: md_mme
          Std. err.: se_mme
        Study label: study_unit

Meta-analysis summary                             Number of studies =      6
Random-effects model                              Heterogeneity:
Method: REML                                                  tau2 = 137.8936
                                                            I2 (%) =   98.82
                                                                H2 =   84.59

               Effect size: Mean Difference (mg IV MME)
----------------------------------------------------------------------------
                    Study |    Effect size    [95% conf. interval]  % weight
--------------------------+-------------------------------------------------
                Chen 1998 |        -21.000     -32.962      -9.038     14.20
                Chen 2020 |        -28.190     -31.681     -24.699     17.63
           El-Rakshy 2009 |         -1.600      -8.888       5.688     16.39
He 2026 (hepatectomy/JIS) |         -0.600      -1.733       0.533     17.99
       Seevaunnamtum 2016 |        -12.560     -21.162      -3.958     15.82
                Yang 2024 |         -0.300      -1.703       1.103     17.97
--------------------------+-------------------------------------------------
                    theta |        -10.363     -20.137      -0.589
----------------------------------------------------------------------------
Test of theta = 0: z = -2.08                             Prob > |z| = 0.0377
Test of homogeneity: Q = chi2(5) = 242.63                  Prob > Q = 0.0000

. matrix est_reml_wald = (r(theta), r(ci_lb), r(ci_ub), r(p), r(N), r(tau2), r(I2))

. 
. * 3. DL + KH
. meta summarize, random(dl) se(kh)

  Effect-size label: Mean Difference (mg IV MME)
        Effect size: md_mme
          Std. err.: se_mme
        Study label: study_unit

Meta-analysis summary                             Number of studies =      6
Random-effects model                              Heterogeneity:
Method: DerSimonian–Laird                                     tau2 = 78.4022
SE adjustment: Knapp–Hartung                                I2 (%) =   97.94
                                                                H2 =   48.53

               Effect size: Mean Difference (mg IV MME)
----------------------------------------------------------------------------
                    Study |    Effect size    [95% conf. interval]  % weight
--------------------------+-------------------------------------------------
                Chen 1998 |        -21.000     -32.962      -9.038     12.84
                Chen 2020 |        -28.190     -31.681     -24.699     18.20
           El-Rakshy 2009 |         -1.600      -8.888       5.688     16.10
He 2026 (hepatectomy/JIS) |         -0.600      -1.733       0.533     18.85
       Seevaunnamtum 2016 |        -12.560     -21.162      -3.958     15.20
                Yang 2024 |         -0.300      -1.703       1.103     18.81
--------------------------+-------------------------------------------------
                    theta |        -10.162     -22.883       2.558
----------------------------------------------------------------------------
Test of theta = 0: t(5) = -2.05                          Prob > |t| = 0.0952
Test of homogeneity: Q = chi2(5) = 242.63                  Prob > Q = 0.0000

. matrix est_dl_kh = (r(theta), r(ci_lb), r(ci_ub), r(p), r(N), r(tau2), r(I2))

. 
. * 4. DL Wald (unadjusted)
. meta summarize, random(dl)

  Effect-size label: Mean Difference (mg IV MME)
        Effect size: md_mme
          Std. err.: se_mme
        Study label: study_unit

Meta-analysis summary                             Number of studies =      6
Random-effects model                              Heterogeneity:
Method: DerSimonian–Laird                                     tau2 = 78.4022
                                                            I2 (%) =   97.94
                                                                H2 =   48.53

               Effect size: Mean Difference (mg IV MME)
----------------------------------------------------------------------------
                    Study |    Effect size    [95% conf. interval]  % weight
--------------------------+-------------------------------------------------
                Chen 1998 |        -21.000     -32.962      -9.038     12.84
                Chen 2020 |        -28.190     -31.681     -24.699     18.20
           El-Rakshy 2009 |         -1.600      -8.888       5.688     16.10
He 2026 (hepatectomy/JIS) |         -0.600      -1.733       0.533     18.85
       Seevaunnamtum 2016 |        -12.560     -21.162      -3.958     15.20
                Yang 2024 |         -0.300      -1.703       1.103     18.81
--------------------------+-------------------------------------------------
                    theta |        -10.162     -17.714      -2.611
----------------------------------------------------------------------------
Test of theta = 0: z = -2.64                             Prob > |z| = 0.0084
Test of homogeneity: Q = chi2(5) = 242.63                  Prob > Q = 0.0000

. matrix est_dl_wald = (r(theta), r(ci_lb), r(ci_ub), r(p), r(N), r(tau2), r(I2))

. 
. * 5. Empirical Bayes (EB) + KH
. meta summarize, random(ebayes) se(kh)

  Effect-size label: Mean Difference (mg IV MME)
        Effect size: md_mme
          Std. err.: se_mme
        Study label: study_unit

Meta-analysis summary                             Number of studies =      6
Random-effects model                              Heterogeneity:
Method: Empirical Bayes                                       tau2 = 133.7411
SE adjustment: Knapp–Hartung                                I2 (%) =   98.78
                                                                H2 =   82.07

               Effect size: Mean Difference (mg IV MME)
----------------------------------------------------------------------------
                    Study |    Effect size    [95% conf. interval]  % weight
--------------------------+-------------------------------------------------
                Chen 1998 |        -21.000     -32.962      -9.038     14.14
                Chen 2020 |        -28.190     -31.681     -24.699     17.65
           El-Rakshy 2009 |         -1.600      -8.888       5.688     16.38
He 2026 (hepatectomy/JIS) |         -0.600      -1.733       0.533     18.03
       Seevaunnamtum 2016 |        -12.560     -21.162      -3.958     15.80
                Yang 2024 |         -0.300      -1.703       1.103     18.00
--------------------------+-------------------------------------------------
                    theta |        -10.354     -22.992       2.284
----------------------------------------------------------------------------
Test of theta = 0: t(5) = -2.11                          Prob > |t| = 0.0891
Test of homogeneity: Q = chi2(5) = 242.63                  Prob > Q = 0.0000

. matrix est_eb_kh = (r(theta), r(ci_lb), r(ci_ub), r(p), r(N), r(tau2), r(I2))

. 
. * 6. Paule-Mandel (PM) + KH
. meta summarize, random(pmandel) se(kh)

  Effect-size label: Mean Difference (mg IV MME)
        Effect size: md_mme
          Std. err.: se_mme
        Study label: study_unit

Meta-analysis summary                             Number of studies =      6
Random-effects model                              Heterogeneity:
Method: Paule–Mandel                                          tau2 = 133.7411
SE adjustment: Knapp–Hartung                                I2 (%) =   98.78
                                                                H2 =   82.07

               Effect size: Mean Difference (mg IV MME)
----------------------------------------------------------------------------
                    Study |    Effect size    [95% conf. interval]  % weight
--------------------------+-------------------------------------------------
                Chen 1998 |        -21.000     -32.962      -9.038     14.14
                Chen 2020 |        -28.190     -31.681     -24.699     17.65
           El-Rakshy 2009 |         -1.600      -8.888       5.688     16.38
He 2026 (hepatectomy/JIS) |         -0.600      -1.733       0.533     18.03
       Seevaunnamtum 2016 |        -12.560     -21.162      -3.958     15.80
                Yang 2024 |         -0.300      -1.703       1.103     18.00
--------------------------+-------------------------------------------------
                    theta |        -10.354     -22.992       2.284
----------------------------------------------------------------------------
Test of theta = 0: t(5) = -2.11                          Prob > |t| = 0.0891
Test of homogeneity: Q = chi2(5) = 242.63                  Prob > Q = 0.0000

. matrix est_pm_kh = (r(theta), r(ci_lb), r(ci_ub), r(p), r(N), r(tau2), r(I2))

. 
. * 7. Fixed-effect (common effect) model
. meta summarize, common

  Effect-size label: Mean Difference (mg IV MME)
        Effect size: md_mme
          Std. err.: se_mme
        Study label: study_unit

Meta-analysis summary                             Number of studies =      6
Common-effect model
Method: Inverse-variance 

               Effect size: Mean Difference (mg IV MME)
----------------------------------------------------------------------------
                    Study |    Effect size    [95% conf. interval]  % weight
--------------------------+-------------------------------------------------
                Chen 1998 |        -21.000     -32.962      -9.038      0.50
                Chen 2020 |        -28.190     -31.681     -24.699      5.83
           El-Rakshy 2009 |         -1.600      -8.888       5.688      1.34
He 2026 (hepatectomy/JIS) |         -0.600      -1.733       0.533     55.28
       Seevaunnamtum 2016 |        -12.560     -21.162      -3.958      0.96
                Yang 2024 |         -0.300      -1.703       1.103     36.10
--------------------------+-------------------------------------------------
                    theta |         -2.329      -3.172      -1.486
----------------------------------------------------------------------------
Test of theta = 0: z = -5.42                             Prob > |z| = 0.0000

. matrix est_fixed = (r(theta), r(ci_lb), r(ci_ub), r(p), r(N), 0, 0)

. 
. * ------------------------------------------------------------------------------
. * PART 3: LEAVE-ONE-OUT FOR TARGET A (0-48 H CUMULATIVE OPIOID, k=3)
. * ------------------------------------------------------------------------------
. use "06_FINAL_ANALYSIS_V26/01_DATA/target_A_48h.dta", clear

. keep if include_strict == 1
(2 observations deleted)

. 
. meta set md_mme se_mme, studylabel(study) eslabel("Mean Difference (mg IV MME)")

Meta-analysis setting information

 Study information
    No. of studies: 3
       Study label: study
        Study size: N/A

       Effect size
              Type: <generic>
             Label: Mean Difference (mg IV MME)
          Variable: md_mme

         Precision
         Std. err.: se_mme
                CI: [_meta_cil, _meta_ciu]
          CI level: 95%

  Model and method
             Model: Random effects
            Method: REML

. 
. di as txt _n "=== FULL TARGET A MODEL (k=3) [REML + KH] ==="

=== FULL TARGET A MODEL (k=3) [REML + KH] ===

. meta summarize, random(reml) se(kh)

  Effect-size label: Mean Difference (mg IV MME)
        Effect size: md_mme
          Std. err.: se_mme
        Study label: study

Meta-analysis summary                     Number of studies =      3
Random-effects model                      Heterogeneity:
Method: REML                                          tau2 = 94.5600
SE adjustment: Knapp–Hartung                        I2 (%) =   97.07
                                                        H2 =   34.17

       Effect size: Mean Difference (mg IV MME)
--------------------------------------------------------------------
            Study |    Effect size    [95% conf. interval]  % weight
------------------+-------------------------------------------------
        Chen 2020 |        -21.630     -25.518     -17.742     33.15
       Zhang 2023 |         -3.333      -5.060      -1.606     34.25
          An 2014 |         -6.000     -10.628      -1.372     32.61
------------------+-------------------------------------------------
            theta |        -10.268     -34.835      14.299
--------------------------------------------------------------------
Test of theta = 0: t(2) = -1.80                  Prob > |t| = 0.2139
Test of homogeneity: Q = chi2(2) = 71.08           Prob > Q = 0.0000

. 
. di as txt _n "=== LEAVE-ONE-OUT ANALYSIS: TARGET A ==="

=== LEAVE-ONE-OUT ANALYSIS: TARGET A ===

. meta summarize, random(reml) se(kh) leaveoneout

  Effect-size label: Mean Difference (mg IV MME)
        Effect size: md_mme
          Std. err.: se_mme
        Study label: study

Leave-one-out meta-analysis summary   Number of studies =      3
Random-effects model
Method: REML 
SE adjustment: Knapp–Hartung

             theta: Overall Mean Difference (mg IV MME)
----------------------------------------------------------------
    Omitted study |       theta    [95% conf. interval]  p-value
------------------+---------------------------------------------
        Chen 2020 |      -3.767     -16.268       8.735    0.163
       Zhang 2023 |     -13.867    -113.164      85.429    0.327
          An 2014 |     -12.395    -128.631     103.840    0.405
------------------+---------------------------------------------
            theta |     -10.268     -34.835      14.299    0.214
----------------------------------------------------------------

. 
. meta forestplot, leaveoneout ///
>     title("Leave-One-Out Influence: Target A (0-48 h Cumulative Opioid)", size(medium)) ///
>     subtitle("Random-Effects REML + Hartung-Knapp", size(small)) ///
>     nullrefline nonotes

  Effect-size label: Mean Difference (mg IV MME)
        Effect size: md_mme
          Std. err.: se_mme
        Study label: study

. graph export "06_FINAL_ANALYSIS_V26/04_FIGURES/loo_targetA_48h.png", width(1800) replace
file
    /Users/ryan/Documents/Perioperative_TEAS_EA_Review_2026/06_FINAL_ANALYSIS_V26/04_FIGURES/loo_t
    > argetA_48h.png saved as PNG format

. 
. * ------------------------------------------------------------------------------
. * PART 4: EXPORT ESTIMATOR SENSITIVITY GRID TABLE
. * ------------------------------------------------------------------------------
. clear

. set obs 7
Number of observations (_N) was 0, now 7.

. 
. gen estimator = ""
(7 missing values generated)

. gen se_adj = ""
(7 missing values generated)

. gen k = .
(7 missing values generated)

. gen estimate = .
(7 missing values generated)

. gen ci_low = .
(7 missing values generated)

. gen ci_high = .
(7 missing values generated)

. gen p_value = .
(7 missing values generated)

. gen tau2 = .
(7 missing values generated)

. gen i2 = .
(7 missing values generated)

. gen note = ""
(7 missing values generated)

. 
. replace estimator = "REML" in 1
variable estimator was str1 now str4
(1 real change made)

. replace se_adj = "Hartung-Knapp (KH)" in 1
variable se_adj was str1 now str18
(1 real change made)

. replace k = est_reml_kh[1,5] in 1
(1 real change made)

. replace estimate = est_reml_kh[1,1] in 1
(1 real change made)

. replace ci_low = est_reml_kh[1,2] in 1
(1 real change made)

. replace ci_high = est_reml_kh[1,3] in 1
(1 real change made)

. replace p_value = est_reml_kh[1,4] in 1
(1 real change made)

. replace tau2 = est_reml_kh[1,6] in 1
(1 real change made)

. replace i2 = est_reml_kh[1,7] in 1
(1 real change made)

. replace note = "PRIMARY AUTHORITATIVE BENCHMARK" in 1
variable note was str1 now str31
(1 real change made)

. 
. replace estimator = "REML" in 2
(1 real change made)

. replace se_adj = "Wald (unadjusted)" in 2
(1 real change made)

. replace k = est_reml_wald[1,5] in 2
(1 real change made)

. replace estimate = est_reml_wald[1,1] in 2
(1 real change made)

. replace ci_low = est_reml_wald[1,2] in 2
(1 real change made)

. replace ci_high = est_reml_wald[1,3] in 2
(1 real change made)

. replace p_value = est_reml_wald[1,4] in 2
(1 real change made)

. replace tau2 = est_reml_wald[1,6] in 2
(1 real change made)

. replace i2 = est_reml_wald[1,7] in 2
(1 real change made)

. replace note = "Unadjusted standard errors" in 2
(1 real change made)

. 
. replace estimator = "DerSimonian-Laird (DL)" in 3
variable estimator was str4 now str22
(1 real change made)

. replace se_adj = "Hartung-Knapp (KH)" in 3
(1 real change made)

. replace k = est_dl_kh[1,5] in 3
(1 real change made)

. replace estimate = est_dl_kh[1,1] in 3
(1 real change made)

. replace ci_low = est_dl_kh[1,2] in 3
(1 real change made)

. replace ci_high = est_dl_kh[1,3] in 3
(1 real change made)

. replace p_value = est_dl_kh[1,4] in 3
(1 real change made)

. replace tau2 = est_dl_kh[1,6] in 3
(1 real change made)

. replace i2 = est_dl_kh[1,7] in 3
(1 real change made)

. replace note = "DL moments estimator with KH" in 3
(1 real change made)

. 
. replace estimator = "DerSimonian-Laird (DL)" in 4
(1 real change made)

. replace se_adj = "Wald (unadjusted)" in 4
(1 real change made)

. replace k = est_dl_wald[1,5] in 4
(1 real change made)

. replace estimate = est_dl_wald[1,1] in 4
(1 real change made)

. replace ci_low = est_dl_wald[1,2] in 4
(1 real change made)

. replace ci_high = est_dl_wald[1,3] in 4
(1 real change made)

. replace p_value = est_dl_wald[1,4] in 4
(1 real change made)

. replace tau2 = est_dl_wald[1,6] in 4
(1 real change made)

. replace i2 = est_dl_wald[1,7] in 4
(1 real change made)

. replace note = "Demonstrates artificial significance under unadjusted DL" in 4
variable note was str31 now str56
(1 real change made)

. 
. replace estimator = "Empirical Bayes (EB)" in 5
(1 real change made)

. replace se_adj = "Hartung-Knapp (KH)" in 5
(1 real change made)

. replace k = est_eb_kh[1,5] in 5
(1 real change made)

. replace estimate = est_eb_kh[1,1] in 5
(1 real change made)

. replace ci_low = est_eb_kh[1,2] in 5
(1 real change made)

. replace ci_high = est_eb_kh[1,3] in 5
(1 real change made)

. replace p_value = est_eb_kh[1,4] in 5
(1 real change made)

. replace tau2 = est_eb_kh[1,6] in 5
(1 real change made)

. replace i2 = est_eb_kh[1,7] in 5
(1 real change made)

. replace note = "Iterative empirical Bayes estimator" in 5
(1 real change made)

. 
. replace estimator = "Paule-Mandel (PM)" in 6
(1 real change made)

. replace se_adj = "Hartung-Knapp (KH)" in 6
(1 real change made)

. replace k = est_pm_kh[1,5] in 6
(1 real change made)

. replace estimate = est_pm_kh[1,1] in 6
(1 real change made)

. replace ci_low = est_pm_kh[1,2] in 6
(1 real change made)

. replace ci_high = est_pm_kh[1,3] in 6
(1 real change made)

. replace p_value = est_pm_kh[1,4] in 6
(1 real change made)

. replace tau2 = est_pm_kh[1,6] in 6
(1 real change made)

. replace i2 = est_pm_kh[1,7] in 6
(1 real change made)

. replace note = "Paule-Mandel estimator" in 6
(1 real change made)

. 
. replace estimator = "Fixed-effect (Common)" in 7
(1 real change made)

. replace se_adj = "None (Common effect)" in 7
variable se_adj was str18 now str20
(1 real change made)

. replace k = est_fixed[1,5] in 7
(1 real change made)

. replace estimate = est_fixed[1,1] in 7
(1 real change made)

. replace ci_low = est_fixed[1,2] in 7
(1 real change made)

. replace ci_high = est_fixed[1,3] in 7
(1 real change made)

. replace p_value = est_fixed[1,4] in 7
(1 real change made)

. replace tau2 = 0 in 7
(1 real change made)

. replace i2 = 0 in 7
(1 real change made)

. replace note = "Common-effect inverse-variance model" in 7
(1 real change made)

. 
. save "06_FINAL_ANALYSIS_V26/03_RESULTS/results_sensitivity_estimators_grid.dta", replace
file 06_FINAL_ANALYSIS_V26/03_RESULTS/results_sensitivity_estimators_grid.dta saved

. export delimited "06_FINAL_ANALYSIS_V26/03_RESULTS/results_sensitivity_estimators_grid.csv", repla
> ce
file 06_FINAL_ANALYSIS_V26/03_RESULTS/results_sensitivity_estimators_grid.csv saved

. list, clean

                    estimator                 se_adj   k    estimate      ci_low     ci_high    p_va
> lue       tau2         i2                                                       note  
  1.                     REML     Hartung-Knapp (KH)   6   -10.36282   -22.99705      2.2714   .0887
> 975   137.8936   98.81783                            PRIMARY AUTHORITATIVE BENCHMARK  
  2.                     REML      Wald (unadjusted)   6   -10.36282   -20.13676   -.5888841   .0377
> 045   137.8936   98.81783                                 Unadjusted standard errors  
  3.   DerSimonian-Laird (DL)     Hartung-Knapp (KH)   6   -10.16228   -22.88273    2.558174   .0952
> 032    78.4022   97.93929                               DL moments estimator with KH  
  4.   DerSimonian-Laird (DL)      Wald (unadjusted)   6   -10.16228   -17.71405   -2.610502   .0083
> 523    78.4022   97.93929   Demonstrates artificial significance under unadjusted DL  
  5.     Empirical Bayes (EB)     Hartung-Knapp (KH)   6   -10.35378   -22.99185    2.284296   .0890
> 775   133.7411   98.78157                        Iterative empirical Bayes estimator  
  6.        Paule-Mandel (PM)     Hartung-Knapp (KH)   6   -10.35378   -22.99185    2.284296   .0890
> 775   133.7411   98.78157                                     Paule-Mandel estimator  
  7.    Fixed-effect (Common)   None (Common effect)   6   -2.329219   -3.171987   -1.486451   6.06e
> -08          0          0                       Common-effect inverse-variance model  

. 
. di as txt _n "SUCCESS: Sensitivity analyses completed and exported."

SUCCESS: Sensitivity analyses completed and exported.

. log close
      name:  <unnamed>
       log:  /Users/ryan/Documents/Perioperative_TEAS_EA_Review_2026/06_FINAL_ANALYSIS_V26/02_STATA/
> logs/08_sensitivity.log
  log type:  text
 closed on:   7 Sep 2026, 16:11:03
----------------------------------------------------------------------------------------------------
