----------------------------------------------------------------------------------------------------
      name:  <unnamed>
       log:  /Users/ryan/Documents/Perioperative_TEAS_EA_Review_2026/06_FINAL_ANALYSIS_V26/02_STATA/
> logs/11_sufentanil_conversion_sensitivity.log
  log type:  text
 opened on:   7 Sep 2026, 20:38:24

. 
. di as txt "=================================================================="
==================================================================

. di as txt "11: SUFENTANIL CONVERSION FACTOR SENSITIVITY"
11: SUFENTANIL CONVERSION FACTOR SENSITIVITY

. di as txt "    Primary = 1.0 mg MME per ug (1000:1). Range audited: 0.1 to 1.0."
    Primary = 1.0 mg MME per ug (1000:1). Range audited: 0.1 to 1.0.

. di as txt "=================================================================="
==================================================================

. 
. * ------------------------------------------------------------------------------
. * PART 1: STRICT PRIMARY (k=7) UNDER ALTERNATIVE SUFENTANIL FACTORS
. *   Only Chen 2020 is sufentanil-converted within the strict primary set.
. * ------------------------------------------------------------------------------
. foreach factor in 0.1 0.25 0.5 1.0 {
  2.     use "06_FINAL_ANALYSIS_V26/01_DATA/opioid_24h_primary.dta", clear
  3.     keep if inc_primary == 1
  4. 
.     replace mean_i_mme = mean_i * `factor' if unit == "µg sufentanil"
  5.     replace sd_i_mme   = sd_i   * `factor' if unit == "µg sufentanil"
  6.     replace mean_c_mme = mean_c * `factor' if unit == "µg sufentanil"
  7.     replace sd_c_mme   = sd_c   * `factor' if unit == "µg sufentanil"
  8.     replace md_mme = mean_i_mme - mean_c_mme if unit == "µg sufentanil"
  9.     replace se_mme = sqrt((sd_i_mme^2/n_i) + (sd_c_mme^2/n_c)) if unit == "µg sufentanil"
 10. 
.     meta set md_mme se_mme, studylabel(study_unit) eslabel("Mean Difference (mg IV MME)")
 11.     meta summarize, random(reml) se(kh)
 12. 
.     di as txt _n "Sufentanil factor = `factor' mg MME per ug | Strict primary k=7:"
 13.     di as txt "  MD = " %6.3f r(theta) "  95% KH CI [" %6.3f r(ci_lb) ", " %6.3f r(ci_ub) "]  p
>  = " %6.4f r(p) "  I2 = " %5.2f r(I2) "%"
 14. }
(9 observations deleted)
(1 real change made)
(1 real change made)
(1 real change made)
(1 real change made)
(1 real change made)
(1 real change made)

Meta-analysis setting information

 Study information
    No. of studies: 7
       Study label: study_unit
        Study size: N/A

       Effect size
              Type: <generic>
             Label: Mean Difference (mg IV MME)
          Variable: md_mme

         Precision
         Std. err.: se_mme
                CI: [_meta_cil, _meta_ciu]
          CI level: 95%

  Model and method
             Model: Random effects
            Method: REML

  Effect-size label: Mean Difference (mg IV MME)
        Effect size: md_mme
          Std. err.: se_mme
        Study label: study_unit

Meta-analysis summary                             Number of studies =      7
Random-effects model                              Heterogeneity:
Method: REML                                                  tau2 = 24.5001
SE adjustment: Knapp–Hartung                                I2 (%) =   97.59
                                                                H2 =   41.45

               Effect size: Mean Difference (mg IV MME)
----------------------------------------------------------------------------
                    Study |    Effect size    [95% conf. interval]  % weight
--------------------------+-------------------------------------------------
                Chen 1998 |        -21.000     -32.962      -9.038      7.24
                Chen 2020 |         -2.819      -3.168      -2.470     18.23
           El-Rakshy 2009 |         -1.600      -8.888       5.688     11.67
He 2026 (hepatectomy/JIS) |         -0.600      -1.733       0.533     18.01
       Seevaunnamtum 2016 |        -12.560     -21.162      -3.958     10.22
               Szmit 2021 |         -7.700     -10.623      -4.777     16.74
                Yang 2024 |         -0.300      -1.703       1.103     17.88
--------------------------+-------------------------------------------------
                    theta |         -4.956     -10.888       0.975
----------------------------------------------------------------------------
Test of theta = 0: t(6) = -2.04                          Prob > |t| = 0.0869
Test of homogeneity: Q = chi2(6) = 49.80                   Prob > Q = 0.0000

Sufentanil factor = 0.1 mg MME per ug | Strict primary k=7:
  MD = -4.956  95% KH CI [-10.888,  0.975]  p = 0.0869  I2 = 97.59%
(9 observations deleted)
(1 real change made)
(1 real change made)
(1 real change made)
(1 real change made)
(1 real change made)
(1 real change made)

Meta-analysis setting information

 Study information
    No. of studies: 7
       Study label: study_unit
        Study size: N/A

       Effect size
              Type: <generic>
             Label: Mean Difference (mg IV MME)
          Variable: md_mme

         Precision
         Std. err.: se_mme
                CI: [_meta_cil, _meta_ciu]
          CI level: 95%

  Model and method
             Model: Random effects
            Method: REML

  Effect-size label: Mean Difference (mg IV MME)
        Effect size: md_mme
          Std. err.: se_mme
        Study label: study_unit

Meta-analysis summary                             Number of studies =      7
Random-effects model                              Heterogeneity:
Method: REML                                                  tau2 = 26.0145
SE adjustment: Knapp–Hartung                                I2 (%) =   96.79
                                                                H2 =   31.17

               Effect size: Mean Difference (mg IV MME)
----------------------------------------------------------------------------
                    Study |    Effect size    [95% conf. interval]  % weight
--------------------------+-------------------------------------------------
                Chen 1998 |        -21.000     -32.962      -9.038      7.45
                Chen 2020 |         -7.048      -7.920      -6.175     17.98
           El-Rakshy 2009 |         -1.600      -8.888       5.688     11.83
He 2026 (hepatectomy/JIS) |         -0.600      -1.733       0.533     17.88
       Seevaunnamtum 2016 |        -12.560     -21.162      -3.958     10.41
               Szmit 2021 |         -7.700     -10.623      -4.777     16.69
                Yang 2024 |         -0.300      -1.703       1.103     17.76
--------------------------+-------------------------------------------------
                    theta |         -5.773     -11.695       0.149
----------------------------------------------------------------------------
Test of theta = 0: t(6) = -2.39                          Prob > |t| = 0.0544
Test of homogeneity: Q = chi2(6) = 126.25                  Prob > Q = 0.0000

Sufentanil factor = 0.25 mg MME per ug | Strict primary k=7:
  MD = -5.773  95% KH CI [-11.695,  0.149]  p = 0.0544  I2 = 96.79%
(9 observations deleted)
(1 real change made)
(1 real change made)
(1 real change made)
(1 real change made)
(1 real change made)
(1 real change made)

Meta-analysis setting information

 Study information
    No. of studies: 7
       Study label: study_unit
        Study size: N/A

       Effect size
              Type: <generic>
             Label: Mean Difference (mg IV MME)
          Variable: md_mme

         Precision
         Std. err.: se_mme
                CI: [_meta_cil, _meta_ciu]
          CI level: 95%

  Model and method
             Model: Random effects
            Method: REML

  Effect-size label: Mean Difference (mg IV MME)
        Effect size: md_mme
          Std. err.: se_mme
        Study label: study_unit

Meta-analysis summary                             Number of studies =      7
Random-effects model                              Heterogeneity:
Method: REML                                                  tau2 = 44.6781
SE adjustment: Knapp–Hartung                                I2 (%) =   97.20
                                                                H2 =   35.74

               Effect size: Mean Difference (mg IV MME)
----------------------------------------------------------------------------
                    Study |    Effect size    [95% conf. interval]  % weight
--------------------------+-------------------------------------------------
                Chen 1998 |        -21.000     -32.962      -9.038      9.21
                Chen 2020 |        -14.095     -15.840     -12.350     16.59
           El-Rakshy 2009 |         -1.600      -8.888       5.688     12.89
He 2026 (hepatectomy/JIS) |         -0.600      -1.733       0.533     16.75
       Seevaunnamtum 2016 |        -12.560     -21.162      -3.958     11.79
               Szmit 2021 |         -7.700     -10.623      -4.777     16.08
                Yang 2024 |         -0.300      -1.703       1.103     16.69
--------------------------+-------------------------------------------------
                    theta |         -7.347     -14.276      -0.419
----------------------------------------------------------------------------
Test of theta = 0: t(6) = -2.59                          Prob > |t| = 0.0410
Test of homogeneity: Q = chi2(6) = 207.17                  Prob > Q = 0.0000

Sufentanil factor = 0.5 mg MME per ug | Strict primary k=7:
  MD = -7.347  95% KH CI [-14.276, -0.419]  p = 0.0410  I2 = 97.20%
(9 observations deleted)
(0 real changes made)
(0 real changes made)
(0 real changes made)
(0 real changes made)
(0 real changes made)
(0 real changes made)

Meta-analysis setting information

 Study information
    No. of studies: 7
       Study label: study_unit
        Study size: N/A

       Effect size
              Type: <generic>
             Label: Mean Difference (mg IV MME)
          Variable: md_mme

         Precision
         Std. err.: se_mme
                CI: [_meta_cil, _meta_ciu]
          CI level: 95%

  Model and method
             Model: Random effects
            Method: REML

  Effect-size label: Mean Difference (mg IV MME)
        Effect size: md_mme
          Std. err.: se_mme
        Study label: study_unit

Meta-analysis summary                             Number of studies =      7
Random-effects model                              Heterogeneity:
Method: REML                                                  tau2 = 113.9105
SE adjustment: Knapp–Hartung                                I2 (%) =   98.57
                                                                H2 =   69.89

               Effect size: Mean Difference (mg IV MME)
----------------------------------------------------------------------------
                    Study |    Effect size    [95% conf. interval]  % weight
--------------------------+-------------------------------------------------
                Chen 1998 |        -21.000     -32.962      -9.038     11.69
                Chen 2020 |        -28.190     -31.681     -24.699     15.09
           El-Rakshy 2009 |         -1.600      -8.888       5.688     13.83
He 2026 (hepatectomy/JIS) |         -0.600      -1.733       0.533     15.47
       Seevaunnamtum 2016 |        -12.560     -21.162      -3.958     13.27
               Szmit 2021 |         -7.700     -10.623      -4.777     15.21
                Yang 2024 |         -0.300      -1.703       1.103     15.44
--------------------------+-------------------------------------------------
                    theta |         -9.907     -20.079       0.265
----------------------------------------------------------------------------
Test of theta = 0: t(6) = -2.38                          Prob > |t| = 0.0545
Test of homogeneity: Q = chi2(6) = 254.61                  Prob > Q = 0.0000

Sufentanil factor = 1.0 mg MME per ug | Strict primary k=7:
  MD = -9.907  95% KH CI [-20.079,  0.265]  p = 0.0545  I2 = 98.57%

. 
. * ------------------------------------------------------------------------------
. * PART 2: TARGET A BROADER WINDOW (INCL. XIE 2014) UNDER ALTERNATIVE FACTORS
. *   Chen 2020 and Xie 2014 are both sufentanil-converted in this set.
. * ------------------------------------------------------------------------------
. foreach factor in 0.1 0.25 0.5 1.0 {
  2.     use "06_FINAL_ANALYSIS_V26/01_DATA/target_A_48h.dta", clear
  3.     * Matches 02_targetA_48h.do's TA_INCL_XIE sample exactly: one Xie 2014
.     * contrast only (EAS vs Sham), not both duplicated comparison rows.
.     keep if include_strict == 1 | comparison_id == "XIE14_EAS_vs_SHAM_TOTALSUF"
  4. 
.     replace mean_i_mme = mean_i * `factor' if unit == "µg sufentanil"
  5.     replace sd_i_mme   = sd_i   * `factor' if unit == "µg sufentanil"
  6.     replace mean_c_mme = mean_c * `factor' if unit == "µg sufentanil"
  7.     replace sd_c_mme   = sd_c   * `factor' if unit == "µg sufentanil"
  8.     replace md_mme = mean_i_mme - mean_c_mme if unit == "µg sufentanil"
  9.     replace se_mme = sqrt((sd_i_mme^2/n_i) + (sd_c_mme^2/n_c)) if unit == "µg sufentanil"
 10. 
.     meta set md_mme se_mme, studylabel(study) eslabel("Mean Difference (mg IV MME)")
 11.     meta summarize, random(reml) se(kh)
 12. 
.     di as txt _n "Sufentanil factor = `factor' mg MME per ug | Target A broader (incl. Xie 2014), 
> k=4:"
 13.     di as txt "  MD = " %6.3f r(theta) "  95% KH CI [" %6.3f r(ci_lb) ", " %6.3f r(ci_ub) "]  p
>  = " %6.4f r(p) "  I2 = " %5.2f r(I2) "%"
 14. }
(1 observation deleted)
(2 real changes made)
(2 real changes made)
(2 real changes made)
(2 real changes made)
(2 real changes made)
(2 real changes made)

Meta-analysis setting information

 Study information
    No. of studies: 4
       Study label: study
        Study size: N/A

       Effect size
              Type: <generic>
             Label: Mean Difference (mg IV MME)
          Variable: md_mme

         Precision
         Std. err.: se_mme
                CI: [_meta_cil, _meta_ciu]
          CI level: 95%

  Model and method
             Model: Random effects
            Method: REML

  Effect-size label: Mean Difference (mg IV MME)
        Effect size: md_mme
          Std. err.: se_mme
        Study label: study

Meta-analysis summary                     Number of studies =      4
Random-effects model                      Heterogeneity:
Method: REML                                          tau2 =  0.0198
SE adjustment: Knapp–Hartung                        I2 (%) =   14.91
                                                        H2 =    1.18

       Effect size: Mean Difference (mg IV MME)
--------------------------------------------------------------------
            Study |    Effect size    [95% conf. interval]  % weight
------------------+-------------------------------------------------
        Chen 2020 |         -2.163      -2.552      -1.774     49.16
       Zhang 2023 |         -3.333      -5.060      -1.606      3.65
          An 2014 |         -6.000     -10.628      -1.372      0.52
         Xie 2014 |         -1.850      -2.254      -1.446     46.67
------------------+-------------------------------------------------
            theta |         -2.080      -2.827      -1.333
--------------------------------------------------------------------
Test of theta = 0: t(3) = -8.86                  Prob > |t| = 0.0030
Test of homogeneity: Q = chi2(3) = 6.18            Prob > Q = 0.1032

Sufentanil factor = 0.1 mg MME per ug | Target A broader (incl. Xie 2014), k=4:
  MD = -2.080  95% KH CI [-2.827, -1.333]  p = 0.0030  I2 = 14.91%
(1 observation deleted)
(2 real changes made)
(2 real changes made)
(2 real changes made)
(2 real changes made)
(2 real changes made)
(2 real changes made)

Meta-analysis setting information

 Study information
    No. of studies: 4
       Study label: study
        Study size: N/A

       Effect size
              Type: <generic>
             Label: Mean Difference (mg IV MME)
          Variable: md_mme

         Precision
         Std. err.: se_mme
                CI: [_meta_cil, _meta_ciu]
          CI level: 95%

  Model and method
             Model: Random effects
            Method: REML

  Effect-size label: Mean Difference (mg IV MME)
        Effect size: md_mme
          Std. err.: se_mme
        Study label: study

Meta-analysis summary                     Number of studies =      4
Random-effects model                      Heterogeneity:
Method: REML                                          tau2 =  0.3504
SE adjustment: Knapp–Hartung                        I2 (%) =   40.44
                                                        H2 =    1.68

       Effect size: Mean Difference (mg IV MME)
--------------------------------------------------------------------
            Study |    Effect size    [95% conf. interval]  % weight
------------------+-------------------------------------------------
        Chen 2020 |         -5.407      -6.379      -4.436     38.49
       Zhang 2023 |         -3.333      -5.060      -1.606     20.37
          An 2014 |         -6.000     -10.628      -1.372      3.87
         Xie 2014 |         -4.625      -5.635      -3.615     37.26
------------------+-------------------------------------------------
            theta |         -4.716      -6.187      -3.246
--------------------------------------------------------------------
Test of theta = 0: t(3) = -10.21                 Prob > |t| = 0.0020
Test of homogeneity: Q = chi2(3) = 4.64            Prob > Q = 0.1999

Sufentanil factor = 0.25 mg MME per ug | Target A broader (incl. Xie 2014), k=4:
  MD = -4.716  95% KH CI [-6.187, -3.246]  p = 0.0020  I2 = 40.44%
(1 observation deleted)
(2 real changes made)
(2 real changes made)
(2 real changes made)
(2 real changes made)
(2 real changes made)
(2 real changes made)

Meta-analysis setting information

 Study information
    No. of studies: 4
       Study label: study
        Study size: N/A

       Effect size
              Type: <generic>
             Label: Mean Difference (mg IV MME)
          Variable: md_mme

         Precision
         Std. err.: se_mme
                CI: [_meta_cil, _meta_ciu]
          CI level: 95%

  Model and method
             Model: Random effects
            Method: REML

  Effect-size label: Mean Difference (mg IV MME)
        Effect size: md_mme
          Std. err.: se_mme
        Study label: study

Meta-analysis summary                     Number of studies =      4
Random-effects model                      Heterogeneity:
Method: REML                                          tau2 = 10.9342
SE adjustment: Knapp–Hartung                        I2 (%) =   89.63
                                                        H2 =    9.64

       Effect size: Mean Difference (mg IV MME)
--------------------------------------------------------------------
            Study |    Effect size    [95% conf. interval]  % weight
------------------+-------------------------------------------------
        Chen 2020 |        -10.815     -12.759      -8.871     26.79
       Zhang 2023 |         -3.333      -5.060      -1.606     27.26
          An 2014 |         -6.000     -10.628      -1.372     19.34
         Xie 2014 |         -9.250     -11.270      -7.230     26.61
------------------+-------------------------------------------------
            theta |         -7.428     -12.916      -1.940
--------------------------------------------------------------------
Test of theta = 0: t(3) = -4.31                  Prob > |t| = 0.0230
Test of homogeneity: Q = chi2(3) = 36.71           Prob > Q = 0.0000

Sufentanil factor = 0.5 mg MME per ug | Target A broader (incl. Xie 2014), k=4:
  MD = -7.428  95% KH CI [-12.916, -1.940]  p = 0.0230  I2 = 89.63%
(1 observation deleted)
(0 real changes made)
(0 real changes made)
(0 real changes made)
(0 real changes made)
(0 real changes made)
(0 real changes made)

Meta-analysis setting information

 Study information
    No. of studies: 4
       Study label: study
        Study size: N/A

       Effect size
              Type: <generic>
             Label: Mean Difference (mg IV MME)
          Variable: md_mme

         Precision
         Std. err.: se_mme
                CI: [_meta_cil, _meta_ciu]
          CI level: 95%

  Model and method
             Model: Random effects
            Method: REML

  Effect-size label: Mean Difference (mg IV MME)
        Effect size: md_mme
          Std. err.: se_mme
        Study label: study

Meta-analysis summary                     Number of studies =      4
Random-effects model                      Heterogeneity:
Method: REML                                          tau2 = 79.1542
SE adjustment: Knapp–Hartung                        I2 (%) =   96.46
                                                        H2 =   28.21

       Effect size: Mean Difference (mg IV MME)
--------------------------------------------------------------------
            Study |    Effect size    [95% conf. interval]  % weight
------------------+-------------------------------------------------
        Chen 2020 |        -21.630     -25.518     -17.742     24.90
       Zhang 2023 |         -3.333      -5.060      -1.606     25.88
          An 2014 |         -6.000     -10.628      -1.372     24.42
         Xie 2014 |        -18.500     -22.541     -14.459     24.80
------------------+-------------------------------------------------
            theta |        -12.302     -26.735       2.132
--------------------------------------------------------------------
Test of theta = 0: t(3) = -2.71                  Prob > |t| = 0.0730
Test of homogeneity: Q = chi2(3) = 101.83          Prob > Q = 0.0000

Sufentanil factor = 1.0 mg MME per ug | Target A broader (incl. Xie 2014), k=4:
  MD = -12.302  95% KH CI [-26.735,  2.132]  p = 0.0730  I2 = 96.46%

. 
. di as txt _n "=================================================================="

==================================================================

. di as txt "INTERPRETATION"
INTERPRETATION

. di as txt "=================================================================="
==================================================================

. di as txt "A higher sufentanil:morphine ratio makes the sufentanil trials' opioid-"
A higher sufentanil:morphine ratio makes the sufentanil trials' opioid-

. di as txt "sparing effect LARGER in mg IV MME terms, because the same raw microgram"
sparing effect LARGER in mg IV MME terms, because the same raw microgram

. di as txt "difference is scaled by a bigger factor. The correction from 0.1 to 1.0"
difference is scaled by a bigger factor. The correction from 0.1 to 1.0

. di as txt "therefore increases effect magnitude and widens confidence intervals; it"
therefore increases effect magnitude and widens confidence intervals; it

. di as txt "does not manufacture statistical significance. Under the corrected primary"
does not manufacture statistical significance. Under the corrected primary

. di as txt "factor the strict primary remains non-significant, and the Target A broader"
factor the strict primary remains non-significant, and the Target A broader

. di as txt "window moves from significant to non-significant. Conclusions are reported"
window moves from significant to non-significant. Conclusions are reported

. di as txt "at factor 1.0 with this full range disclosed as a sensitivity."
at factor 1.0 with this full range disclosed as a sensitivity.

. di as txt ""


. di as txt "Standardized (SMD / Hedges' g) analyses in this project are computed from"
Standardized (SMD / Hedges' g) analyses in this project are computed from

. di as txt "NATIVE units and are therefore invariant to every factor in this loop."
NATIVE units and are therefore invariant to every factor in this loop.

. 
. log close
      name:  <unnamed>
       log:  /Users/ryan/Documents/Perioperative_TEAS_EA_Review_2026/06_FINAL_ANALYSIS_V26/02_STATA/
> logs/11_sufentanil_conversion_sensitivity.log
  log type:  text
 closed on:   7 Sep 2026, 20:38:24
----------------------------------------------------------------------------------------------------
