-------------------------------------------------------------------------------
      name:  <unnamed>
       log:  /Users/ryan/Documents/Perioperative_TEAS_EA_Review_2026/dashboard/
> stata_meta_regression_execution.log
  log type:  text
 opened on:   6 Sep 2026, 09:27:47

. 
. * ---------------------------------------------------------------------------
> ---
. * 1. LOAD AUDITED CONSENSUS PRIMARY SYNTHESIS DATASET (k = 11 RCTs)
. * ---------------------------------------------------------------------------
> ---
. import delimited "dashboard/stata_consensus_synthesis_data.csv", clear varnam
> es(1)
(encoding automatically selected: UTF-8)
(32 vars, 11 obs)

. 
. describe

Contains data
 Observations:            11                  
    Variables:            32                  
-------------------------------------------------------------------------------
Variable      Storage   Display    Value
    name         type    format    label      Variable label
-------------------------------------------------------------------------------
study_id        long    %12.0g                
canonical_name  str25   %25s                  
author          str13   %13s                  
year            int     %8.0g                 
modality        str4    %9s                   
comparator      str7    %9s                   
comparator_type str24   %24s                  
stratum         str13   %13s                  
native_drug     str19   %19s                  
native_unit     str19   %19s                  
mme_factor      float   %9.0g                 
arm1_n          byte    %8.0g                 
arm1_mean_mme   float   %9.0g                 
arm1_sd_mme     float   %9.0g                 
arm2_n          byte    %8.0g                 
arm2_mean_mme   float   %9.0g                 
arm2_sd_mme     float   %9.0g                 
md_mme          float   %9.0g                 
se_mme          float   %9.0g                 
ci_low_mme      float   %9.0g                 
ci_upp_mme      float   %9.0g                 
arm1_mean_nat~e float   %9.0g                 
arm1_sd_native  float   %9.0g                 
arm2_mean_nat~e float   %9.0g                 
arm2_sd_native  float   %9.0g                 
md_native       float   %9.0g                 
se_native       float   %9.0g                 
hedges_g        float   %9.0g                 
hedges_se       float   %9.0g                 
rob2_overall    str13   %13s                  
is_high_rob     byte    %8.0g                 
opioid_status   str19   %19s                  
-------------------------------------------------------------------------------
Sorted by: 
     Note: Dataset has changed since last saved.

. count
  11

. 
. * ---------------------------------------------------------------------------
> ---
. * 2. DECLARE META-ANALYSIS SETTINGS
. * ---------------------------------------------------------------------------
> ---
. meta set md_mme se_mme, studylabel(canonical_name) studysize(arm1_n)

Meta-analysis setting information

 Study information
    No. of studies: 11
       Study label: canonical_name
        Study size: arm1_n

       Effect size
              Type: <generic>
             Label: Effect size
          Variable: md_mme

         Precision
         Std. err.: se_mme
                CI: [_meta_cil, _meta_ciu]
          CI level: 95%

  Model and method
             Model: Random effects
            Method: REML

. 
. * ---------------------------------------------------------------------------
> ---
. * 3. BASELINE RANDOM-EFFECTS META-ANALYSIS
. * ---------------------------------------------------------------------------
> ---
. di as txt _n "===============================================================
> ==="

==================================================================

. di as txt "BASELINE META-ANALYSIS: Primary 11-Trial Consensus Pool (Unmoderat
> ed)"
BASELINE META-ANALYSIS: Primary 11-Trial Consensus Pool (Unmoderated)

. di as txt "==================================================================
> "
==================================================================

. meta summarize, random(reml) se(kh) predinterval

  Effect-size label: Effect size
        Effect size: md_mme
          Std. err.: se_mme
        Study label: canonical_name

Meta-analysis summary                             Number of studies =     11
Random-effects model                              Heterogeneity:
Method: REML                                                  tau2 = 30.0069
SE adjustment: Knapp–Hartung                                I2 (%) =   99.73
                                                                H2 =  373.57

----------------------------------------------------------------------------
                    Study |    Effect size    [95% conf. interval]  % weight
--------------------------+-------------------------------------------------
                Chen 1998 |        -21.000     -32.962      -9.038      5.13
           El-Rakshy 2009 |         -1.600      -8.889       5.689      7.87
       Seevaunnamtum 2016 |        -12.560     -21.162      -3.958      7.00
                Chen 2020 |         -2.819      -3.168      -2.470     11.48
                Yang 2024 |         -0.300      -1.703       1.103     11.30
He 2026 (hepatectomy/JIS) |         -0.600      -1.733       0.533     11.36
                 Sim 2002 |         -8.920     -18.465       0.625      6.42
               Coura 2011 |        -22.400     -33.513     -11.287      5.55
 Chen 2015 (Hyperalgesia) |         -1.122      -1.373      -0.871     11.48
Chen 2015 (Thyroidectomy) |         -5.000      -7.419      -2.581     10.94
               Zhang 2025 |         -0.326      -0.522      -0.130     11.49
--------------------------+-------------------------------------------------
                    theta |         -5.035      -9.777      -0.293
----------------------------------------------------------------------------
95% prediction interval for theta: [-18.329, 8.259]

Test of theta = 0: t(10) = -2.37                         Prob > |t| = 0.0395
Test of homogeneity: Q = chi2(10) = 197.30                 Prob > Q = 0.0000

. 
. * ---------------------------------------------------------------------------
> ---
. * 4. UNIVARIABLE MODEL 1: BASELINE CONTROL-GROUP OPIOID CONSUMPTION (mg IV MM
> E)
. * ---------------------------------------------------------------------------
> ---
. di as txt _n "===============================================================
> ==="

==================================================================

. di as txt "UNIVARIABLE MODEL 1: Baseline Control Opioid Requirement (arm2_mea
> n_mme)"
UNIVARIABLE MODEL 1: Baseline Control Opioid Requirement (arm2_mean_mme)

. di as txt "Scientific Question: Does the magnitude of opioid sparing increase
>  in"
Scientific Question: Does the magnitude of opioid sparing increase in

. di as txt "surgical procedures characterized by higher baseline opioid consum
> ption?"
surgical procedures characterized by higher baseline opioid consumption?

. di as txt "==================================================================
> "
==================================================================

. meta regress arm2_mean_mme, random(reml) se(kh)

  Effect-size label: Effect size
        Effect size: md_mme
          Std. err.: se_mme

Random-effects meta-regression                      Number of obs  =        11
Method: REML                                        Residual heterogeneity:
SE adjustment: Knapp–Hartung                                    tau2 =   15.28
                                                              I2 (%) =   99.47
                                                                  H2 =  187.34
                                                       R-squared (%) =   49.08
                                                    Model F(1,9)   =      8.22
                                                    Prob > F       =    0.0186
------------------------------------------------------------------------------
    _meta_es | Coefficient  Std. err.      t    P>|t|     [95% conf. interval]
-------------+----------------------------------------------------------------
arm2_mean~me |  -.1696996   .0591891    -2.87   0.019    -.3035948   -.0358045
       _cons |  -.0810143   2.047999    -0.04   0.969    -4.713909     4.55188
------------------------------------------------------------------------------
Test of residual homogeneity: Q_res = chi2(9) = 180.18   Prob > Q_res = 0.0000

. estat bubbleplot, title("Meta-Regression: Baseline Surgical Opioid Requiremen
> t", size(medium)) ///
>     subtitle("Random-effects REML with Knapp–Hartung adjustment (k = 11, R² =
>  49.08%)", size(small)) ///
>     xtitle("Control Group 24-h Opioid Consumption (mg IV MME)", size(small)) 
> ///
>     ytitle("Mean Difference in 24-h Opioid Consumption (mg IV MME)", size(sma
> ll)) ///
>     note("Slope β = -0.170 (95% CI: -0.304, -0.036), t(9) = -2.87, p = 0.019"
> , size(vsmall))

. graph export "dashboard/stata_meta_reg_baseline_mme.png", width(1600) replace
file dashboard/stata_meta_reg_baseline_mme.png written in PNG format

. 
. * ---------------------------------------------------------------------------
> ---
. * 5. UNIVARIABLE MODEL 2: PUBLICATION YEAR (TEMPORAL MODERATOR)
. * ---------------------------------------------------------------------------
> ---
. di as txt _n "===============================================================
> ==="

==================================================================

. di as txt "UNIVARIABLE MODEL 2: Publication Year (year)"
UNIVARIABLE MODEL 2: Publication Year (year)

. di as txt "Scientific Question: Are opioid-sparing effect sizes changing over
>  time"
Scientific Question: Are opioid-sparing effect sizes changing over time

. di as txt "with the adoption of multimodal enhanced recovery pathways (ERAS)?
> "
with the adoption of multimodal enhanced recovery pathways (ERAS)?

. di as txt "==================================================================
> "
==================================================================

. meta regress year, random(reml) se(kh)

  Effect-size label: Effect size
        Effect size: md_mme
          Std. err.: se_mme

Random-effects meta-regression                      Number of obs  =        11
Method: REML                                        Residual heterogeneity:
SE adjustment: Knapp–Hartung                                    tau2 =   5.158
                                                              I2 (%) =   96.68
                                                                  H2 =   30.09
                                                       R-squared (%) =   82.81
                                                    Model F(1,9)   =      6.77
                                                    Prob > F       =    0.0287
------------------------------------------------------------------------------
    _meta_es | Coefficient  Std. err.      t    P>|t|     [95% conf. interval]
-------------+----------------------------------------------------------------
        year |   .4713063   .1811418     2.60   0.029     .0615352    .8810774
       _cons |  -954.5895   365.7543    -2.61   0.028    -1781.983   -127.1958
------------------------------------------------------------------------------
Test of residual homogeneity: Q_res = chi2(9) = 151.71   Prob > Q_res = 0.0000

. estat bubbleplot, title("Meta-Regression: Publication Year", size(medium)) //
> /
>     subtitle("Random-effects REML with Knapp–Hartung adjustment (k = 11, R² =
>  82.81%)", size(small)) ///
>     xtitle("Publication Year", size(small)) ///
>     ytitle("Mean Difference in 24-h Opioid Consumption (mg IV MME)", size(sma
> ll)) ///
>     note("Slope β = +0.471 (95% CI: +0.062, +0.881), t(9) = +2.60, p = 0.029"
> , size(vsmall))

. graph export "dashboard/stata_meta_reg_year.png", width(1600) replace
file dashboard/stata_meta_reg_year.png written in PNG format

. 
. * ---------------------------------------------------------------------------
> ---
. * 6. UNIVARIABLE MODEL 3: MODALITY (TEAS vs EA)
. * ---------------------------------------------------------------------------
> ---
. di as txt _n "===============================================================
> ==="

==================================================================

. di as txt "UNIVARIABLE MODEL 3: Acupoint Stimulation Modality (TEAS=0, EA=1)"
UNIVARIABLE MODEL 3: Acupoint Stimulation Modality (TEAS=0, EA=1)

. di as txt "==================================================================
> "
==================================================================

. gen is_ea = (modality == "EA")

. label define ea_lbl 0 "TEAS" 1 "EA"

. label values is_ea ea_lbl

. meta regress is_ea, random(reml) se(kh)

  Effect-size label: Effect size
        Effect size: md_mme
          Std. err.: se_mme

Random-effects meta-regression                      Number of obs  =        11
Method: REML                                        Residual heterogeneity:
SE adjustment: Knapp–Hartung                                    tau2 =   23.49
                                                              I2 (%) =   99.69
                                                                  H2 =  324.83
                                                       R-squared (%) =   21.71
                                                    Model F(1,9)   =      1.31
                                                    Prob > F       =    0.2813
------------------------------------------------------------------------------
    _meta_es | Coefficient  Std. err.      t    P>|t|     [95% conf. interval]
-------------+----------------------------------------------------------------
       is_ea |  -5.982884   5.219775    -1.15   0.281    -17.79083    5.825066
       _cons |  -3.636838   2.243472    -1.62   0.139    -8.711925    1.438248
------------------------------------------------------------------------------
Test of residual homogeneity: Q_res = chi2(9) = 189.82   Prob > Q_res = 0.0000

. 
. * ---------------------------------------------------------------------------
> ---
. * 7. CONSTRAINED 2-PREDICTOR MULTIVARIABLE MODEL: BASELINE OPIOID + MODALITY
. * ---------------------------------------------------------------------------
> ---
. di as txt _n "===============================================================
> ==="

==================================================================

. di as txt "MULTIVARIABLE MODEL (CONSTRAINED 2-PREDICTOR, df = 8):"
MULTIVARIABLE MODEL (CONSTRAINED 2-PREDICTOR, df = 8):

. di as txt "Baseline Control Opioid (arm2_mean_mme) + Modality (is_ea)"
Baseline Control Opioid (arm2_mean_mme) + Modality (is_ea)

. di as txt "Scientific Question: Is the difference between EA and TEAS driven 
> by"
Scientific Question: Is the difference between EA and TEAS driven by

. di as txt "modality or by confounding with baseline surgical opioid demand?"
modality or by confounding with baseline surgical opioid demand?

. di as txt "==================================================================
> "
==================================================================

. meta regress arm2_mean_mme is_ea, random(reml) se(kh)

  Effect-size label: Effect size
        Effect size: md_mme
          Std. err.: se_mme

Random-effects meta-regression                      Number of obs  =        11
Method: REML                                        Residual heterogeneity:
SE adjustment: Knapp–Hartung                                    tau2 =   18.37
                                                              I2 (%) =   99.60
                                                                  H2 =  251.01
                                                       R-squared (%) =   38.79
                                                    Model F(2,8)   =      4.01
                                                    Prob > F       =    0.0622
------------------------------------------------------------------------------
    _meta_es | Coefficient  Std. err.      t    P>|t|     [95% conf. interval]
-------------+----------------------------------------------------------------
arm2_mean~me |   -.187637   .0771644    -2.43   0.041    -.3655784   -.0096957
       is_ea |   1.489454   5.185697     0.29   0.781    -10.46878    13.44769
       _cons |   .0203956   2.220624     0.01   0.993    -5.100373    5.141164
------------------------------------------------------------------------------
Test of residual homogeneity: Q_res = chi2(8) = 177.07   Prob > Q_res = 0.0000

. 
. * ---------------------------------------------------------------------------
> ---
. * 8. SENSITIVITY 3-PREDICTOR MULTIVARIABLE MODEL: BASELINE + MODALITY + YEAR
. * ---------------------------------------------------------------------------
> ---
. di as txt _n "===============================================================
> ==="

==================================================================

. di as txt "SENSITIVITY MULTIVARIABLE MODEL (3-PREDICTOR, df = 7):"
SENSITIVITY MULTIVARIABLE MODEL (3-PREDICTOR, df = 7):

. di as txt "Baseline Opioid + Modality + Publication Year"
Baseline Opioid + Modality + Publication Year

. di as txt "==================================================================
> "
==================================================================

. meta regress arm2_mean_mme is_ea year, random(reml) se(kh)

  Effect-size label: Effect size
        Effect size: md_mme
          Std. err.: se_mme

Random-effects meta-regression                      Number of obs  =        11
Method: REML                                        Residual heterogeneity:
SE adjustment: Knapp–Hartung                                    tau2 =    7.12
                                                              I2 (%) =   97.28
                                                                  H2 =   36.82
                                                       R-squared (%) =   76.27
                                                    Model F(3,7)   =      6.44
                                                    Prob > F       =    0.0201
------------------------------------------------------------------------------
    _meta_es | Coefficient  Std. err.      t    P>|t|     [95% conf. interval]
-------------+----------------------------------------------------------------
arm2_mean~me |  -.1552399   .0554109    -2.80   0.026    -.2862657    -.024214
       is_ea |   6.944758   4.632165     1.50   0.177    -4.008571    17.89809
        year |   .5497082   .1805317     3.04   0.019     .1228186    .9765978
       _cons |  -1110.483   364.5984    -3.05   0.019    -1972.621    -248.345
------------------------------------------------------------------------------
Test of residual homogeneity: Q_res = chi2(7) = 110.09   Prob > Q_res = 0.0000

. 
. * ---------------------------------------------------------------------------
> ---
. * 9. TEAS STRATUM (k = 8): SUBSET UNIVARIABLE REGRESSION (BASELINE OPIOID)
. * ---------------------------------------------------------------------------
> ---
. di as txt _n "===============================================================
> ==="

==================================================================

. di as txt "TEAS STRATUM (k = 8): Baseline Control Opioid"
TEAS STRATUM (k = 8): Baseline Control Opioid

. di as txt "==================================================================
> "
==================================================================

. meta regress arm2_mean_mme if modality == "TEAS", random(reml) se(kh)

  Effect-size label: Effect size
        Effect size: md_mme
          Std. err.: se_mme

Random-effects meta-regression                      Number of obs  =         8
Method: REML                                        Residual heterogeneity:
SE adjustment: Knapp–Hartung                                    tau2 =   18.52
                                                              I2 (%) =   99.70
                                                                  H2 =  335.47
                                                       R-squared (%) =    0.00
                                                    Model F(1,6)   =      1.62
                                                    Prob > F       =    0.2507
------------------------------------------------------------------------------
    _meta_es | Coefficient  Std. err.      t    P>|t|     [95% conf. interval]
-------------+----------------------------------------------------------------
arm2_mean~me |  -.1461796   .1149778    -1.27   0.251    -.4275201    .1351609
       _cons |   -.742915   2.814536    -0.26   0.801    -7.629838    6.144008
------------------------------------------------------------------------------
Test of residual homogeneity: Q_res = chi2(6) = 170.52   Prob > Q_res = 0.0000

. estat bubbleplot, title("TEAS Stratum: Baseline Opioid Demand (k = 8)", size(
> medium)) ///
>     subtitle("Random-effects REML with Knapp–Hartung adjustment", size(small)
> ) ///
>     xtitle("Control Group 24-h Opioid Consumption (mg IV MME)", size(small)) 
> ///
>     ytitle("Mean Difference in 24-h Opioid Consumption (mg IV MME)", size(sma
> ll))

. graph export "dashboard/stata_teas_control_mme_bubble.png", width(1600) repla
> ce
file dashboard/stata_teas_control_mme_bubble.png written in PNG format

. 
. * ---------------------------------------------------------------------------
> ---
. * 10. EA STRATUM (k = 3): SUBSET UNIVARIABLE REGRESSION (BASELINE OPIOID)
. * ---------------------------------------------------------------------------
> ---
. di as txt _n "===============================================================
> ==="

==================================================================

. di as txt "EA STRATUM (k = 3): Baseline Control Opioid (Descriptive/Explorato
> ry)"
EA STRATUM (k = 3): Baseline Control Opioid (Descriptive/Exploratory)

. di as txt "==================================================================
> "
==================================================================

. meta regress arm2_mean_mme if modality == "EA", random(reml) se(kh)

  Effect-size label: Effect size
        Effect size: md_mme
          Std. err.: se_mme

Random-effects meta-regression                      Number of obs  =         3
Method: REML                                        Residual heterogeneity:
SE adjustment: Knapp–Hartung                                    tau2 =   2.687
                                                              I2 (%) =   12.39
                                                                  H2 =    1.14
                                                       R-squared (%) =   96.86
                                                    Model F(1,1)   =      7.44
                                                    Prob > F       =    0.2238
------------------------------------------------------------------------------
    _meta_es | Coefficient  Std. err.      t    P>|t|     [95% conf. interval]
-------------+----------------------------------------------------------------
arm2_mean~me |  -.2405694    .088226    -2.73   0.224    -1.361587    .8804482
       _cons |   4.823778   5.627088     0.86   0.549    -66.67515    76.32271
------------------------------------------------------------------------------
Test of residual homogeneity: Q_res = chi2(1) =  1.14    Prob > Q_res = 0.2853

. estat bubbleplot, title("EA Stratum: Baseline Opioid Demand (k = 3)", size(me
> dium)) ///
>     subtitle("Random-effects REML (Descriptive/Exploratory)", size(small)) //
> /
>     xtitle("Control Group 24-h Opioid Consumption (mg IV MME)", size(small)) 
> ///
>     ytitle("Mean Difference in 24-h Opioid Consumption (mg IV MME)", size(sma
> ll))

. graph export "dashboard/stata_ea_control_mme_bubble.png", width(1600) replace
file dashboard/stata_ea_control_mme_bubble.png written in PNG format

. 
. di as txt _n "===============================================================
> ==="

==================================================================

. di as txt "STATA META-REGRESSION EXECUTION COMPLETED SUCCESSFULLY"
STATA META-REGRESSION EXECUTION COMPLETED SUCCESSFULLY

. di as txt "==================================================================
> "
==================================================================

. 
. log close
      name:  <unnamed>
       log:  /Users/ryan/Documents/Perioperative_TEAS_EA_Review_2026/dashboard/
> stata_meta_regression_execution.log
  log type:  text
 closed on:   6 Sep 2026, 09:27:50
-------------------------------------------------------------------------------
