----------------------------------------------------------------------------------------------------
      name:  <unnamed>
       log:  /Users/ryan/Documents/Perioperative_TEAS_EA_Review_2026/dashboard/stata_strategy_synthe
> sis.log
  log type:  text
 opened on:   4 Sep 2026, 07:09:37

. 
. * ------------------------------------------------------------------------------
. * 1. LOAD AND PREPARE AUDITED DATASET
. * ------------------------------------------------------------------------------
. import delimited "dashboard/stata_consensus_synthesis_data.csv", clear varnames(1)
(encoding automatically selected: UTF-8)
(39 vars, 63 obs)

. 
. describe

Contains data
 Observations:            63                  
    Variables:            39                  
----------------------------------------------------------------------------------------------------
Variable      Storage   Display    Value
    name         type    format    label      Variable label
----------------------------------------------------------------------------------------------------
study_id        long    %12.0g                
study_key       str33   %33s                  
author          str8    %9s                   
year            int     %8.0g                 
modality        str4    %9s                   
comparator      str10   %10s                  
stratum         str18   %18s                  
arm1_n          int     %8.0g                 
arm1_mean       float   %9.0g                 
arm1_sd         float   %9.0g                 
arm2_n          int     %8.0g                 
arm2_mean       float   %9.0g                 
arm2_sd         float   %9.0g                 
md_mme          float   %9.0g                 
se_mme          float   %9.0g                 
ci_low          float   %9.0g                 
ci_upp          float   %9.0g                 
pain_rest_md    float   %9.0g                 
pain_rest_se    float   %9.0g                 
pain_mov_md     float   %9.0g                 
pain_mov_se     float   %9.0g                 
ponv_rr         float   %9.0g                 
ponv_arm1_ev    byte    %8.0g                 
ponv_arm1_tot   int     %8.0g                 
ponv_arm2_ev    byte    %8.0g                 
ponv_arm2_tot   int     %8.0g                 
timing_cat      str27   %27s                  
frequency_cat   str25   %25s                  
intensity_cat   str40   %40s                  
sessions_cat    str25   %25s                  
duration_min    int     %8.0g                 
duration_30min  float   %9.0g                 
rob2_overall    str13   %13s                  
inquiry_cat     str4    %9s                   
is_converted    byte    %8.0g                 
surgery_cat     str28   %28s                  
reaches_5mg     byte    %8.0g                 
reaches_8mg     byte    %8.0g                 
pct_reduction   float   %9.0g                 
----------------------------------------------------------------------------------------------------
Sorted by: 
     Note: Dataset has changed since last saved.

. count
  63

. 
. * ------------------------------------------------------------------------------
. * 2. DECLARE META-ANALYSIS DATA VIA INVERSE-VARIANCE CONTINUOUS OUTCOMES
. * ------------------------------------------------------------------------------
. * Primary Outcome: Continuous 24-h cumulative opioid consumption in IV MME
. meta set md_mme se_mme, studylabel(study_key)
(15 missing values generated)

Meta-analysis setting information

 Study information
    No. of studies: 48
       Study label: study_key
        Study size: N/A

       Effect size
              Type: <generic>
             Label: Effect size
          Variable: md_mme

         Precision
         Std. err.: se_mme
                CI: [_meta_cil, _meta_ciu]
          CI level: 95%

  Model and method
             Model: Random effects
            Method: REML

. 
. * ------------------------------------------------------------------------------
. * 3. STRATIFIED ANALYSES BY MODALITY (TEAS & EA WILL NOT BE COMBINED)
. * ------------------------------------------------------------------------------
. di as txt _n "=================================================================="

==================================================================

. di as txt "PRIMARY STRATUM 1: TEAS vs Sham-Controlled TEAS (REML + Hartung-Knapp)"
PRIMARY STRATUM 1: TEAS vs Sham-Controlled TEAS (REML + Hartung-Knapp)

. di as txt "=================================================================="
==================================================================

. meta summarize if modality == "TEAS" & comparator == "Sham", random(reml) se(kh) predinterval

  Effect-size label: Effect size
        Effect size: md_mme
          Std. err.: se_mme
        Study label: study_key

Meta-analysis summary                               Number of studies =     28
Random-effects model                                Heterogeneity:
Method: REML                                                    tau2 =  8.7849
SE adjustment: Knapp–Hartung                                  I2 (%) =   99.68
                                                                  H2 =  316.69

------------------------------------------------------------------------------
                      Study |    Effect size    [95% conf. interval]  % weight
----------------------------+-------------------------------------------------
           #969 - Chen 1998 |         -6.500      -8.893      -4.107      3.40
          #711 - Zhang 2014 |         -0.030      -0.040      -0.020      3.98
           #657 - Chen 2015 |         -6.400      -9.130      -3.670      3.26
            #671 - Yao 2015 |         11.700       5.801      17.599      1.96
         #3811 - Huang 2017 |         -6.680      -7.013      -6.347      3.97
            #632 - Sun 2017 |         -0.940      -1.179      -0.701      3.97
           #480 - Chen 2020 |          0.280      -2.574       3.134      3.21
             #483 - Yu 2020 |         -1.030      -1.810      -0.250      3.91
             #438 - Ao 2021 |         -5.200      -9.253      -1.147      2.68
             #437 - Li 2021 |         -1.900      -2.709      -1.091      3.90
          #431 - Xiong 2021 |          0.400      -8.302       9.102      1.23
             #317 - Lu 2022 |         -0.980      -1.821      -0.139      3.90
             #332 - Wu 2022 |         -0.480      -0.831      -0.129      3.97
           #338 - Xing 2022 |         -0.220      -0.459       0.019      3.97
            #260 - Guo 2023 |         -8.580     -10.648      -6.512      3.53
            #298 - Pan 2023 |         -1.000      -1.280      -0.720      3.97
             #244 - Tu 2023 |         -5.010      -9.418      -0.602      2.53
           #297 - Wang 2023 |         -0.980      -1.399      -0.561      3.96
          #308 - Zhang 2023 |         -0.340      -0.540      -0.140      3.98
             #69 - Liu 2025 |         -1.600      -2.180      -1.020      3.94
           #106 - Long 2025 |         -1.180      -1.699      -0.661      3.95
             #122 - Wu 2025 |         -2.300      -2.761      -1.839      3.95
           #71 - Zhang 2025 |         -8.470     -10.422      -6.518      3.58
           #72 - Zheng 2025 |         -0.500      -0.910      -0.090      3.96
#25 - He 2026 (Hepatectomy) |         -3.500      -5.293      -1.707      3.63
            #4 - Jiang 2026 |          0.600       0.039       1.161      3.94
             #35 - Luo 2026 |          0.830      -0.332       1.992      3.83
               #2 - Ma 2026 |         -0.880      -1.360      -0.400      3.95
----------------------------+-------------------------------------------------
                      theta |         -1.961      -3.280      -0.643
------------------------------------------------------------------------------
95% prediction interval for theta: [-8.195, 4.273]

Test of theta = 0: t(27) = -3.05                           Prob > |t| = 0.0050
Test of homogeneity: Q = chi2(27) = 2085.15                  Prob > Q = 0.0000

. 
. di as txt _n "=================================================================="

==================================================================

. di as txt "PRIMARY STRATUM 2: EA vs Sham-Controlled EA (REML + Hartung-Knapp)"
PRIMARY STRATUM 2: EA vs Sham-Controlled EA (REML + Hartung-Knapp)

. di as txt "=================================================================="
==================================================================

. meta summarize if modality == "EA" & comparator == "Sham", random(reml) se(kh) predinterval

  Effect-size label: Effect size
        Effect size: md_mme
          Std. err.: se_mme
        Study label: study_key

Meta-analysis summary                          Number of studies =     11
Random-effects model                           Heterogeneity:
Method: REML                                               tau2 =  1.7405
SE adjustment: Knapp–Hartung                             I2 (%) =   76.73
                                                             H2 =    4.30

-------------------------------------------------------------------------
                 Study |    Effect size    [95% conf. interval]  % weight
-----------------------+-------------------------------------------------
       #952 - Sim 2002 |         -1.480      -9.502       6.542      2.24
      #912 - Wong 2006 |         -8.000     -15.322      -0.678      2.64
       #828 - Yeh 2010 |         -5.700     -11.533       0.133      3.90
#823 - Yeh 2010 (ATHM) |         -5.400     -11.139       0.339      4.01
     #838 - Coura 2011 |         -0.800      -2.433       0.833     16.99
 #775 - Ng 2012 / 2013 |         -0.200      -0.929       0.529     22.02
  #729 - Ntritsou 2014 |        -17.800     -48.430      12.830      0.17
       #701 - Xie 2014 |         -5.000      -9.041      -0.959      6.90
       #326 - Jin 2022 |         -2.390      -2.664      -2.116     23.51
        #359 - Li 2022 |         -8.400     -57.585      40.785      0.07
        #75 - Liu 2025 |         -1.000      -2.539       0.539     17.55
-----------------------+-------------------------------------------------
                 theta |         -1.981      -3.423      -0.539
-------------------------------------------------------------------------
95% prediction interval for theta: [-5.305, 1.343]

Test of theta = 0: t(10) = -3.06                      Prob > |t| = 0.0120
Test of homogeneity: Q = chi2(10) = 43.07               Prob > Q = 0.0000

. 
. di as txt _n "=================================================================="

==================================================================

. di as txt "SUPPORTIVE STRATUM 1: TEAS vs Usual Care (No Stimulation / Open-Label)"
SUPPORTIVE STRATUM 1: TEAS vs Usual Care (No Stimulation / Open-Label)

. di as txt "=================================================================="
==================================================================

. meta summarize if modality == "TEAS" & comparator == "Usual Care", random(reml) se(kh)

  Effect-size label: Effect size
        Effect size: md_mme
          Std. err.: se_mme
        Study label: study_key

Meta-analysis summary                     Number of studies =      4
Random-effects model                      Heterogeneity:
Method: REML                                          tau2 =  0.0000
SE adjustment: Knapp–Hartung                        I2 (%) =    0.00
                                                        H2 =    1.00

--------------------------------------------------------------------
            Study |    Effect size    [95% conf. interval]  % weight
------------------+-------------------------------------------------
#1389 - Zhan 2020 |         -0.300      -1.631       1.031      2.63
#432 - Liang 2021 |         -0.300     -51.992      51.392      0.00
  #424 - Liu 2021 |         -0.140      -0.360       0.080     96.75
 #433 - Zhou 2021 |         -2.060      -4.808       0.688      0.62
------------------+-------------------------------------------------
            theta |         -0.156      -0.436       0.124
--------------------------------------------------------------------
Test of theta = 0: t(3) = -1.78                  Prob > |t| = 0.1739
Test of homogeneity: Q = chi2(3) = 1.91            Prob > Q = 0.5913

. 
. di as txt _n "=================================================================="

==================================================================

. di as txt "SUPPORTIVE STRATUM 2: EA vs Usual Care (No Stimulation / Open-Label)"
SUPPORTIVE STRATUM 2: EA vs Usual Care (No Stimulation / Open-Label)

. di as txt "=================================================================="
==================================================================

. meta summarize if modality == "EA" & comparator == "Usual Care", random(reml) se(kh)

  Effect-size label: Effect size
        Effect size: md_mme
          Std. err.: se_mme
        Study label: study_key

Meta-analysis summary                                     Number of studies =      5
Random-effects model                                      Heterogeneity:
Method: REML                                                          tau2 =  1.6472
SE adjustment: Knapp–Hartung                                        I2 (%) =   59.57
                                                                        H2 =    2.47

------------------------------------------------------------------------------------
                            Study |    Effect size    [95% conf. interval]  % weight
----------------------------------+-------------------------------------------------
            #837 - El-Rakshy 2009 |         -1.600      -5.100       1.900     13.84
                   #698 - An 2014 |         -1.330      -2.433      -0.227     34.09
#596 - PraveenaSeevaunnamtum 2016 |         -3.620     -12.222       4.982      3.20
                 #464 - Yang 2020 |         -3.300      -6.140      -0.460     17.87
                 #252 - Yang 2023 |          0.700      -0.703       2.103     31.00
----------------------------------+-------------------------------------------------
                            theta |         -1.163      -3.185       0.858
------------------------------------------------------------------------------------
Test of theta = 0: t(4) = -1.60                                  Prob > |t| = 0.1854
Test of homogeneity: Q = chi2(4) = 8.85                            Prob > Q = 0.0651

. 
. * ------------------------------------------------------------------------------
. * 4. PROTOCOL MODERATOR META-REGRESSION (SEPARATE FOR TEAS AND EA)
. * ------------------------------------------------------------------------------
. di as txt _n "=================================================================="

==================================================================

. di as txt "META-REGRESSION (TEAS): Cumulative Stimulation Duration (per 30-min increment)"
META-REGRESSION (TEAS): Cumulative Stimulation Duration (per 30-min increment)

. di as txt "=================================================================="
==================================================================

. meta regress duration_30min if modality == "TEAS" & comparator == "Sham", random(reml) se(kh)

  Effect-size label: Effect size
        Effect size: md_mme
          Std. err.: se_mme

Random-effects meta-regression                      Number of obs  =        28
Method: REML                                        Residual heterogeneity:
SE adjustment: Knapp–Hartung                                    tau2 =   8.777
                                                              I2 (%) =   99.66
                                                                  H2 =  296.84
                                                       R-squared (%) =    0.09
                                                    Model F(1,26)  =      0.65
                                                    Prob > F       =    0.4263
--------------------------------------------------------------------------------
      _meta_es | Coefficient  Std. err.      t    P>|t|     [95% conf. interval]
---------------+----------------------------------------------------------------
duration_30min |  -.3885351   .4806814    -0.81   0.426     -1.37659    .5995196
         _cons |  -1.413402   .9367767    -1.51   0.143    -3.338975    .5121698
--------------------------------------------------------------------------------
Test of residual homogeneity: Q_res = chi2(26) = 523.67  Prob > Q_res = 0.0000

. 
. di as txt _n "=================================================================="

==================================================================

. di as txt "META-REGRESSION (TEAS): Timing Category"
META-REGRESSION (TEAS): Timing Category

. di as txt "=================================================================="
==================================================================

. encode timing_cat, gen(timing_num)

. meta regress i.timing_num if modality == "TEAS" & comparator == "Sham", random(reml) se(kh)

  Effect-size label: Effect size
        Effect size: md_mme
          Std. err.: se_mme

Random-effects meta-regression                      Number of obs  =        28
Method: REML                                        Residual heterogeneity:
SE adjustment: Knapp–Hartung                                    tau2 =   8.969
                                                              I2 (%) =   99.42
                                                                  H2 =  172.12
                                                       R-squared (%) =    0.00
                                                    Model F(2,25)  =      1.18
                                                    Prob > F       =    0.3243
-------------------------------------------------------------------------------------
           _meta_es | Coefficient  Std. err.      t    P>|t|     [95% conf. interval]
--------------------+----------------------------------------------------------------
         timing_num |
Postoperative only  |  -2.052879   2.018953    -1.02   0.319     -6.21099    2.105233
 Preoperative only  |  -1.965912   1.372599    -1.43   0.164    -4.792833    .8610081
                    |
              _cons |  -.8165358   .9823172    -0.83   0.414    -2.839656    1.206584
-------------------------------------------------------------------------------------
Test of residual homogeneity: Q_res = chi2(25) = 1883.11 Prob > Q_res = 0.0000

. 
. di as txt _n "=================================================================="

==================================================================

. di as txt "META-REGRESSION (TEAS): Frequency Category"
META-REGRESSION (TEAS): Frequency Category

. di as txt "=================================================================="
==================================================================

. encode frequency_cat, gen(freq_num)

. meta regress i.freq_num if modality == "TEAS" & comparator == "Sham", random(reml) se(kh)
note: 1.freq_num identifies no observations in the sample.
note: 2.freq_num identifies no observations in the sample.
note: 4.freq_num omitted because of collinearity.

  Effect-size label: Effect size
        Effect size: md_mme
          Std. err.: se_mme

Random-effects meta-regression                      Number of obs  =        28
Method: REML                                        Residual heterogeneity:
SE adjustment: Knapp–Hartung                                    tau2 =   8.837
                                                              I2 (%) =   99.70
                                                                  H2 =  328.87
                                                       R-squared (%) =    0.00
                                                    Model F(1,26)  =      0.74
                                                    Prob > F       =    0.3966
--------------------------------------------------------------------------------------------
                  _meta_es | Coefficient  Std. err.      t    P>|t|     [95% conf. interval]
---------------------------+----------------------------------------------------------------
                  freq_num |
  100 Hz (High Frequency)  |          0  (empty)
    2/10 Hz (Alternating)  |          0  (empty)
2/100 Hz (Dense-Disperse)  |  -2.902196   3.367244    -0.86   0.397    -9.823666    4.019273
  2–10 Hz (Low Frequency)  |          0  (omitted)
                           |
                     _cons |        .83   3.302202     0.25   0.804    -5.957772    7.617772
--------------------------------------------------------------------------------------------
Test of residual homogeneity: Q_res = chi2(26) = 2082.98 Prob > Q_res = 0.0000

. 
. di as txt _n "=================================================================="

==================================================================

. di as txt "META-REGRESSION (TEAS): Number of Treatment Sessions (Single vs Repeated)"
META-REGRESSION (TEAS): Number of Treatment Sessions (Single vs Repeated)

. di as txt "=================================================================="
==================================================================

. encode sessions_cat, gen(sess_num)

. meta regress i.sess_num if modality == "TEAS" & comparator == "Sham", random(reml) se(kh)

  Effect-size label: Effect size
        Effect size: md_mme
          Std. err.: se_mme

Random-effects meta-regression                      Number of obs  =        28
Method: REML                                        Residual heterogeneity:
SE adjustment: Knapp–Hartung                                    tau2 =   9.253
                                                              I2 (%) =   99.71
                                                                  H2 =  342.49
                                                       R-squared (%) =    0.00
                                                    Model F(1,26)  =      0.09
                                                    Prob > F       =    0.7663
---------------------------------------------------------------------------------
       _meta_es | Coefficient  Std. err.      t    P>|t|     [95% conf. interval]
----------------+----------------------------------------------------------------
       sess_num |
Single session  |  -1.019895   3.395968    -0.30   0.766    -8.000408    5.960617
          _cons |       -.98   3.329294    -0.29   0.771    -7.823461    5.863461
---------------------------------------------------------------------------------
Test of residual homogeneity: Q_res = chi2(26) = 2080.39 Prob > Q_res = 0.0000

. 
. di as txt _n "=================================================================="

==================================================================

. di as txt "META-REGRESSION (EA): Cumulative Stimulation Duration (per 30-min increment)"
META-REGRESSION (EA): Cumulative Stimulation Duration (per 30-min increment)

. di as txt "=================================================================="
==================================================================

. meta regress duration_30min if modality == "EA" & comparator == "Sham", random(reml) se(kh)

  Effect-size label: Effect size
        Effect size: md_mme
          Std. err.: se_mme

Random-effects meta-regression                      Number of obs  =        11
Method: REML                                        Residual heterogeneity:
SE adjustment: Knapp–Hartung                                    tau2 =   .9374
                                                              I2 (%) =   65.71
                                                                  H2 =    2.92
                                                       R-squared (%) =   46.14
                                                    Model F(1,9)   =      3.26
                                                    Prob > F       =    0.1042
--------------------------------------------------------------------------------
      _meta_es | Coefficient  Std. err.      t    P>|t|     [95% conf. interval]
---------------+----------------------------------------------------------------
duration_30min |   -.561896    .310972    -1.81   0.104    -1.265363    .1415715
         _cons |  -.9753155   .6773862    -1.44   0.184     -2.50767    .5570386
--------------------------------------------------------------------------------
Test of residual homogeneity: Q_res = chi2(9) = 36.02    Prob > Q_res = 0.0000

. 
. * ------------------------------------------------------------------------------
. * 5. SENSITIVITY ANALYSES & ESTIMATOR COMPARISONS
. * ------------------------------------------------------------------------------
. di as txt _n "=================================================================="

==================================================================

. di as txt "SENSITIVITY ANALYSIS 1: Alternative Variance Estimator (DerSimonian-Laird)"
SENSITIVITY ANALYSIS 1: Alternative Variance Estimator (DerSimonian-Laird)

. di as txt "=================================================================="
==================================================================

. meta summarize if modality == "TEAS" & comparator == "Sham", random(dl)

  Effect-size label: Effect size
        Effect size: md_mme
          Std. err.: se_mme
        Study label: study_key

Meta-analysis summary                               Number of studies =     28
Random-effects model                                Heterogeneity:
Method: DerSimonian–Laird                                       tau2 =  2.1212
                                                              I2 (%) =   98.71
                                                                  H2 =   77.23

------------------------------------------------------------------------------
                      Study |    Effect size    [95% conf. interval]  % weight
----------------------------+-------------------------------------------------
           #969 - Chen 1998 |         -6.500      -8.893      -4.107      2.68
          #711 - Zhang 2014 |         -0.030      -0.040      -0.020      4.56
           #657 - Chen 2015 |         -6.400      -9.130      -3.670      2.38
            #671 - Yao 2015 |         11.700       5.801      17.599      0.86
         #3811 - Huang 2017 |         -6.680      -7.013      -6.347      4.49
            #632 - Sun 2017 |         -0.940      -1.179      -0.701      4.52
           #480 - Chen 2020 |          0.280      -2.574       3.134      2.28
             #483 - Yu 2020 |         -1.030      -1.810      -0.250      4.24
             #438 - Ao 2021 |         -5.200      -9.253      -1.147      1.51
             #437 - Li 2021 |         -1.900      -2.709      -1.091      4.22
          #431 - Xiong 2021 |          0.400      -8.302       9.102      0.44
             #317 - Lu 2022 |         -0.980      -1.821      -0.139      4.19
             #332 - Wu 2022 |         -0.480      -0.831      -0.129      4.49
           #338 - Xing 2022 |         -0.220      -0.459       0.019      4.52
            #260 - Guo 2023 |         -8.580     -10.648      -6.512      2.99
            #298 - Pan 2023 |         -1.000      -1.280      -0.720      4.51
             #244 - Tu 2023 |         -5.010      -9.418      -0.602      1.35
           #297 - Wang 2023 |         -0.980      -1.399      -0.561      4.46
          #308 - Zhang 2023 |         -0.340      -0.540      -0.140      4.53
             #69 - Liu 2025 |         -1.600      -2.180      -1.020      4.37
           #106 - Long 2025 |         -1.180      -1.699      -0.661      4.41
             #122 - Wu 2025 |         -2.300      -2.761      -1.839      4.44
           #71 - Zhang 2025 |         -8.470     -10.422      -6.518      3.10
           #72 - Zheng 2025 |         -0.500      -0.910      -0.090      4.46
#25 - He 2026 (Hepatectomy) |         -3.500      -5.293      -1.707      3.27
            #4 - Jiang 2026 |          0.600       0.039       1.161      4.39
             #35 - Luo 2026 |          0.830      -0.332       1.992      3.91
               #2 - Ma 2026 |         -0.880      -1.360      -0.400      4.43
----------------------------+-------------------------------------------------
                      theta |         -1.868      -2.477      -1.259
------------------------------------------------------------------------------
Test of theta = 0: z = -6.01                               Prob > |z| = 0.0000
Test of homogeneity: Q = chi2(27) = 2085.15                  Prob > Q = 0.0000

. 
. di as txt _n "=================================================================="

==================================================================

. di as txt "SENSITIVITY ANALYSIS 2: Alternative Variance Estimator (Paule-Mandel)"
SENSITIVITY ANALYSIS 2: Alternative Variance Estimator (Paule-Mandel)

. di as txt "=================================================================="
==================================================================

. meta summarize if modality == "TEAS" & comparator == "Sham", random(pm)

  Effect-size label: Effect size
        Effect size: md_mme
          Std. err.: se_mme
        Study label: study_key

Meta-analysis summary                               Number of studies =     28
Random-effects model                                Heterogeneity:
Method: Paule–Mandel                                            tau2 = 10.9009
                                                              I2 (%) =   99.75
                                                                  H2 =  392.73

------------------------------------------------------------------------------
                      Study |    Effect size    [95% conf. interval]  % weight
----------------------------+-------------------------------------------------
           #969 - Chen 1998 |         -6.500      -8.893      -4.107      3.45
          #711 - Zhang 2014 |         -0.030      -0.040      -0.020      3.92
           #657 - Chen 2015 |         -6.400      -9.130      -3.670      3.33
            #671 - Yao 2015 |         11.700       5.801      17.599      2.14
         #3811 - Huang 2017 |         -6.680      -7.013      -6.347      3.91
            #632 - Sun 2017 |         -0.940      -1.179      -0.701      3.92
           #480 - Chen 2020 |          0.280      -2.574       3.134      3.28
             #483 - Yu 2020 |         -1.030      -1.810      -0.250      3.87
             #438 - Ao 2021 |         -5.200      -9.253      -1.147      2.82
             #437 - Li 2021 |         -1.900      -2.709      -1.091      3.86
          #431 - Xiong 2021 |          0.400      -8.302       9.102      1.40
             #317 - Lu 2022 |         -0.980      -1.821      -0.139      3.86
             #332 - Wu 2022 |         -0.480      -0.831      -0.129      3.91
           #338 - Xing 2022 |         -0.220      -0.459       0.019      3.92
            #260 - Guo 2023 |         -8.580     -10.648      -6.512      3.56
            #298 - Pan 2023 |         -1.000      -1.280      -0.720      3.92
             #244 - Tu 2023 |         -5.010      -9.418      -0.602      2.68
           #297 - Wang 2023 |         -0.980      -1.399      -0.561      3.91
          #308 - Zhang 2023 |         -0.340      -0.540      -0.140      3.92
             #69 - Liu 2025 |         -1.600      -2.180      -1.020      3.89
           #106 - Long 2025 |         -1.180      -1.699      -0.661      3.90
             #122 - Wu 2025 |         -2.300      -2.761      -1.839      3.90
           #71 - Zhang 2025 |         -8.470     -10.422      -6.518      3.60
           #72 - Zheng 2025 |         -0.500      -0.910      -0.090      3.91
#25 - He 2026 (Hepatectomy) |         -3.500      -5.293      -1.707      3.64
            #4 - Jiang 2026 |          0.600       0.039       1.161      3.89
             #35 - Luo 2026 |          0.830      -0.332       1.992      3.80
               #2 - Ma 2026 |         -0.880      -1.360      -0.400      3.90
----------------------------+-------------------------------------------------
                      theta |         -1.956      -3.237      -0.674
------------------------------------------------------------------------------
Test of theta = 0: z = -2.99                               Prob > |z| = 0.0028
Test of homogeneity: Q = chi2(27) = 2085.15                  Prob > Q = 0.0000

. 
. di as txt _n "=================================================================="

==================================================================

. di as txt "SENSITIVITY ANALYSIS 3: Exclude Converted/Imputed Data (Category A Only)"
SENSITIVITY ANALYSIS 3: Exclude Converted/Imputed Data (Category A Only)

. di as txt "=================================================================="
==================================================================

. meta summarize if modality == "TEAS" & comparator == "Sham" & is_converted == 0, random(reml) se(k
> h)

  Effect-size label: Effect size
        Effect size: md_mme
          Std. err.: se_mme
        Study label: study_key

Meta-analysis summary                               Number of studies =      7
Random-effects model                                Heterogeneity:
Method: REML                                                    tau2 =  8.4843
SE adjustment: Knapp–Hartung                                  I2 (%) =   97.24
                                                                  H2 =   36.22

------------------------------------------------------------------------------
                      Study |    Effect size    [95% conf. interval]  % weight
----------------------------+-------------------------------------------------
           #969 - Chen 1998 |         -6.500      -8.893      -4.107     14.01
           #480 - Chen 2020 |          0.280      -2.574       3.134     13.18
             #244 - Tu 2023 |         -5.010      -9.418      -0.602     10.32
           #297 - Wang 2023 |         -0.980      -1.399      -0.561     16.38
             #122 - Wu 2025 |         -2.300      -2.761      -1.839     16.37
           #71 - Zhang 2025 |         -8.470     -10.422      -6.518     14.75
#25 - He 2026 (Hepatectomy) |         -3.500      -5.293      -1.707     14.99
----------------------------+-------------------------------------------------
                      theta |         -3.702      -6.572      -0.831
------------------------------------------------------------------------------
Test of theta = 0: t(6) = -3.16                            Prob > |t| = 0.0197
Test of homogeneity: Q = chi2(6) = 86.23                     Prob > Q = 0.0000

. 
. di as txt _n "=================================================================="

==================================================================

. di as txt "SENSITIVITY ANALYSIS 4: Restrict to Low Risk of Bias (RoB 2)"
SENSITIVITY ANALYSIS 4: Restrict to Low Risk of Bias (RoB 2)

. di as txt "=================================================================="
==================================================================

. meta summarize if modality == "TEAS" & comparator == "Sham" & rob2_overall == "Low", random(reml) 
> se(kh)

  Effect-size label: Effect size
        Effect size: md_mme
          Std. err.: se_mme
        Study label: study_key

Meta-analysis summary                               Number of studies =     21
Random-effects model                                Heterogeneity:
Method: REML                                                    tau2 =  5.6700
SE adjustment: Knapp–Hartung                                  I2 (%) =   99.57
                                                                  H2 =  230.26

------------------------------------------------------------------------------
                      Study |    Effect size    [95% conf. interval]  % weight
----------------------------+-------------------------------------------------
          #711 - Zhang 2014 |         -0.030      -0.040      -0.020      5.34
           #657 - Chen 2015 |         -6.400      -9.130      -3.670      3.98
         #3811 - Huang 2017 |         -6.680      -7.013      -6.347      5.31
            #632 - Sun 2017 |         -0.940      -1.179      -0.701      5.33
           #480 - Chen 2020 |          0.280      -2.574       3.134      3.89
             #483 - Yu 2020 |         -1.030      -1.810      -0.250      5.19
             #437 - Li 2021 |         -1.900      -2.709      -1.091      5.18
          #431 - Xiong 2021 |          0.400      -8.302       9.102      1.19
             #317 - Lu 2022 |         -0.980      -1.821      -0.139      5.17
             #332 - Wu 2022 |         -0.480      -0.831      -0.129      5.31
           #338 - Xing 2022 |         -0.220      -0.459       0.019      5.33
             #244 - Tu 2023 |         -5.010      -9.418      -0.602      2.82
           #297 - Wang 2023 |         -0.980      -1.399      -0.561      5.30
          #308 - Zhang 2023 |         -0.340      -0.540      -0.140      5.33
             #69 - Liu 2025 |         -1.600      -2.180      -1.020      5.26
             #122 - Wu 2025 |         -2.300      -2.761      -1.839      5.29
           #71 - Zhang 2025 |         -8.470     -10.422      -6.518      4.54
           #72 - Zheng 2025 |         -0.500      -0.910      -0.090      5.30
#25 - He 2026 (Hepatectomy) |         -3.500      -5.293      -1.707      4.65
            #4 - Jiang 2026 |          0.600       0.039       1.161      5.26
             #35 - Luo 2026 |          0.830      -0.332       1.992      5.03
----------------------------+-------------------------------------------------
                      theta |         -1.803      -2.963      -0.644
------------------------------------------------------------------------------
Test of theta = 0: t(20) = -3.24                           Prob > |t| = 0.0041
Test of homogeneity: Q = chi2(20) = 1895.34                  Prob > Q = 0.0000

. 
. di as txt _n "=================================================================="

==================================================================

. di as txt "SENSITIVITY ANALYSIS 5: Leave-One-Out Sensitivity Analysis (TEAS vs Sham)"
SENSITIVITY ANALYSIS 5: Leave-One-Out Sensitivity Analysis (TEAS vs Sham)

. di as txt "=================================================================="
==================================================================

. meta summarize if modality == "TEAS" & comparator == "Sham", random(reml) leaveoneout

  Effect-size label: Effect size
        Effect size: md_mme
          Std. err.: se_mme
        Study label: study_key

Leave-one-out meta-analysis summary             Number of studies =     28
Random-effects model
Method: REML 

--------------------------------------------------------------------------
              Omitted study | Effect size    [95% conf. interval]  p-value
----------------------------+---------------------------------------------
           #969 - Chen 1998 |      -1.803      -2.951      -0.655    0.002
          #711 - Zhang 2014 |      -2.040      -3.242      -0.839    0.001
           #657 - Chen 2015 |      -1.813      -2.967      -0.659    0.002
            #671 - Yao 2015 |      -2.205      -3.244      -1.166    0.000
         #3811 - Huang 2017 |      -1.766      -2.890      -0.643    0.002
            #632 - Sun 2017 |      -2.002      -3.214      -0.791    0.001
           #480 - Chen 2020 |      -2.035      -3.227      -0.843    0.001
             #483 - Yu 2020 |      -1.998      -3.209      -0.786    0.001
             #438 - Ao 2021 |      -1.872      -3.051      -0.692    0.002
             #437 - Li 2021 |      -1.963      -3.177      -0.748    0.002
          #431 - Xiong 2021 |      -1.991      -3.165      -0.816    0.001
             #317 - Lu 2022 |      -2.000      -3.211      -0.789    0.001
             #332 - Wu 2022 |      -2.021      -3.228      -0.814    0.001
           #338 - Xing 2022 |      -2.032      -3.236      -0.829    0.001
            #260 - Guo 2023 |      -1.723      -2.789      -0.658    0.002
            #298 - Pan 2023 |      -2.000      -3.212      -0.788    0.001
             #244 - Tu 2023 |      -1.882      -3.063      -0.701    0.002
           #297 - Wang 2023 |      -2.000      -3.212      -0.789    0.001
          #308 - Zhang 2023 |      -2.027      -3.233      -0.822    0.001
             #69 - Liu 2025 |      -1.975      -3.190      -0.760    0.001
           #106 - Long 2025 |      -1.992      -3.205      -0.779    0.001
             #122 - Wu 2025 |      -1.946      -3.161      -0.731    0.002
           #71 - Zhang 2025 |      -1.724      -2.790      -0.657    0.002
           #72 - Zheng 2025 |      -2.020      -3.228      -0.813    0.001
#25 - He 2026 (Hepatectomy) |      -1.902      -3.106      -0.699    0.002
            #4 - Jiang 2026 |      -2.066      -3.256      -0.876    0.001
             #35 - Luo 2026 |      -2.072      -3.257      -0.887    0.001
               #2 - Ma 2026 |      -2.005      -3.215      -0.794    0.001
----------------------------+---------------------------------------------
                      theta |      -1.961      -3.120      -0.802    0.001
--------------------------------------------------------------------------

. 
. di as txt _n "=================================================================="

==================================================================

. di as txt "CLINICAL THRESHOLDS: 5 mg MME, 8 mg MME, and 30% Relative Reduction"
CLINICAL THRESHOLDS: 5 mg MME, 8 mg MME, and 30% Relative Reduction

. di as txt "=================================================================="
==================================================================

. tabulate reaches_5mg if modality == "TEAS" & comparator == "Sham"

reaches_5mg |      Freq.     Percent        Cum.
------------+-----------------------------------
          0 |         28       77.78       77.78
          1 |          8       22.22      100.00
------------+-----------------------------------
      Total |         36      100.00

. tabulate reaches_8mg if modality == "TEAS" & comparator == "Sham"

reaches_8mg |      Freq.     Percent        Cum.
------------+-----------------------------------
          0 |         33       91.67       91.67
          1 |          3        8.33      100.00
------------+-----------------------------------
      Total |         36      100.00

. summarize pct_reduction if modality == "TEAS" & comparator == "Sham", detail

                        pct_reduction
-------------------------------------------------------------
      Percentiles      Smallest
 1%      -2766.7        -2766.7
 5%       -186.7         -186.7
10%          -78         -133.3       Obs                  36
25%            0            -78       Sum of wgt.          36

50%          4.6                      Mean          -65.05555
                        Largest       Std. dev.      466.8435
75%           14           92.9
90%         92.9           94.1       Variance       217942.8
95%         95.3           95.3       Skewness       -5.60558
99%         95.4           95.4       Kurtosis       32.96395

. 
. * ------------------------------------------------------------------------------
. * 6. SECONDARY OUTCOMES (PAIN AT REST, PAIN ON MOVEMENT, PONV RISK RATIO)
. * ------------------------------------------------------------------------------
. di as txt _n "=================================================================="

==================================================================

. di as txt "SECONDARY OUTCOME 1: 24-h VAS Pain at Rest (TEAS vs Sham)"
SECONDARY OUTCOME 1: 24-h VAS Pain at Rest (TEAS vs Sham)

. di as txt "=================================================================="
==================================================================

. meta set pain_rest_md pain_rest_se if !missing(pain_rest_md) & !missing(pain_rest_se), studylabel(
> study_key)
(31 missing values generated)

Meta-analysis setting information

 Study information
    No. of studies: 32
       Study label: study_key
        Study size: N/A

       Effect size
              Type: <generic>
             Label: Effect size
          Variable: pain_rest_md

         Precision
         Std. err.: pain_rest_se
                CI: [_meta_cil, _meta_ciu]
          CI level: 95%

  Model and method
             Model: Random effects
            Method: REML

. meta summarize if modality == "TEAS" & comparator == "Sham", random(reml) se(kh)

  Effect-size label: Effect size
        Effect size: pain_rest_md
          Std. err.: pain_rest_se
        Study label: study_key

Meta-analysis summary                     Number of studies =     17
Random-effects model                      Heterogeneity:
Method: REML                                          tau2 =  8.7080
SE adjustment: Knapp–Hartung                        I2 (%) =   99.28
                                                        H2 =  139.27

--------------------------------------------------------------------
            Study |    Effect size    [95% conf. interval]  % weight
------------------+-------------------------------------------------
  #812 - Lee 2011 |          0.060     -24.079      24.199      0.39
 #657 - Chen 2015 |         -6.400      -9.130      -3.670      5.80
 #480 - Chen 2020 |          0.860       0.235       1.485      7.01
   #483 - Yu 2020 |         -6.670     -11.260      -2.080      4.35
   #332 - Wu 2022 |          0.770       0.380       1.160      7.06
  #295 - Hou 2023 |         -0.500      -4.487       3.487      4.81
  #298 - Pan 2023 |         -3.300      -6.844       0.244      5.16
   #244 - Tu 2023 |         -2.470      -3.452      -1.488      6.90
 #297 - Wang 2023 |         -5.490      -5.827      -5.153      7.07
   #69 - Liu 2025 |         -8.500      -8.682      -8.318      7.09
 #106 - Long 2025 |         -4.150      -4.573      -3.727      7.06
   #122 - Wu 2025 |         -1.200      -7.393       4.993      3.31
 #71 - Zhang 2025 |          0.300      -0.229       0.829      7.04
 #72 - Zheng 2025 |          0.300      -1.043       1.643      6.73
   #48 - Liu 2026 |         -2.300      -4.646       0.046      6.09
   #35 - Luo 2026 |         -4.700      -4.920      -4.480      7.09
     #2 - Ma 2026 |         -5.880      -6.368      -5.392      7.05
------------------+-------------------------------------------------
            theta |         -3.081      -4.650      -1.512
--------------------------------------------------------------------
Test of theta = 0: t(16) = -4.16                 Prob > |t| = 0.0007
Test of homogeneity: Q = chi2(16) = 3095.72        Prob > Q = 0.0000

. 
. di as txt _n "=================================================================="

==================================================================

. di as txt "SECONDARY OUTCOME 2: 24-h VAS Pain at Rest (EA vs Sham)"
SECONDARY OUTCOME 2: 24-h VAS Pain at Rest (EA vs Sham)

. di as txt "=================================================================="
==================================================================

. meta summarize if modality == "EA" & comparator == "Sham", random(reml) se(kh)

  Effect-size label: Effect size
        Effect size: pain_rest_md
          Std. err.: pain_rest_se
        Study label: study_key

Meta-analysis summary                          Number of studies =     11
Random-effects model                           Heterogeneity:
Method: REML                                               tau2 =  3.7542
SE adjustment: Knapp–Hartung                             I2 (%) =   97.95
                                                             H2 =   48.77

-------------------------------------------------------------------------
                 Study |    Effect size    [95% conf. interval]  % weight
-----------------------+-------------------------------------------------
       #952 - Sim 2002 |         -4.300      -5.290      -3.310     10.92
      #912 - Wong 2006 |          0.500      -0.831       1.831     10.39
       #828 - Yeh 2010 |          0.200      -0.609       1.009     11.16
#823 - Yeh 2010 (ATHM) |         -4.700      -5.468      -3.932     11.21
     #838 - Coura 2011 |          0.200      -8.048       8.448      2.04
 #775 - Ng 2012 / 2013 |          0.100      -0.706       0.906     11.16
  #729 - Ntritsou 2014 |          0.390      -0.169       0.949     11.42
       #701 - Xie 2014 |         -1.800      -2.176      -1.424     11.55
        #359 - Li 2022 |          0.000      -5.711       5.711      3.58
     #245 - Huang 2023 |         -0.550      -5.009       3.909      4.90
         #41 - He 2026 |         -0.580      -0.609      -0.551     11.67
-----------------------+-------------------------------------------------
                 theta |         -1.165      -2.505       0.175
-------------------------------------------------------------------------
Test of theta = 0: t(10) = -1.94                      Prob > |t| = 0.0815
Test of homogeneity: Q = chi2(10) = 225.01              Prob > Q = 0.0000

. 
. di as txt _n "=================================================================="

==================================================================

. di as txt "SECONDARY OUTCOME 3: 24-h VAS Pain on Movement (TEAS vs Sham)"
SECONDARY OUTCOME 3: 24-h VAS Pain on Movement (TEAS vs Sham)

. di as txt "=================================================================="
==================================================================

. meta set pain_mov_md pain_mov_se if !missing(pain_mov_md) & !missing(pain_mov_se), studylabel(stud
> y_key)
(52 missing values generated)

Meta-analysis setting information

 Study information
    No. of studies: 11
       Study label: study_key
        Study size: N/A

       Effect size
              Type: <generic>
             Label: Effect size
          Variable: pain_mov_md

         Precision
         Std. err.: pain_mov_se
                CI: [_meta_cil, _meta_ciu]
          CI level: 95%

  Model and method
             Model: Random effects
            Method: REML

. meta summarize if modality == "TEAS" & comparator == "Sham", random(reml) se(kh)

  Effect-size label: Effect size
        Effect size: pain_mov_md
          Std. err.: pain_mov_se
        Study label: study_key

Meta-analysis summary                     Number of studies =      3
Random-effects model                      Heterogeneity:
Method: REML                                          tau2 =  0.0177
SE adjustment: Knapp–Hartung                        I2 (%) =    2.17
                                                        H2 =    1.02

--------------------------------------------------------------------
            Study |    Effect size    [95% conf. interval]  % weight
------------------+-------------------------------------------------
  #812 - Lee 2011 |         -0.240      -2.031       1.551      4.61
  #632 - Sun 2017 |         -3.700     -10.080       2.680      0.37
  #295 - Hou 2023 |         -1.300      -1.602      -0.998     95.02
------------------+-------------------------------------------------
            theta |         -1.260      -2.074      -0.446
--------------------------------------------------------------------
Test of theta = 0: t(2) = -6.66                  Prob > |t| = 0.0218
Test of homogeneity: Q = chi2(2) = 1.86            Prob > Q = 0.3938

. 
. di as txt _n "=================================================================="

==================================================================

. di as txt "SECONDARY OUTCOME 4: 24-h VAS Pain on Movement (EA vs Sham)"
SECONDARY OUTCOME 4: 24-h VAS Pain on Movement (EA vs Sham)

. di as txt "=================================================================="
==================================================================

. meta summarize if modality == "EA" & comparator == "Sham", random(reml) se(kh)

  Effect-size label: Effect size
        Effect size: pain_mov_md
          Std. err.: pain_mov_se
        Study label: study_key

Meta-analysis summary                          Number of studies =      5
Random-effects model                           Heterogeneity:
Method: REML                                               tau2 =  4.6807
SE adjustment: Knapp–Hartung                             I2 (%) =   98.37
                                                             H2 =   61.39

-------------------------------------------------------------------------
                 Study |    Effect size    [95% conf. interval]  % weight
-----------------------+-------------------------------------------------
       #828 - Yeh 2010 |          0.200      -0.609       1.009     21.97
#823 - Yeh 2010 (ATHM) |         -4.700      -5.468      -3.932     22.04
  #729 - Ntritsou 2014 |         -0.200      -0.723       0.323     22.42
     #245 - Huang 2023 |         -0.550      -5.009       3.909     10.81
         #41 - He 2026 |         -3.140      -3.220      -3.060     22.76
-----------------------+-------------------------------------------------
                 theta |         -1.811      -4.547       0.925
-------------------------------------------------------------------------
Test of theta = 0: t(4) = -1.84                       Prob > |t| = 0.1400
Test of homogeneity: Q = chi2(4) = 199.57               Prob > Q = 0.0000

. 
. di as txt _n "=================================================================="

==================================================================

. di as txt "SECONDARY OUTCOME 5: 24-h PONV (Risk Ratio, TEAS vs Sham)"
SECONDARY OUTCOME 5: 24-h PONV (Risk Ratio, TEAS vs Sham)

. di as txt "=================================================================="
==================================================================

. meta esize ponv_arm1_ev ponv_arm1_tot ponv_arm2_ev ponv_arm2_tot if !missing(ponv_arm1_ev) & !miss
> ing(ponv_arm2_ev), esize(lnrr) studylabel(study_key)
(39 missing values generated)

Meta-analysis setting information

 Study information
    No. of studies: 24
       Study label: study_key
        Study size: _meta_studysize
      Summary data: ponv_arm1_ev ponv_arm1_tot ponv_arm2_ev ponv_arm2_tot

       Effect size
              Type: lnrratio
             Label: Log risk-ratio
          Variable: _meta_es
   Zero-cells adj.: None; no zero cells

         Precision
         Std. err.: _meta_se
                CI: [_meta_cil, _meta_ciu]
          CI level: 95%

  Model and method
             Model: Random effects
            Method: REML

. meta summarize if modality == "TEAS" & comparator == "Sham", random(reml)

  Effect-size label: Log risk-ratio
        Effect size: _meta_es
          Std. err.: _meta_se
        Study label: study_key

Meta-analysis summary                               Number of studies =     19
Random-effects model                                Heterogeneity:
Method: REML                                                    tau2 =  0.0000
                                                              I2 (%) =    0.00
                                                                  H2 =    1.00

------------------------------------------------------------------------------
                      Study | Log risk-ratio    [95% conf. interval]  % weight
----------------------------+-------------------------------------------------
         #3811 - Huang 2017 |          1.695      -0.322       3.711      1.93
           #480 - Chen 2020 |          1.516      -0.589       3.621      1.77
             #483 - Yu 2020 |          0.000      -0.943       0.943      8.80
             #438 - Ao 2021 |          0.665      -0.967       2.297      2.94
             #414 - Lu 2021 |         -0.465      -1.565       0.635      6.48
          #431 - Xiong 2021 |         -0.634      -2.264       0.995      2.95
             #332 - Wu 2022 |          0.526      -0.605       1.657      6.12
            #260 - Guo 2023 |         -0.865      -2.464       0.734      3.06
            #295 - Hou 2023 |         -0.598      -1.719       0.523      6.23
           #297 - Wang 2023 |         -0.283      -1.237       0.671      8.61
             #69 - Liu 2025 |          0.063      -1.279       1.404      4.35
           #106 - Long 2025 |         -1.885      -3.903       0.133      1.92
           #71 - Zhang 2025 |         -0.145      -1.401       1.111      4.96
           #72 - Zheng 2025 |         -0.079      -0.948       0.791     10.35
#25 - He 2026 (Hepatectomy) |          2.091       0.047       4.134      1.87
            #4 - Jiang 2026 |         -0.553      -1.771       0.665      5.28
             #48 - Liu 2026 |         -0.114      -1.050       0.823      8.93
             #35 - Luo 2026 |          0.288      -1.191       1.766      3.58
               #2 - Ma 2026 |         -0.245      -1.136       0.646      9.87
----------------------------+-------------------------------------------------
                      theta |         -0.089      -0.368       0.191
------------------------------------------------------------------------------
Test of theta = 0: z = -0.62                               Prob > |z| = 0.5349
Test of homogeneity: Q = chi2(18) = 18.36                    Prob > Q = 0.4321

. 
. di as txt _n "=================================================================="

==================================================================

. di as txt "SECONDARY OUTCOME 6: 24-h PONV (Risk Ratio, EA vs Sham)"
SECONDARY OUTCOME 6: 24-h PONV (Risk Ratio, EA vs Sham)

. di as txt "=================================================================="
==================================================================

. meta summarize if modality == "EA" & comparator == "Sham", random(reml)

  Effect-size label: Log risk-ratio
        Effect size: _meta_es
          Std. err.: _meta_se
        Study label: study_key

Meta-analysis summary                     Number of studies =      3
Random-effects model                      Heterogeneity:
Method: REML                                          tau2 =  0.1411
                                                    I2 (%) =   17.73
                                                        H2 =    1.22

--------------------------------------------------------------------
            Study | Log risk-ratio    [95% conf. interval]  % weight
------------------+-------------------------------------------------
  #951 - Lin 2002 |          1.616      -0.436       3.668     20.93
  #952 - Sim 2002 |         -0.258      -1.676       1.160     38.95
    #41 - He 2026 |         -0.482      -1.874       0.910     40.12
------------------+-------------------------------------------------
            theta |          0.044      -0.953       1.042
--------------------------------------------------------------------
Test of theta = 0: z = 0.09                      Prob > |z| = 0.9303
Test of homogeneity: Q = chi2(2) = 2.97            Prob > Q = 0.2265

. 
. log close
      name:  <unnamed>
       log:  /Users/ryan/Documents/Perioperative_TEAS_EA_Review_2026/dashboard/stata_strategy_synthe
> sis.log
  log type:  text
 closed on:   4 Sep 2026, 07:09:38
----------------------------------------------------------------------------------------------------
