----------------------------------------------------------------------------------------------------
      name:  <unnamed>
       log:  /Users/ryan/Documents/Perioperative_TEAS_EA_Review_2026/07_TIERED_V33/02_STATA/logs/14_
> tiered_tierE_smd_v33.log
  log type:  text
 opened on:   9 Sep 2026, 17:20:58

. 
. di as txt "=================================================================="
==================================================================

. di as txt "14: TIER E SCALE-FREE SMD -- 0-24 h CUMULATIVE OPIOID (Hedges' g)"
14: TIER E SCALE-FREE SMD -- 0-24 h CUMULATIVE OPIOID (Hedges' g)

. di as txt "Model: Random-effects REML + Hartung-Knapp (se(kh)) where k>=2"
Model: Random-effects REML + Hartung-Knapp (se(kh)) where k>=2

. di as txt "Status: SECONDARY / EXPLORATORY -- not pooled with the absolute-MME primary"
Status: SECONDARY / EXPLORATORY -- not pooled with the absolute-MME primary

. di as txt "=================================================================="
==================================================================

. 
. di as txt _n "Stata version / flavor used for these results:"

Stata version / flavor used for these results:

. di as txt "  c(stata_version) = " c(stata_version)
  c(stata_version) = 19.5

. di as txt "  c(version)       = " c(version)
  c(version)       = 19.5

. di as txt "  c(edition)       = " c(edition)
  c(edition)       = BE

. di as txt "  c(flavor)        = " c(flavor)
  c(flavor)        = IC

. 
. import delimited "07_TIERED_V33/01_DATA/tiered_tierE_smd_v33.csv", clear varnames(1) case(preserve
> )
(encoding automatically selected: ISO-8859-1)
(20 vars, 5 obs)

. describe

Contains data
 Observations:             5                  
    Variables:            20                  
----------------------------------------------------------------------------------------------------
Variable      Storage   Display    Value
    name         type    format    label      Variable label
----------------------------------------------------------------------------------------------------
study           str37   %37s                  
year            int     %8.0g                 
comparison_id   str32   %32s                  
modality        str4    %9s                   
comparator      str33   %33s                  
stratum         str10   %10s                  
n_i             int     %8.0g                 
n_c             byte    %8.0g                 
mean_i_src      float   %9.0g                 
sd_i_src        float   %9.0g                 
mean_c_src      float   %9.0g                 
sd_c_src        float   %9.0g                 
unit_src        str71   %71s                  
combine_note    strL    %9s                   
hedges_g        float   %9.0g                 
hedges_se       float   %9.0g                 
sensitivity_o~y byte    %8.0g                 
multiarm_note   strL    %9s                   
caveat          strL    %9s                   
source_locator  str107  %107s                 
----------------------------------------------------------------------------------------------------
Sorted by: 
     Note: Dataset has changed since last saved.

. list study stratum n_i n_c hedges_g hedges_se sensitivity_only, clean noobs

                                    study      stratum   n_i   n_c    hedges_g   hedges~e   sensit~y
>   
                               Coura 2011      ea_sham    13     9   -1.553284    .492816          0
>   
    Sim 2002 (preop + postop EA combined)      ea_sham    60    30     -.44439    .226047          0
>   
       Jin 2023 (2Hz + 20/100Hz combined)    teas_sham   106    52    -.911644    .176903          0
>   
                               Oztas 2019   teas_usual    15    16   -1.167994    .388806          0
>   
                 Chen 2015 (Hyperalgesia)    teas_sham    29    30   -2.664317    .357734          1
>   

. 
. * ------------------------------------------------------------------------------
. * 0. INTEGRITY GATES
. * ------------------------------------------------------------------------------
. di as txt _n "------------------------------------------------------------------"

------------------------------------------------------------------

. di as txt "0. INTEGRITY GATES"
0. INTEGRITY GATES

. di as txt "------------------------------------------------------------------"
------------------------------------------------------------------

. 
. * (a) No row may be a raw, uncombined half of a correlated multi-arm pair.
. *     (build_tier_e_smd_dataset.py already combined Sim 2002 and Jin 2023;
. *     this gate fails if a future edit ever feeds this file a raw arm.)
. count if strpos(study, "SIM02_PREOP") > 0 | strpos(study, "SIM02_POSTOP") > 0 ///
>       | strpos(study, "2HZ") > 0 | strpos(study, "20100") > 0
  0

. if r(N) > 0 {
.     di as error "GATE FAIL: an uncombined multi-arm half-contrast is present."
.     exit 459
. }

. 
. * (b) Every row must carry a complete Hedges' g and SE.
. count if missing(hedges_g, hedges_se)
  0

. if r(N) > 0 {
.     di as error "GATE FAIL: a row has a missing Hedges' g or SE."
.     exit 459
. }

. 
. * (c) Reproduce each Hedges' g and SE from the arm-level means/SDs/n's, so
. *     nothing pooled below depends on a value this log cannot itself verify.
. gen double s_pooled = sqrt(((n_i-1)*sd_i_src^2 + (n_c-1)*sd_c_src^2) / (n_i+n_c-2))

. gen double d_check  = (mean_i_src - mean_c_src) / s_pooled

. gen double j_check  = 1 - (3 / (4*(n_i+n_c) - 9))

. gen double g_check  = d_check * j_check

. gen double se_check = sqrt((n_i+n_c)/(n_i*n_c) + g_check^2/(2*(n_i+n_c)))

. count if abs(g_check - hedges_g) > 1e-4 | abs(se_check - hedges_se) > 1e-4
  0

. if r(N) > 0 {
.     di as error "GATE FAIL: Hedges' g/SE do not reproduce from arm-level means, SDs and n."
.     list study hedges_g g_check hedges_se se_check, clean noobs
.     exit 459
. }

. di as txt "All integrity gates passed."
All integrity gates passed.

. 
. * ==============================================================================
. * EA vs SHAM/PLACEBO -- poolable (k=2): Coura 2011 + Sim 2002 (combined)
. * ==============================================================================
. di as txt _n "=================================================================="

==================================================================

. di as txt "EA vs sham/placebo, scale-free SMD (Hedges' g)"
EA vs sham/placebo, scale-free SMD (Hedges' g)

. di as txt "  Studies  : Coura 2011; Sim 2002 (preop+postop EA combined)"
  Studies  : Coura 2011; Sim 2002 (preop+postop EA combined)

. di as txt "  Estimator: random-effects REML; CI: Hartung-Knapp"
  Estimator: random-effects REML; CI: Hartung-Knapp

. di as txt "=================================================================="
==================================================================

. count if stratum == "ea_sham" & sensitivity_only == 0
  2

. local k_easham = r(N)

. list study n_i n_c hedges_g hedges_se if stratum == "ea_sham" & sensitivity_only == 0, clean noobs

                                    study   n_i   n_c    hedges_g   hedges~e  
                               Coura 2011    13     9   -1.553284    .492816  
    Sim 2002 (preop + postop EA combined)    60    30     -.44439    .226047  

. 
. meta set hedges_g hedges_se if stratum == "ea_sham" & sensitivity_only == 0, ///
>     studylabel(study) eslabel("Hedges' g (SMD)")
(3 missing values generated)

Meta-analysis setting information

 Study information
    No. of studies: 2
       Study label: study
        Study size: N/A

       Effect size
              Type: <generic>
             Label: Hedges' g (SMD)
          Variable: hedges_g

         Precision
         Std. err.: hedges_se
                CI: [_meta_cil, _meta_ciu]
          CI level: 95%

  Model and method
             Model: Random effects
            Method: REML

. meta summarize, random(reml) se(kh) predinterval

  Effect-size label: Hedges' g (SMD)
        Effect size: hedges_g
          Std. err.: hedges_se
        Study label: study

Meta-analysis summary                                         Number of studies =      2
Random-effects model                                          Heterogeneity:
Method: REML                                                              tau2 =  0.4678
SE adjustment: Knapp–Hartung                                            I2 (%) =   76.09
                                                                            H2 =    4.18

                           Effect size: Hedges' g (SMD)
----------------------------------------------------------------------------------------
                                Study |    Effect size    [95% conf. interval]  % weight
--------------------------------------+-------------------------------------------------
                           Coura 2011 |         -1.553      -2.519      -0.587     42.20
Sim 2002 (preop + postop EA combined) |         -0.444      -0.887      -0.001     57.80
--------------------------------------+-------------------------------------------------
                                theta |         -0.912      -7.871       6.046
----------------------------------------------------------------------------------------
95% prediction interval for theta: [     .,     .]

Test of theta = 0: t(1) = -1.67                                      Prob > |t| = 0.3442
Test of homogeneity: Q = chi2(1) = 4.18                                Prob > Q = 0.0408

. matrix EA_SHAM_SMD = (r(theta), r(ci_lb), r(ci_ub), r(p), r(N), r(tau2), r(I2), r(Q), r(p_Q))

. local pi_lb_easham = r(pi_lb)

. local pi_ub_easham = r(pi_ub)

. 
. meta forestplot, ///
>     title("Tier E exploratory: EA vs sham/placebo, scale-free SMD", size(medium)) ///
>     subtitle("Hedges' g; random-effects REML + Hartung-Knapp (k=`k_easham')", size(vsmall)) ///
>     nullrefline nonotes

  Effect-size label: Hedges' g (SMD)
        Effect size: hedges_g
          Std. err.: hedges_se
        Study label: study

. graph export "07_TIERED_V33/04_FIGURES/forestE_ea_sham_smd.png", width(1800) replace
file
    /Users/ryan/Documents/Perioperative_TEAS_EA_Review_2026/07_TIERED_V33/04_FIGURES/forestE_ea_sh
    > am_smd.png saved as PNG format

. 
. di as txt _n "EA vs sham/placebo SMD leave-one-out:"

EA vs sham/placebo SMD leave-one-out:

. meta summarize, random(reml) se(kh) leaveoneout

  Effect-size label: Hedges' g (SMD)
        Effect size: hedges_g
          Std. err.: hedges_se
        Study label: study

Leave-one-out meta-analysis summary                       Number of studies =      2
Random-effects model
Method: REML 
SE adjustment: Knapp–Hartung

                                 theta: Overall Hedges' g (SMD)
------------------------------------------------------------------------------------
                        Omitted study |       theta    [95% conf. interval]  p-value
--------------------------------------+---------------------------------------------
                           Coura 2011 |      -0.444      -0.887      -0.001    0.049
Sim 2002 (preop + postop EA combined) |      -1.553      -2.519      -0.587    0.002
--------------------------------------+---------------------------------------------
                                theta |      -0.912      -7.871       6.046    0.344
------------------------------------------------------------------------------------

. 
. di as txt _n "NOTE: this is the first sham/placebo-controlled EA estimate this review"

NOTE: this is the first sham/placebo-controlled EA estimate this review

. di as txt "reports for the 24-h opioid outcome on ANY metric -- 13_tiered_primary_v33.do's"
reports for the 24-h opioid outcome on ANY metric -- 13_tiered_primary_v33.do's

. di as txt "S0 has k=0 sham-controlled EA trials for the absolute-MME estimand. This does"
S0 has k=0 sham-controlled EA trials for the absolute-MME estimand. This does

. di as txt "NOT fill that empty cell: it is a different, weaker, scale-free claim (relative"
NOT fill that empty cell: it is a different, weaker, scale-free claim (relative

. di as txt "standardized effect, not mg spared), built from weight/volume-normalized doses"
standardized effect, not mg spared), built from weight/volume-normalized doses

. di as txt "that cannot be read as absolute opioid-sparing. It answers 'is there a relative"
that cannot be read as absolute opioid-sparing. It answers 'is there a relative

. di as txt "signal', not 'how many mg', and must not be substituted for the missing"
signal', not 'how many mg', and must not be substituted for the missing

. di as txt "absolute-dose sham-controlled EA estimate anywhere this is presented."
absolute-dose sham-controlled EA estimate anywhere this is presented.

. 
. * ==============================================================================
. * TEAS vs SHAM -- Jin 2023 (combined) alone, k=1, cannot be pooled
. * ==============================================================================
. di as txt _n "------------------------------------------------------------------"

------------------------------------------------------------------

. di as txt "TEAS/EA vs sham, scale-free SMD -- Jin 2023 (2Hz+20/100Hz combined)"
TEAS/EA vs sham, scale-free SMD -- Jin 2023 (2Hz+20/100Hz combined)

. di as txt "  k=1: a single study cannot be meta-analysed. Reported standalone with a"
  k=1: a single study cannot be meta-analysed. Reported standalone with a

. di as txt "  normal-approximation 95% CI (g +/- 1.96 x SE), not a Hartung-Knapp interval,"
  normal-approximation 95% CI (g +/- 1.96 x SE), not a Hartung-Knapp interval,

. di as txt "  which requires k>=2 degrees of freedom."
  which requires k>=2 degrees of freedom.

. di as txt "------------------------------------------------------------------"
------------------------------------------------------------------

. summarize hedges_g if comparison_id == "JIN23_COMBINED_EA_vs_SHAM_SMD", meanonly

. local jin_g = r(mean)

. summarize hedges_se if comparison_id == "JIN23_COMBINED_EA_vs_SHAM_SMD", meanonly

. local jin_se = r(mean)

. local jin_lo = `jin_g' - 1.95996398454005*`jin_se'

. local jin_hi = `jin_g' + 1.95996398454005*`jin_se'

. di as txt "Jin 2023 (combined): g = " %6.3f `jin_g' ", 95% CI [" %6.3f `jin_lo' ", " %6.3f `jin_hi
> ' "]"
Jin 2023 (combined): g = -0.912, 95% CI [-1.258, -0.565]

. 
. * ==============================================================================
. * TEAS vs SHAM -- SENSITIVITY: add Chen 2015 (Hyperalgesia), median/IQR-approx
. * ==============================================================================
. di as txt _n "=================================================================="

==================================================================

. di as txt "SENSITIVITY: TEAS/EA vs sham SMD, Jin 2023 (combined) + Chen 2015 (Hyperalgesia)"
SENSITIVITY: TEAS/EA vs sham SMD, Jin 2023 (combined) + Chen 2015 (Hyperalgesia)

. di as txt "  Chen 2015 (Hyperalgesia) is median/IQR, approximated to mean/SD (Cochrane"
  Chen 2015 (Hyperalgesia) is median/IQR, approximated to mean/SD (Cochrane

. di as txt "  Handbook 6.5.2.5: mean~=median, SD~=IQR/1.35). Shown ONLY as a named"
  Handbook 6.5.2.5: mean~=median, SD~=IQR/1.35). Shown ONLY as a named

. di as txt "  sensitivity addition, never merged silently into the k=1 main estimate above."
  sensitivity addition, never merged silently into the k=1 main estimate above.

. di as txt "=================================================================="
==================================================================

. count if stratum == "teas_sham"
  2

. local k_teassham_sens = r(N)

. list study n_i n_c hedges_g hedges_se sensitivity_only if stratum == "teas_sham", clean noobs

                                 study   n_i   n_c    hedges_g   hedges~e   sensit~y  
    Jin 2023 (2Hz + 20/100Hz combined)   106    52    -.911644    .176903          0  
              Chen 2015 (Hyperalgesia)    29    30   -2.664317    .357734          1  

. 
. meta set hedges_g hedges_se if stratum == "teas_sham", studylabel(study) ///
>     eslabel("Hedges' g (SMD)")
(3 missing values generated)

Meta-analysis setting information

 Study information
    No. of studies: 2
       Study label: study
        Study size: N/A

       Effect size
              Type: <generic>
             Label: Hedges' g (SMD)
          Variable: hedges_g

         Precision
         Std. err.: hedges_se
                CI: [_meta_cil, _meta_ciu]
          CI level: 95%

  Model and method
             Model: Random effects
            Method: REML

. meta summarize, random(reml) se(kh) predinterval

  Effect-size label: Hedges' g (SMD)
        Effect size: hedges_g
          Std. err.: hedges_se
        Study label: study

Meta-analysis summary                                      Number of studies =      2
Random-effects model                                       Heterogeneity:
Method: REML                                                           tau2 =  1.4563
SE adjustment: Knapp–Hartung                                         I2 (%) =   94.82
                                                                         H2 =   19.29

                        Effect size: Hedges' g (SMD)
-------------------------------------------------------------------------------------
                             Study |    Effect size    [95% conf. interval]  % weight
-----------------------------------+-------------------------------------------------
Jin 2023 (2Hz + 20/100Hz combined) |         -0.912      -1.258      -0.565     51.57
          Chen 2015 (Hyperalgesia) |         -2.664      -3.365      -1.963     48.43
-----------------------------------+-------------------------------------------------
                             theta |         -1.760     -12.890       9.369
-------------------------------------------------------------------------------------
95% prediction interval for theta: [     .,     .]

Test of theta = 0: t(1) = -2.01                                   Prob > |t| = 0.2939
Test of homogeneity: Q = chi2(1) = 19.29                            Prob > Q = 0.0000

. matrix TEAS_SHAM_SMD_SENS = (r(theta), r(ci_lb), r(ci_ub), r(p), r(N), r(tau2), r(I2), r(Q), r(p_Q
> ))

. local pi_lb_ts = r(pi_lb)

. local pi_ub_ts = r(pi_ub)

. 
. meta forestplot, ///
>     title("Tier E exploratory SENSITIVITY: EA/TEAS vs sham SMD (+ median/IQR approx.)", size(mediu
> m)) ///
>     subtitle("Hedges' g; random-effects REML + Hartung-Knapp (k=`k_teassham_sens')", size(vsmall))
>  ///
>     nullrefline nonotes

  Effect-size label: Hedges' g (SMD)
        Effect size: hedges_g
          Std. err.: hedges_se
        Study label: study

. graph export "07_TIERED_V33/04_FIGURES/forestF_teas_sham_smd_sensitivity.png", width(1800) replace
file
    /Users/ryan/Documents/Perioperative_TEAS_EA_Review_2026/07_TIERED_V33/04_FIGURES/forestF_teas_
    > sham_smd_sensitivity.png saved as PNG format

. 
. * ==============================================================================
. * TEAS vs USUAL CARE -- Oztas 2019 alone, k=1, cannot be pooled
. * ==============================================================================
. di as txt _n "------------------------------------------------------------------"

------------------------------------------------------------------

. di as txt "TEAS vs usual care, scale-free SMD -- Oztas 2019"
TEAS vs usual care, scale-free SMD -- Oztas 2019

. di as txt "  k=1: a single study cannot be meta-analysed. Reported standalone with a"
  k=1: a single study cannot be meta-analysed. Reported standalone with a

. di as txt "  normal-approximation 95% CI. Overall RoB 2 for this study is High."
  normal-approximation 95% CI. Overall RoB 2 for this study is High.

. di as txt "------------------------------------------------------------------"
------------------------------------------------------------------

. summarize hedges_g if comparison_id == "OZT19_TEAS_vs_UC_SMD", meanonly

. local ozt_g = r(mean)

. summarize hedges_se if comparison_id == "OZT19_TEAS_vs_UC_SMD", meanonly

. local ozt_se = r(mean)

. local ozt_lo = `ozt_g' - 1.95996398454005*`ozt_se'

. local ozt_hi = `ozt_g' + 1.95996398454005*`ozt_se'

. di as txt "Oztas 2019: g = " %6.3f `ozt_g' ", 95% CI [" %6.3f `ozt_lo' ", " %6.3f `ozt_hi' "]"
Oztas 2019: g = -1.168, 95% CI [-1.930, -0.406]

. 
. * ==============================================================================
. * EXCLUDED FROM EVERY MODEL ABOVE (listed, not silently dropped)
. * ==============================================================================
. di as txt _n "------------------------------------------------------------------"

------------------------------------------------------------------

. di as txt "EXCLUDED from every Tier E SMD model above (a problem the SMD metric does"
EXCLUDED from every Tier E SMD model above (a problem the SMD metric does

. di as txt "not fix -- not a reporting-format issue):"
not fix -- not a reporting-format issue):

. di as txt "  Zhang 2025      window mismatch (POD1, not an explicit 0-24 h clock window)"
  Zhang 2025      window mismatch (POD1, not an explicit 0-24 h clock window)

. di as txt "  Ntritsou 2014   wrong estimand (protocol-mandated background dosing included)"
  Ntritsou 2014   wrong estimand (protocol-mandated background dosing included)

. di as txt "  Oztas 2019 combined-opioid row   unrecoverable combined-total variance"
  Oztas 2019 combined-opioid row   unrecoverable combined-total variance

. di as txt "  Oztas 2019 TEAS-vs-TENS arm      comparator eligibility unresolved (audit: Check)"
  Oztas 2019 TEAS-vs-TENS arm      comparator eligibility unresolved (audit: Check)

. di as txt "  Song 2020       assumption-dependent derivation (PCA presses != deliveries)"
  Song 2020       assumption-dependent derivation (PCA presses != deliveries)

. di as txt "------------------------------------------------------------------"
------------------------------------------------------------------

. 
. * ==============================================================================
. * EXPORT
. * ==============================================================================
. clear

. set obs 4
Number of observations (_N) was 0, now 4.

. gen analysis_id    = ""
(4 missing values generated)

. gen analysis_set   = ""
(4 missing values generated)

. gen modality       = ""
(4 missing values generated)

. gen comparator     = ""
(4 missing values generated)

. gen outcome        = ""
(4 missing values generated)

. gen window         = ""
(4 missing values generated)

. gen unit           = ""
(4 missing values generated)

. gen k              = .
(4 missing values generated)

. gen effect_measure = ""
(4 missing values generated)

. gen estimate       = .
(4 missing values generated)

. gen ci_low         = .
(4 missing values generated)

. gen ci_high        = .
(4 missing values generated)

. gen p_value        = .
(4 missing values generated)

. gen tau2           = .
(4 missing values generated)

. gen i2             = .
(4 missing values generated)

. gen q_stat         = .
(4 missing values generated)

. gen p_q            = .
(4 missing values generated)

. gen pi_low         = .
(4 missing values generated)

. gen pi_high        = .
(4 missing values generated)

. gen estimator      = ""
(4 missing values generated)

. gen ci_method      = ""
(4 missing values generated)

. gen notes          = ""
(4 missing values generated)

. 
. replace analysis_id    = "V33_TIERE_EA_SHAM_SMD" in 1
variable analysis_id was str1 now str21
(1 real change made)

. replace analysis_set   = "Tier E exploratory SMD" in 1
variable analysis_set was str1 now str22
(1 real change made)

. replace modality       = "EA" in 1
variable modality was str1 now str2
(1 real change made)

. replace comparator     = "Sham/placebo" in 1
variable comparator was str1 now str12
(1 real change made)

. replace outcome        = "Cumulative postoperative opioid consumption (standardized, Hedges' g)" i
> n 1
variable outcome was str1 now str69
(1 real change made)

. replace window         = "0-24 h" in 1
variable window was str1 now str6
(1 real change made)

. replace unit           = "Hedges' g (SMD, dimensionless)" in 1
variable unit was str1 now str30
(1 real change made)

. replace k              = EA_SHAM_SMD[1,5] in 1
(1 real change made)

. replace effect_measure = "Standardized mean difference (Hedges' g)" in 1
variable effect_measure was str1 now str40
(1 real change made)

. replace estimate       = EA_SHAM_SMD[1,1] in 1
(1 real change made)

. replace ci_low         = EA_SHAM_SMD[1,2] in 1
(1 real change made)

. replace ci_high        = EA_SHAM_SMD[1,3] in 1
(1 real change made)

. replace p_value        = EA_SHAM_SMD[1,4] in 1
(1 real change made)

. replace tau2           = EA_SHAM_SMD[1,6] in 1
(1 real change made)

. replace i2             = EA_SHAM_SMD[1,7] in 1
(1 real change made)

. replace q_stat         = EA_SHAM_SMD[1,8] in 1
(1 real change made)

. replace p_q            = EA_SHAM_SMD[1,9] in 1
(1 real change made)

. replace pi_low         = `pi_lb_easham' in 1
(0 real changes made)

. replace pi_high        = `pi_ub_easham' in 1
(0 real changes made)

. replace estimator      = "REML" in 1
variable estimator was str1 now str4
(1 real change made)

. replace ci_method      = "Hartung-Knapp" in 1
variable ci_method was str1 now str13
(1 real change made)

. replace notes          = "EXPLORATORY. Coura 2011 + Sim 2002 (two correlated EA-timing arms combin
> ed per Cochrane Handbook 6.5.2.10). Weight-normalized native units (ug/kg, mg/kg); not convertible
>  to absolute IV MME. Not a substitute for the missing sham-controlled EA absolute-MME estimate (k=
> 0 in the S0 primary)." in 1
variable notes was str1 now str289
(1 real change made)

. 
. replace analysis_id    = "V33_TIERE_TEAS_SHAM_SMD_MAIN" in 2
variable analysis_id was str21 now str28
(1 real change made)

. replace analysis_set   = "Tier E exploratory SMD" in 2
(1 real change made)

. replace modality       = "EA" in 2
(1 real change made)

. replace comparator     = "Sham nonpenetrating EA/no current" in 2
variable comparator was str12 now str33
(1 real change made)

. replace outcome        = "Cumulative postoperative opioid consumption (standardized, Hedges' g)" i
> n 2
(1 real change made)

. replace window         = "0-24 h" in 2
(1 real change made)

. replace unit           = "Hedges' g (SMD, dimensionless)" in 2
(1 real change made)

. replace k              = 1 in 2
(1 real change made)

. replace effect_measure = "Standardized mean difference (Hedges' g)" in 2
(1 real change made)

. replace estimate       = `jin_g' in 2
(1 real change made)

. replace ci_low         = `jin_lo' in 2
(1 real change made)

. replace ci_high        = `jin_hi' in 2
(1 real change made)

. replace estimator      = "Single study (no pooling)" in 2
variable estimator was str4 now str25
(1 real change made)

. replace ci_method      = "Normal approximation (g +/- 1.96 x SE)" in 2
variable ci_method was str13 now str38
(1 real change made)

. replace notes          = "EXPLORATORY, k=1 (Jin 2023, two correlated frequency arms combined per C
> ochrane Handbook 6.5.2.10). Volume (mL PCIA solution) proxy for fentanyl mass; concentration unrep
> orted, so the unit cancels in SMD but is not convertible to absolute dose. Cannot be meta-analysed
>  with k=1; CI is a normal approximation, not Hartung-Knapp." in 2
variable notes was str289 now str327
(1 real change made)

. 
. replace analysis_id    = "V33_TIERE_TEAS_SHAM_SMD_SENS" in 3
(1 real change made)

. replace analysis_set   = "Tier E exploratory SMD sensitivity" in 3
variable analysis_set was str22 now str34
(1 real change made)

. replace modality       = "EA/TEAS" in 3
variable modality was str2 now str7
(1 real change made)

. replace comparator     = "Sham" in 3
(1 real change made)

. replace outcome        = "Cumulative postoperative opioid consumption (standardized, Hedges' g)" i
> n 3
(1 real change made)

. replace window         = "0-24 h" in 3
(1 real change made)

. replace unit           = "Hedges' g (SMD, dimensionless)" in 3
(1 real change made)

. replace k              = TEAS_SHAM_SMD_SENS[1,5] in 3
(1 real change made)

. replace effect_measure = "Standardized mean difference (Hedges' g)" in 3
(1 real change made)

. replace estimate       = TEAS_SHAM_SMD_SENS[1,1] in 3
(1 real change made)

. replace ci_low         = TEAS_SHAM_SMD_SENS[1,2] in 3
(1 real change made)

. replace ci_high        = TEAS_SHAM_SMD_SENS[1,3] in 3
(1 real change made)

. replace p_value        = TEAS_SHAM_SMD_SENS[1,4] in 3
(1 real change made)

. replace tau2           = TEAS_SHAM_SMD_SENS[1,6] in 3
(1 real change made)

. replace i2             = TEAS_SHAM_SMD_SENS[1,7] in 3
(1 real change made)

. replace q_stat         = TEAS_SHAM_SMD_SENS[1,8] in 3
(1 real change made)

. replace p_q            = TEAS_SHAM_SMD_SENS[1,9] in 3
(1 real change made)

. replace pi_low         = `pi_lb_ts' in 3
(0 real changes made)

. replace pi_high        = `pi_ub_ts' in 3
(0 real changes made)

. replace estimator      = "REML" in 3
(1 real change made)

. replace ci_method      = "Hartung-Knapp" in 3
(1 real change made)

. replace notes          = "SENSITIVITY, not the main Tier E estimate. Adds Chen 2015 (Hyperalgesia)
>  to Jin 2023 (combined). Chen 2015 (Hyperalgesia) is median/IQR approximated to mean/SD (Cochrane 
> Handbook 6.5.2.5); this is a materially weaker evidentiary basis than every other row in this file
> , which are all native mean/SD. Reported as a named addition, never merged silently into V33_TIERE
> _TEAS_SHAM_SMD_MAIN." in 3
variable notes was str327 now str386
(1 real change made)

. 
. replace analysis_id    = "V33_TIERE_TEAS_USUAL_SMD" in 4
(1 real change made)

. replace analysis_set   = "Tier E exploratory SMD" in 4
(1 real change made)

. replace modality       = "TEAS" in 4
(1 real change made)

. replace comparator     = "Usual care" in 4
(1 real change made)

. replace outcome        = "Cumulative postoperative opioid consumption (standardized, Hedges' g)" i
> n 4
(1 real change made)

. replace window         = "0-24 h" in 4
(1 real change made)

. replace unit           = "Hedges' g (SMD, dimensionless)" in 4
(1 real change made)

. replace k              = 1 in 4
(1 real change made)

. replace effect_measure = "Standardized mean difference (Hedges' g)" in 4
(1 real change made)

. replace estimate       = `ozt_g' in 4
(1 real change made)

. replace ci_low         = `ozt_lo' in 4
(1 real change made)

. replace ci_high        = `ozt_hi' in 4
(1 real change made)

. replace estimator      = "Single study (no pooling)" in 4
(1 real change made)

. replace ci_method      = "Normal approximation (g +/- 1.96 x SE)" in 4
(1 real change made)

. replace notes          = "EXPLORATORY, k=1 (Oztas 2019). Native mg tramadol; no sourced tramadol:m
> orphine IV MME factor, and tramadol alone is not complete opioid exposure (rescue pethidine report
> ed separately). Overall RoB 2 High. Cannot be meta-analysed with k=1; CI is a normal approximation
> , not Hartung-Knapp." in 4
(1 real change made)

. 
. save "07_TIERED_V33/05_RESULTS/TIERED_ANALYSIS_RESULTS_v33_tierE.dta", replace
(file 07_TIERED_V33/05_RESULTS/TIERED_ANALYSIS_RESULTS_v33_tierE.dta not found)
file 07_TIERED_V33/05_RESULTS/TIERED_ANALYSIS_RESULTS_v33_tierE.dta saved

. export delimited "07_TIERED_V33/05_RESULTS/TIERED_ANALYSIS_RESULTS_v33_tierE.csv", replace
(file 07_TIERED_V33/05_RESULTS/TIERED_ANALYSIS_RESULTS_v33_tierE.csv not found)
file 07_TIERED_V33/05_RESULTS/TIERED_ANALYSIS_RESULTS_v33_tierE.csv saved

. list analysis_id k estimate ci_low ci_high p_value i2, clean noobs

                     analysis_id   k    estimate      ci_low     ci_high    p_value         i2  
           V33_TIERE_EA_SHAM_SMD   2   -.9123678   -7.871084    6.046348    .344166   76.09354  
    V33_TIERE_TEAS_SHAM_SMD_MAIN   1    -.911644   -1.258368   -.5649205          .          .  
    V33_TIERE_TEAS_SHAM_SMD_SENS   2     -1.7604   -12.88979    9.368995   .2939227   94.81525  
        V33_TIERE_TEAS_USUAL_SMD   1   -1.167994    -1.93004   -.4059483          .          .  

. 
. di as txt _n "SUCCESS: Tier E scale-free SMD exploratory analysis complete."

SUCCESS: Tier E scale-free SMD exploratory analysis complete.

. log close
      name:  <unnamed>
       log:  /Users/ryan/Documents/Perioperative_TEAS_EA_Review_2026/07_TIERED_V33/02_STATA/logs/14_
> tiered_tierE_smd_v33.log
  log type:  text
 closed on:   9 Sep 2026, 17:21:00
----------------------------------------------------------------------------------------------------
