----------------------------------------------------------------------------------------------------
      name:  <unnamed>
       log:  /Users/ryan/Documents/Perioperative_TEAS_EA_Review_2026/06_FINAL_ANALYSIS_V26/02_STATA/
> logs/03_targetB_72h.log
  log type:  text
 opened on:   8 Sep 2026, 08:50:25

. 
. di as txt "=================================================================="
==================================================================

. di as txt "03: TARGET B: 0-72 H CUMULATIVE POSTOPERATIVE OPIOID CONSUMPTION"
03: TARGET B: 0-72 H CUMULATIVE POSTOPERATIVE OPIOID CONSUMPTION

. di as txt "=================================================================="
==================================================================

. 
. use "06_FINAL_ANALYSIS_V26/01_DATA/target_B_72h.dta", clear

. describe

Contains data from 06_FINAL_ANALYSIS_V26/01_DATA/target_B_72h.dta
 Observations:             2                  
    Variables:            51                  8 Sep 2026 08:50
----------------------------------------------------------------------------------------------------
Variable      Storage   Display    Value
    name         type    format    label      Variable label
----------------------------------------------------------------------------------------------------
lock_id         str22   %22s                  lock_id
target          str18   %18s                  target
endpoint_stra~m str35   %35s                  endpoint_stratum
study           str25   %25s                  study
comparison_id   str35   %35s                  comparison_id
intervention    str128  %128s                 intervention
comparator      str75   %75s                  comparator
outcome         str69   %69s                  outcome
time_window     str101  %101s                 time_window
data_type       str42   %42s                  data_type
n_i             int     %10.0g                n_i
n_c             int     %10.0g                n_c
mean_i          double  %10.0g                mean_i
sd_i            double  %10.0g                sd_i
median_i        double  %10.0g                median_i
q1_i            double  %10.0g                q1_i
q3_i            double  %10.0g                q3_i
events_i        byte    %10.0g                events_i
mean_c          double  %10.0g                mean_c
sd_c            double  %10.0g                sd_c
median_c        double  %10.0g                median_c
q1_c            double  %10.0g                q1_c
q3_c            double  %10.0g                q3_c
events_c        byte    %10.0g                events_c
unit            str57   %57s                  unit
reported_p      str54   %54s                  reported_p
derived_effec~e str2    %9s                   derived_effect_measure
derived_effect  double  %10.0g                derived_effect
rob_overall     str13   %13s                  rob_overall
include_strict  byte    %10.0g                include_strict
include_sensi~y byte    %10.0g                include_sensitivity
narrative_only  byte    %10.0g                narrative_only
author_priority str2    %9s                   author_priority
p1_disposition  str33   %33s                  p1_disposition
analysis_action str20   %20s                  analysis_action
overlap_family  str30   %30s                  overlap_family
hold_reason     str33   %33s                  hold_reason
shared_contro~e str101  %101s                 shared_control_issue
source_qc       str179  %179s                 source_qc
record_status   str59   %59s                  record_status
source_url      str83   %83s                  source_url
Sourceverifie~t str108  %108s                 Source-verified result
rob_d1          str13   %13s                  D1
rob_d2          str13   %13s                  D2
rob_d3          str13   %13s                  D3
rob_d4          str13   %13s                  D4
rob_d5          str13   %13s                  D5
result_rob      str13   %13s                  Overall RoB
KeyQCnote       str128  %128s                 Key QC note
md              float   %9.0g                 
se              float   %9.0g                 
----------------------------------------------------------------------------------------------------
Sorted by: 

. 
. * List all Target B entries
. di as txt _n "=== ALL TARGET B STUDIES ==="

=== ALL TARGET B STUDIES ===

. list lock_id study comparison_id include_strict include_sensitivity n_i mean_i sd_i n_c mean_c sd_
> c md se unit rob_overall, clean

       lock_id       study                  comparison_id   includ~t   includ~y   n_i   mean_i   sd_
> i   n_c   mean_c   sd_c     md         se             unit     rob_overall  
  1.     B-001   Yang 2024        YANG24_EA_vs_UC_MORPH72          1          0    90      127     1
> 2    90    127.5   12.5    -.5   1.826502      mg morphine   Some concerns  
  2.     B-002   Wong 2006   WONG06_EA_vs_SHAM_MORPHTOTAL          0          1    13     33.9   12.
> 8    12     42.3   21.3   -8.4    7.10004   mg IV morphine   Some concerns  

. 
. * ------------------------------------------------------------------------------
. * 1. STRICT EXACT 0-72 H (k=1: Yang 2024) -> NOT POOLED
. * ------------------------------------------------------------------------------
. di as txt _n "------------------------------------------------------------------"

------------------------------------------------------------------

. di as txt "1. STRICT EXACT 0-72 H SET (k=1): NOT POOLED (Single study report)"
1. STRICT EXACT 0-72 H SET (k=1): NOT POOLED (Single study report)

. di as txt "Yang 2024: MD = -0.50 mg morphine (95% CI: -4.08 to 3.08)"
Yang 2024: MD = -0.50 mg morphine (95% CI: -4.08 to 3.08)

. di as txt "------------------------------------------------------------------"
------------------------------------------------------------------

. 
. * ------------------------------------------------------------------------------
. * 2. SENSITIVITY: Pooled Broader Target B (Yang 2024 + Wong 2006, k=2) [REML + KH]
. * ------------------------------------------------------------------------------
. meta set md se, studylabel(study) eslabel("Mean Difference (mg IV morphine)")

Meta-analysis setting information

 Study information
    No. of studies: 2
       Study label: study
        Study size: N/A

       Effect size
              Type: <generic>
             Label: Mean Difference (mg IV morphine)
          Variable: md

         Precision
         Std. err.: se
                CI: [_meta_cil, _meta_ciu]
          CI level: 95%

  Model and method
             Model: Random effects
            Method: REML

. 
. di as txt _n "------------------------------------------------------------------"

------------------------------------------------------------------

. di as txt "2. SENSITIVITY POOLED BROADER MODEL (Yang 2024 + Wong 2006, k=2)"
2. SENSITIVITY POOLED BROADER MODEL (Yang 2024 + Wong 2006, k=2)

. di as txt "------------------------------------------------------------------"
------------------------------------------------------------------

. meta summarize, random(reml) se(kh)

  Effect-size label: Mean Difference (mg IV morphine)
        Effect size: md
          Std. err.: se
        Study label: study

Meta-analysis summary                     Number of studies =      2
Random-effects model                      Heterogeneity:
Method: REML                                          tau2 =  4.3317
SE adjustment: Knapp–Hartung                        I2 (%) =   13.88
                                                        H2 =    1.16

       Effect size: Mean Difference (mg IV morphine)
--------------------------------------------------------------------
            Study |    Effect size    [95% conf. interval]  % weight
------------------+-------------------------------------------------
        Yang 2024 |         -0.500      -4.080       3.080     87.71
        Wong 2006 |         -8.400     -22.316       5.516     12.29
------------------+-------------------------------------------------
            theta |         -1.471     -34.423      31.482
--------------------------------------------------------------------
Test of theta = 0: t(1) = -0.57                  Prob > |t| = 0.6716
Test of homogeneity: Q = chi2(1) = 1.16            Prob > Q = 0.2812

. matrix res_b_pool = (r(theta), r(ci_lb), r(ci_ub), r(p), r(N), r(tau2), r(I2), r(Q), r(p_Q))

. 
. * ------------------------------------------------------------------------------
. * 3. GENERATE AND EXPORT FOREST PLOT
. * ------------------------------------------------------------------------------
. meta forestplot, ///
>     title("TARGET B: 72h Cumulative Postoperative Opioid Consumption", size(medium)) ///
>     subtitle("Sensitivity Model (Yang 2024 exact 72h + Wong 2006 first 3 days, k=2)", size(small))
>  ///
>     nullrefline nonotes

  Effect-size label: Mean Difference (mg IV morphine)
        Effect size: md
          Std. err.: se
        Study label: study

. graph export "06_FINAL_ANALYSIS_V26/04_FIGURES/forest_targetB_72h_mme.png", width(1800) replace
file
    /Users/ryan/Documents/Perioperative_TEAS_EA_Review_2026/06_FINAL_ANALYSIS_V26/04_FIGURES/fores
    > t_targetB_72h_mme.png saved as PNG format

. 
. * ------------------------------------------------------------------------------
. * 4. EXPORT SUMMARY ESTIMATES TO STATA DATASET & CSV
. * ------------------------------------------------------------------------------
. clear

. set obs 2
Number of observations (_N) was 0, now 2.

. gen analysis_id = ""
(2 missing values generated)

. gen outcome = "0-72 h Cumulative Postoperative Opioid"

. gen stratum = ""
(2 missing values generated)

. gen k = .
(2 missing values generated)

. gen estimate = .
(2 missing values generated)

. gen ci_low = .
(2 missing values generated)

. gen ci_high = .
(2 missing values generated)

. gen p_value = .
(2 missing values generated)

. gen tau2 = .
(2 missing values generated)

. gen i2 = .
(2 missing values generated)

. gen q_stat = .
(2 missing values generated)

. gen model = ""
(2 missing values generated)

. 
. replace analysis_id = "TB_STRICT_EXACT" in 1
variable analysis_id was str1 now str15
(1 real change made)

. replace stratum = "Strict Exact 0-72h (Yang 2024 alone)" in 1
variable stratum was str1 now str36
(1 real change made)

. replace estimate = -0.50 in 1
(1 real change made)

. replace ci_low   = -4.078 in 1
(1 real change made)

. replace ci_high  = 3.078 in 1
(1 real change made)

. replace p_value  = 0.784 in 1
(1 real change made)

. replace k        = 1 in 1
(1 real change made)

. replace tau2     = . in 1
(0 real changes made)

. replace i2       = . in 1
(0 real changes made)

. replace q_stat   = . in 1
(0 real changes made)

. replace model    = "Single study (Not pooled)" in 1
variable model was str1 now str25
(1 real change made)

. 
. replace analysis_id = "TB_BROADER_SENS" in 2
(1 real change made)

. replace stratum = "Sensitivity: Exact + First 3 Days (Yang + Wong)" in 2
variable stratum was str36 now str47
(1 real change made)

. replace estimate = res_b_pool[1,1] in 2
(1 real change made)

. replace ci_low   = res_b_pool[1,2] in 2
(1 real change made)

. replace ci_high  = res_b_pool[1,3] in 2
(1 real change made)

. replace p_value  = res_b_pool[1,4] in 2
(1 real change made)

. replace k        = res_b_pool[1,5] in 2
(1 real change made)

. replace tau2     = res_b_pool[1,6] in 2
(1 real change made)

. replace i2       = res_b_pool[1,7] in 2
(1 real change made)

. replace q_stat   = res_b_pool[1,8] in 2
(1 real change made)

. replace model    = "REML + Hartung-Knapp" in 2
(1 real change made)

. 
. save "06_FINAL_ANALYSIS_V26/03_RESULTS/results_targetB_72h.dta", replace
file 06_FINAL_ANALYSIS_V26/03_RESULTS/results_targetB_72h.dta saved

. export delimited "06_FINAL_ANALYSIS_V26/03_RESULTS/results_targetB_72h.csv", replace
file 06_FINAL_ANALYSIS_V26/03_RESULTS/results_targetB_72h.csv saved

. list, clean

           analysis_id                                  outcome                                     
>       stratum   k    estimate      ci_low   ci_high    p_value       tau2         i2     q_stat   
>                     model  
  1.   TB_STRICT_EXACT   0-72 h Cumulative Postoperative Opioid              Strict Exact 0-72h (Yan
> g 2024 alone)   1         -.5      -4.078     3.078       .784          .          .          .   
> Single study (Not pooled)  
  2.   TB_BROADER_SENS   0-72 h Cumulative Postoperative Opioid   Sensitivity: Exact + First 3 Days 
> (Yang + Wong)   2   -1.470603   -34.42281   31.4816   .6716031   4.331654   13.88128   1.161188   
>      REML + Hartung-Knapp  

. 
. di as txt _n "SUCCESS: Target B analyses completed and exported."

SUCCESS: Target B analyses completed and exported.

. log close
      name:  <unnamed>
       log:  /Users/ryan/Documents/Perioperative_TEAS_EA_Review_2026/06_FINAL_ANALYSIS_V26/02_STATA/
> logs/03_targetB_72h.log
  log type:  text
 closed on:   8 Sep 2026, 08:50:26
----------------------------------------------------------------------------------------------------
