----------------------------------------------------------------------------------------------------
      name:  <unnamed>
       log:  /Users/ryan/Documents/Perioperative_TEAS_EA_Review_2026/06_FINAL_ANALYSIS_V26/02_STATA/
> logs/04_pain.log
  log type:  text
 opened on:   7 Sep 2026, 11:21:26

. 
. di as txt "=================================================================="
==================================================================

. di as txt "04: TARGET C: PAIN INTENSITY AT REST AROUND 24 H POSTOPERATIVELY"
04: TARGET C: PAIN INTENSITY AT REST AROUND 24 H POSTOPERATIVELY

. di as txt "Model: Random-Effects REML + Hartung-Knapp (se(kh))"
Model: Random-Effects REML + Hartung-Knapp (se(kh))

. di as txt "=================================================================="
==================================================================

. 
. use "06_FINAL_ANALYSIS_V26/01_DATA/target_C_pain24h.dta", clear

. describe

Contains data from 06_FINAL_ANALYSIS_V26/01_DATA/target_C_pain24h.dta
 Observations:             2                  
    Variables:            51                  7 Sep 2026 11:21
----------------------------------------------------------------------------------------------------
Variable      Storage   Display    Value
    name         type    format    label      Variable label
----------------------------------------------------------------------------------------------------
lock_id         str22   %22s                  lock_id
target          str18   %18s                  target
endpoint_stra~m str35   %35s                  endpoint_stratum
study           str25   %25s                  study
comparison_id   str35   %35s                  comparison_id
intervention    str46   %46s                  intervention
comparator      str38   %38s                  comparator
outcome         str69   %69s                  outcome
time_window     str101  %101s                 time_window
data_type       str42   %42s                  data_type
n_i             int     %10.0g                n_i
n_c             int     %10.0g                n_c
mean_i          double  %10.0g                mean_i
sd_i            double  %10.0g                sd_i
median_i        double  %10.0g                median_i
q1_i            double  %10.0g                q1_i
q3_i            double  %10.0g                q3_i
events_i        byte    %10.0g                events_i
mean_c          double  %10.0g                mean_c
sd_c            double  %10.0g                sd_c
median_c        double  %10.0g                median_c
q1_c            double  %10.0g                q1_c
q3_c            double  %10.0g                q3_c
events_c        byte    %10.0g                events_c
unit            str57   %57s                  unit
reported_p      str54   %54s                  reported_p
derived_effec~e str2    %9s                   derived_effect_measure
derived_effect  double  %10.0g                derived_effect
rob_overall     str13   %13s                  rob_overall
include_strict  byte    %10.0g                include_strict
include_sensi~y byte    %10.0g                include_sensitivity
narrative_only  byte    %10.0g                narrative_only
author_priority str2    %9s                   author_priority
p1_disposition  str33   %33s                  p1_disposition
analysis_action str20   %20s                  analysis_action
overlap_family  str30   %30s                  overlap_family
hold_reason     str33   %33s                  hold_reason
shared_contro~e str3    %9s                   shared_control_issue
source_qc       str179  %179s                 source_qc
record_status   str59   %59s                  record_status
source_url      str83   %83s                  source_url
Sourceverifie~t str88   %88s                  Source-verified result
rob_d1          str13   %13s                  D1
rob_d2          str13   %13s                  D2
rob_d3          str13   %13s                  D3
rob_d4          str13   %13s                  D4
rob_d5          str13   %13s                  D5
result_rob      str13   %13s                  Overall RoB
KeyQCnote       str128  %128s                 Key QC note
md              float   %9.0g                 
se              float   %9.0g                 
----------------------------------------------------------------------------------------------------
Sorted by: 

. 
. * List Target C studies
. di as txt _n "=== TARGET C STUDIES (STRICT AT REST ~24 H, k=2) ==="

=== TARGET C STUDIES (STRICT AT REST ~24 H, k=2) ===

. list lock_id study comparison_id include_strict n_i mean_i sd_i n_c mean_c sd_c md se unit result_
> rob, clean

       lock_id       study                  comparison_id   includ~t   n_i   mean_i   sd_i   n_c   m
> ean_c   sd_c     md         se       unit   result~b  
  1.     C-001   Xing 2022     XING22_NTG_vs_NG_RESTVAS24          1    29     1.18    .42    29    
>   1.4    .52   -.22   .1241245   VAS 0-10       High  
  2.     C-002    Liu 2021   LIU21_TEAS_vs_CTRL_VASREST24          1    50     2.52   .505    50    
>  2.66   .626   -.14   .1137454        VAS       High  

. 
. * Declare Meta-Analysis Setting for Pain VAS 0-10
. meta set md se, studylabel(study) eslabel("Mean Difference (VAS 0-10)")

Meta-analysis setting information

 Study information
    No. of studies: 2
       Study label: study
        Study size: N/A

       Effect size
              Type: <generic>
             Label: Mean Difference (VAS 0-10)
          Variable: md

         Precision
         Std. err.: se
                CI: [_meta_cil, _meta_ciu]
          CI level: 95%

  Model and method
             Model: Random effects
            Method: REML

. 
. * ------------------------------------------------------------------------------
. * 1. PRINCIPAL TARGET C MODEL (k=2: Xing 2022, Liu 2021) [REML + KH]
. * ------------------------------------------------------------------------------
. di as txt _n "------------------------------------------------------------------"

------------------------------------------------------------------

. di as txt "1. PRINCIPAL TARGET C MODEL: STRICT AT REST ~24 H (k=2) [REML + KH]"
1. PRINCIPAL TARGET C MODEL: STRICT AT REST ~24 H (k=2) [REML + KH]

. di as txt "Note: Both studies evaluated on 0-10 VAS; both have High result-level RoB."
Note: Both studies evaluated on 0-10 VAS; both have High result-level RoB.

. di as txt "------------------------------------------------------------------"
------------------------------------------------------------------

. meta summarize, random(reml) se(kh)

  Effect-size label: Mean Difference (VAS 0-10)
        Effect size: md
          Std. err.: se
        Study label: study

Meta-analysis summary                     Number of studies =      2
Random-effects model                      Heterogeneity:
Method: REML                                          tau2 =  0.0000
SE adjustment: Knapp–Hartung                        I2 (%) =    0.00
                                                        H2 =    1.00

       Effect size: Mean Difference (VAS 0-10)
--------------------------------------------------------------------
            Study |    Effect size    [95% conf. interval]  % weight
------------------+-------------------------------------------------
        Xing 2022 |         -0.220      -0.463       0.023     45.65
         Liu 2021 |         -0.140      -0.363       0.083     54.35
------------------+-------------------------------------------------
            theta |         -0.177      -0.683       0.330
--------------------------------------------------------------------
Test of theta = 0: t(1) = -4.43                  Prob > |t| = 0.1413
Test of homogeneity: Q = chi2(1) = 0.23            Prob > Q = 0.6347

. matrix res_pain = (r(theta), r(ci_lb), r(ci_ub), r(p), r(N), r(tau2), r(I2), r(Q), r(p_Q))

. 
. * ------------------------------------------------------------------------------
. * 2. ESTIMATOR SENSITIVITY: DL Model
. * ------------------------------------------------------------------------------
. meta summarize, random(dl) se(kh)

  Effect-size label: Mean Difference (VAS 0-10)
        Effect size: md
          Std. err.: se
        Study label: study

Meta-analysis summary                     Number of studies =      2
Random-effects model                      Heterogeneity:
Method: DerSimonian–Laird                             tau2 =  0.0000
SE adjustment: Knapp–Hartung                        I2 (%) =    0.00
                                                        H2 =    1.00

       Effect size: Mean Difference (VAS 0-10)
--------------------------------------------------------------------
            Study |    Effect size    [95% conf. interval]  % weight
------------------+-------------------------------------------------
        Xing 2022 |         -0.220      -0.463       0.023     45.64
         Liu 2021 |         -0.140      -0.363       0.083     54.36
------------------+-------------------------------------------------
            theta |         -0.177      -0.683       0.330
--------------------------------------------------------------------
Test of theta = 0: t(1) = -4.43                  Prob > |t| = 0.1413
Test of homogeneity: Q = chi2(1) = 0.23            Prob > Q = 0.6347

. meta summarize, random(dl)

  Effect-size label: Mean Difference (VAS 0-10)
        Effect size: md
          Std. err.: se
        Study label: study

Meta-analysis summary                     Number of studies =      2
Random-effects model                      Heterogeneity:
Method: DerSimonian–Laird                             tau2 =  0.0000
                                                    I2 (%) =    0.00
                                                        H2 =    1.00

       Effect size: Mean Difference (VAS 0-10)
--------------------------------------------------------------------
            Study |    Effect size    [95% conf. interval]  % weight
------------------+-------------------------------------------------
        Xing 2022 |         -0.220      -0.463       0.023     45.64
         Liu 2021 |         -0.140      -0.363       0.083     54.36
------------------+-------------------------------------------------
            theta |         -0.177      -0.341      -0.012
--------------------------------------------------------------------
Test of theta = 0: z = -2.10                     Prob > |z| = 0.0353
Test of homogeneity: Q = chi2(1) = 0.23            Prob > Q = 0.6347

. 
. * ------------------------------------------------------------------------------
. * 3. GENERATE AND EXPORT FOREST PLOT
. * ------------------------------------------------------------------------------
. meta forestplot, ///
>     title("TARGET C: Postoperative Pain Intensity at Rest (~24 h)", size(medium)) ///
>     subtitle("Strict At-Rest Pain (StataNow 19.5 SE: REML + Hartung-Knapp, k=2)", size(small)) ///
>     nullrefline nonotes

  Effect-size label: Mean Difference (VAS 0-10)
        Effect size: md
          Std. err.: se
        Study label: study

. graph export "06_FINAL_ANALYSIS_V26/04_FIGURES/forest_targetC_pain24h.png", width(1800) replace
file
    /Users/ryan/Documents/Perioperative_TEAS_EA_Review_2026/06_FINAL_ANALYSIS_V26/04_FIGURES/fores
    > t_targetC_pain24h.png saved as PNG format

. 
. * ------------------------------------------------------------------------------
. * 4. EXPORT SUMMARY ESTIMATES TO STATA DATASET & CSV
. * ------------------------------------------------------------------------------
. clear

. set obs 1
Number of observations (_N) was 0, now 1.

. gen analysis_id = "TC_REST_PAIN24"

. gen outcome = "Pain at rest ~24 h (VAS 0-10)"

. gen stratum = "Strict Pain at Rest ~24h (Xing 2022, Liu 2021)"

. gen k = res_pain[1,5]

. gen estimate = res_pain[1,1]

. gen ci_low = res_pain[1,2]

. gen ci_high = res_pain[1,3]

. gen p_value = res_pain[1,4]

. gen tau2 = res_pain[1,6]

. gen i2 = res_pain[1,7]

. gen q_stat = res_pain[1,8]

. gen model = "REML + Hartung-Knapp"

. 
. save "06_FINAL_ANALYSIS_V26/03_RESULTS/results_targetC_pain24h.dta", replace
file 06_FINAL_ANALYSIS_V26/03_RESULTS/results_targetC_pain24h.dta saved

. export delimited "06_FINAL_ANALYSIS_V26/03_RESULTS/results_targetC_pain24h.csv", replace
file 06_FINAL_ANALYSIS_V26/03_RESULTS/results_targetC_pain24h.csv saved

. list, clean

          analysis_id                         outcome                                          strat
> um   k    estimate      ci_low    ci_high    p_value       tau2        i2   q_stat                
>   model  
  1.   TC_REST_PAIN24   Pain at rest ~24 h (VAS 0-10)   Strict Pain at Rest ~24h (Xing 2022, Liu 202
> 1)   2   -.1765161   -.6828328   .3298006   .1413458   5.28e-07   .003724   .22579   REML + Hartun
> g-Knapp  

. 
. di as txt _n "SUCCESS: Target C analyses completed and exported."

SUCCESS: Target C analyses completed and exported.

. log close
      name:  <unnamed>
       log:  /Users/ryan/Documents/Perioperative_TEAS_EA_Review_2026/06_FINAL_ANALYSIS_V26/02_STATA/
> logs/04_pain.log
  log type:  text
 closed on:   7 Sep 2026, 11:21:26
----------------------------------------------------------------------------------------------------
