----------------------------------------------------------------------------------------------------
      name:  <unnamed>
       log:  /Users/ryan/Documents/Perioperative_TEAS_EA_Review_2026/06_FINAL_ANALYSIS_V26/02_STATA/
> logs/07_targetF.log
  log type:  text
 opened on:   7 Sep 2026, 11:21:28

. 
. di as txt "=================================================================="
==================================================================

. di as txt "07: TARGET F: EXPLORATORY AND OTHER OUTCOMES"
07: TARGET F: EXPLORATORY AND OTHER OUTCOMES

. di as txt "Stratified Analyses: Intraoperative Titrated, Postop Delivered, Rescue Opioid"
Stratified Analyses: Intraoperative Titrated, Postop Delivered, Rescue Opioid

. di as txt "=================================================================="
==================================================================

. 
. use "06_FINAL_ANALYSIS_V26/01_DATA/target_F_exploratory.dta", clear

. describe

Contains data from 06_FINAL_ANALYSIS_V26/01_DATA/target_F_exploratory.dta
 Observations:            82                  
    Variables:            49                  7 Sep 2026 11:21
----------------------------------------------------------------------------------------------------
Variable      Storage   Display    Value
    name         type    format    label      Variable label
----------------------------------------------------------------------------------------------------
lock_id         str22   %22s                  lock_id
target          str18   %18s                  target
endpoint_stra~m str35   %35s                  endpoint_stratum
study           str25   %25s                  study
comparison_id   str35   %35s                  comparison_id
intervention    str46   %46s                  intervention
comparator      str38   %38s                  comparator
outcome         str69   %69s                  outcome
time_window     str101  %101s                 time_window
data_type       str42   %42s                  data_type
n_i             int     %10.0g                n_i
n_c             int     %10.0g                n_c
mean_i          double  %10.0g                mean_i
sd_i            double  %10.0g                sd_i
median_i        double  %10.0g                median_i
q1_i            double  %10.0g                q1_i
q3_i            double  %10.0g                q3_i
events_i        byte    %10.0g                events_i
mean_c          double  %10.0g                mean_c
sd_c            double  %10.0g                sd_c
median_c        double  %10.0g                median_c
q1_c            double  %10.0g                q1_c
q3_c            double  %10.0g                q3_c
events_c        byte    %10.0g                events_c
unit            str57   %57s                  unit
reported_p      str54   %54s                  reported_p
derived_effec~e str2    %9s                   derived_effect_measure
derived_effect  double  %10.0g                derived_effect
rob_overall     str13   %13s                  rob_overall
include_strict  byte    %10.0g                include_strict
include_sensi~y byte    %10.0g                include_sensitivity
narrative_only  byte    %10.0g                narrative_only
author_priority str2    %9s                   author_priority
p1_disposition  str33   %33s                  p1_disposition
analysis_action str20   %20s                  analysis_action
overlap_family  str30   %30s                  overlap_family
hold_reason     str33   %33s                  hold_reason
shared_contro~e str3    %9s                   shared_control_issue
source_qc       str179  %179s                 source_qc
record_status   str59   %59s                  record_status
source_url      str83   %83s                  source_url
Sourceverifie~t str88   %88s                  Source-verified result
rob_d1          str13   %13s                  D1
rob_d2          str13   %13s                  D2
rob_d3          str13   %13s                  D3
rob_d4          str13   %13s                  D4
rob_d5          str13   %13s                  D5
result_rob      str13   %13s                  Overall RoB
KeyQCnote       str128  %128s                 Key QC note
----------------------------------------------------------------------------------------------------
Sorted by: 

. 
. * ==============================================================================
. * PART 1: INTRAOPERATIVE TITRATED OPIOID REQUIREMENTS (F-intra)
. * ==============================================================================
. preserve

. keep if target == "F-intra"
(69 observations deleted)

. 
. * Harmonize remifentanil to ug
. gen mean_i_ug = mean_i
(3 missing values generated)

. gen sd_i_ug   = sd_i
(3 missing values generated)

. gen mean_c_ug = mean_c
(3 missing values generated)

. gen sd_c_ug   = sd_c
(3 missing values generated)

. 
. replace mean_i_ug = mean_i * 1000 if unit == "mg remifentanil"
(2 real changes made)

. replace sd_i_ug   = sd_i   * 1000 if unit == "mg remifentanil"
(2 real changes made)

. replace mean_c_ug = mean_c * 1000 if unit == "mg remifentanil"
(2 real changes made)

. replace sd_c_ug   = sd_c   * 1000 if unit == "mg remifentanil"
(2 real changes made)

. 
. gen md_remi = mean_i_ug - mean_c_ug
(3 missing values generated)

. gen se_remi = sqrt((sd_i_ug^2 / n_i) + (sd_c_ug^2 / n_c))
(3 missing values generated)

. 
. * Subset to studies reporting total remifentanil in ug/mg
. gen is_remi_mass = (unit == "µg remifentanil" | unit == "mg remifentanil") & md_remi != .

. 
. di as txt _n "=== INTRAOPERATIVE REMIFENTANIL MASS STUDIES (ug) ==="

=== INTRAOPERATIVE REMIFENTANIL MASS STUDIES (ug) ===

. list study comparison_id n_i mean_i_ug sd_i_ug n_c mean_c_ug sd_c_ug md_remi se_remi result_rob if
>  is_remi_mass == 1, clean

            study                comparison_id   n_i   mean_i~g   sd_i_ug   n_c   mean_c~g   sd_c_ug
>      md_remi    se_remi      result_rob  
  6.      Wu 2022      WU22_PTEAS_vs_CTRL_REMI    44       1383       494    40       1637       630
>         -254   124.3735   Some concerns  
  7.    Xing 2022        XING22_NTG_vs_NG_REMI    29    1182.61    253.61    29    1415.41    295.67
>       -232.8   72.33514   Some concerns  
  8.      Lu 2021       LU21_COMB_vs_SHAM_REMI   190       1200       500   188       1400       700
>         -200   62.62725   Some concerns  
  9.   Zheng 2025    ZHENG25_TEAS_vs_SHAM_REMI    42      233.1      29.6    43      289.5      37.9
>    -56.39999   7.366535   Some concerns  
 10.     Guo 2023      GUO23_TEAS_vs_SHAM_REMI    55        870       300    55       1010       390
>         -140    66.3462   Some concerns  
 12.   Liang 2021    LIANG21_TEAS_vs_CTRL_REMI    35      521.5     206.8    35      464.7       156
>     56.79999   43.78592   Some concerns  
 13.     Pan 2023   PAN23_TEAS_vs_CONTROL_REMI    52      740.1     276.9    53        854     287.5
>       -113.9   55.08216            High  

. 
. meta set md_remi se_remi if is_remi_mass == 1, studylabel(study) eslabel("Mean Difference (µg remi
> fentanil)")
(6 missing values generated)

Meta-analysis setting information

 Study information
    No. of studies: 7
       Study label: study
        Study size: N/A

       Effect size
              Type: <generic>
             Label: Mean Difference (µg remifentanil)
          Variable: md_remi

         Precision
         Std. err.: se_remi
                CI: [_meta_cil, _meta_ciu]
          CI level: 95%

  Model and method
             Model: Random effects
            Method: REML

. meta summarize, random(reml) se(kh)

  Effect-size label: Mean Difference (µg remifentanil)
        Effect size: md_remi
          Std. err.: se_remi
        Study label: study

Meta-analysis summary                     Number of studies =      7
Random-effects model                      Heterogeneity:
Method: REML                                          tau2 =  8.3e+03
SE adjustment: Knapp–Hartung                        I2 (%) =   80.69
                                                        H2 =    5.18

       Effect size: Mean Difference (µg remifentanil)
--------------------------------------------------------------------
            Study |    Effect size    [95% conf. interval]  % weight
------------------+-------------------------------------------------
          Wu 2022 |       -254.000    -497.768     -10.232      7.22
        Xing 2022 |       -232.800    -374.574     -91.026     12.69
          Lu 2021 |       -200.000    -322.747     -77.253     14.05
       Zheng 2025 |        -56.400     -70.838     -41.962     20.56
         Guo 2023 |       -140.000    -270.036      -9.964     13.52
       Liang 2021 |         56.800     -29.019     142.619     16.81
         Pan 2023 |       -113.900    -221.859      -5.941     15.15
------------------+-------------------------------------------------
            theta |       -114.210    -213.716     -14.704
--------------------------------------------------------------------
Test of theta = 0: t(6) = -2.81                  Prob > |t| = 0.0308
Test of homogeneity: Q = chi2(6) = 22.90           Prob > Q = 0.0008

. matrix res_f_intra_remi = (r(theta), r(ci_lb), r(ci_ub), r(p), r(N), r(tau2), r(I2), r(Q), r(p_Q))

. 
. * Forest plot for intraoperative remifentanil
. meta forestplot, ///
>     title("TARGET F: Intraoperative Titrated Remifentanil (µg)", size(medium)) ///
>     subtitle("Random-Effects REML + Hartung-Knapp", size(small)) ///
>     nullrefline nonotes

  Effect-size label: Mean Difference (µg remifentanil)
        Effect size: md_remi
          Std. err.: se_remi
        Study label: study

. graph export "06_FINAL_ANALYSIS_V26/04_FIGURES/forest_targetF_intraop_remi.png", width(1800) repla
> ce
file
    /Users/ryan/Documents/Perioperative_TEAS_EA_Review_2026/06_FINAL_ANALYSIS_V26/04_FIGURES/fores
    > t_targetF_intraop_remi.png saved as PNG format

. 
. restore

. 
. * ==============================================================================
. * PART 2: POSTOPERATIVE DELIVERED MORPHINE DOSE (F-postop-dose)
. * ==============================================================================
. preserve

. keep if target == "F-postop-dose"
(68 observations deleted)

. 
. di as txt _n "=== POSTOPERATIVE DELIVERED MORPHINE STUDIES ==="

=== POSTOPERATIVE DELIVERED MORPHINE STUDIES ===

. list study comparison_id n_i mean_i sd_i n_c mean_c sd_c unit result_rob include_strict, clean

                    study                   comparison_id   n_i   mean_i    sd_i   n_c   mean_c    s
> d_c                                                      unit      result_rob   includ~t  
  1.   Seevaunnamtum 2016                SEEVA16_EA_vs_UC    32    21.38   14.38    32    33.94   20
> .24                                               mg morphine   Some concerns          1  
  2.             Lee 2011      LEE11_HIGH_vs_SHAM_MORPH24    12    31.14    8.15    12     34.2     
> 6.4                                            mg IV morphine   Some concerns          1  
  3.             Lee 2011       LEE11_LOW_vs_SHAM_MORPH24    10    29.29    8.89    12     34.2     
> 6.4                                            mg IV morphine   Some concerns          1  
  4.             Yeh 2010       YEH10_AES_vs_SHAM_MORPH24    33     18.6     9.7    30     21.6    1
> 3.1         mg morphine; source explicitly calls PCA epidural   Some concerns          0  
  5.            Chen 1998              CHEN98_ACU_vs_SHAM    25      6.5     3.5    25     10.7     
>   5                                          mg hydromorphone            High          0  
  6.             Lin 2002              LIN02_HIGH_vs_SHAM    25       15    10.7    25     30.2    1
> 4.4                                               mg morphine            High          0  
  7.             Lin 2002               LIN02_LOW_vs_SHAM    25     21.8    14.7    25     30.2    1
> 4.4                                               mg morphine            High          0  
  8.           Coura 2011              COURA11_EA_vs_SHAM    13     13.1     2.2     9     16.3     
> 1.6                                            µg/kg fentanyl            High          0  
  9.       El-Rakshy 2009        ELR09_EA_vs_CTRL_MORPH24    42     35.3      18    53     36.9     
>  18                                            mg IV morphine            High          0  
 10.              Gu 2019       GU19_LTEAS_vs_CTEAS_PCIA8    58    20.55    4.59    59    24.63    3
> .94   mL solution = numerically same µg sufentanil at 1 µg/mL   Some concerns          0  
 11.              Gu 2019      GU19_LTEAS_vs_CTEAS_PCIA36    58    72.64    9.74    59    76.01   10
> .43   mL solution = numerically same µg sufentanil at 1 µg/mL   Some concerns          0  
 12.              Gu 2019       GU19_LTEAS_vs_CTEAS_PCIA4    58    10.02    2.26    59    13.38    2
> .98   mL solution = numerically same µg sufentanil at 1 µg/mL   Some concerns          0  
 13.           Huang 2024   HUANG24_CONTRA_vs_SHAM_PCA_D2    38        .       .    38        .     
>   .                                  source unit not reported   Some concerns          0  
 14.             Yeh 2011       YEH11_AES_vs_SHAM_MORPH24    30     19.3     9.7    30     21.6    1
> 3.1                                            mg IV morphine   Some concerns          0  

. 
. * Strict delivered morphine (Seevaunnamtum 2016, Lee 2011 High, Lee 2011 Low)
. * Note: Lee 2011 has two intervention arms sharing the same control group.
. * To avoid double-counting, evaluate Lee 2011 High vs Sham + Seevaunnamtum 2016:
. gen md_postop = mean_i - mean_c
(1 missing value generated)

. gen se_postop = sqrt((sd_i^2 / n_i) + (sd_c^2 / n_c))
(1 missing value generated)

. 
. gen include_postop_strict = (study == "Seevaunnamtum 2016" | comparison_id == "LEE11_HIGH_vs_SHAM_
> MORPH24")

. 
. meta set md_postop se_postop if include_postop_strict == 1, studylabel(study) eslabel("Mean Differ
> ence (mg IV morphine)")
(12 missing values generated)

Meta-analysis setting information

 Study information
    No. of studies: 2
       Study label: study
        Study size: N/A

       Effect size
              Type: <generic>
             Label: Mean Difference (mg IV morphine)
          Variable: md_postop

         Precision
         Std. err.: se_postop
                CI: [_meta_cil, _meta_ciu]
          CI level: 95%

  Model and method
             Model: Random effects
            Method: REML

. meta summarize, random(reml) se(kh)

  Effect-size label: Mean Difference (mg IV morphine)
        Effect size: md_postop
          Std. err.: se_postop
        Study label: study

Meta-analysis summary                      Number of studies =      2
Random-effects model                       Heterogeneity:
Method: REML                                           tau2 = 31.0188
SE adjustment: Knapp–Hartung                         I2 (%) =   68.74
                                                         H2 =    3.20

        Effect size: Mean Difference (mg IV morphine)
---------------------------------------------------------------------
             Study |    Effect size    [95% conf. interval]  % weight
-------------------+-------------------------------------------------
Seevaunnamtum 2016 |        -12.560     -21.162      -3.958     44.29
          Lee 2011 |         -3.060      -8.923       2.803     55.71
-------------------+-------------------------------------------------
             theta |         -7.267     -67.226      52.692
---------------------------------------------------------------------
Test of theta = 0: t(1) = -1.54                   Prob > |t| = 0.3666
Test of homogeneity: Q = chi2(1) = 3.20             Prob > Q = 0.0737

. matrix res_f_postop_dose = (r(theta), r(ci_lb), r(ci_ub), r(p), r(N), r(tau2), r(I2), r(Q), r(p_Q)
> )

. 
. restore

. 
. * ==============================================================================
. * PART 3: RESCUE OPIOID REQUIREMENTS (BINARY INCIDENCE) (F-rescue-opioid)
. * ==============================================================================
. preserve

. keep if target == "F-rescue-opioid" & unit == "participants" & events_i != . & events_c != .
(77 observations deleted)

. 
. di as txt _n "=== RESCUE OPIOID REQUIREMENT STUDIES (BINARY) ==="

=== RESCUE OPIOID REQUIREMENT STUDIES (BINARY) ===

. list study comparison_id events_i n_i events_c n_c result_rob include_strict, clean

                 study                   comparison_id   events_i   n_i   events_c   n_c      result
> _rob   includ~t  
  1.          Xie 2014    XIE14_EAS_vs_SHAM_DEZOCINE48          1    20          6    20   Some conc
> erns          1  
  2.           Yu 2020   YU20_TEAS_vs_CONTROL_RESCUE24         13    30         24    30   Some conc
> erns          1  
  3.           Tu 2024      TU24_TEAS_vs_SHAM_TRAMADOL          3    57          6    58   Some conc
> erns          1  
  4.   Liu 2026 (burn)   LIU26BURN_TEAS_vs_SHAM_RESCUE          3    43          8    43   Some conc
> erns          0  
  5.         Zhou 2025      ZHOU25_TEAS_vs_SHAM_RESCUE          6    48         13    49   Some conc
> erns          1  

. 
. * Calculate log RR and SE
. gen p_i = events_i / n_i

. gen p_c = events_c / n_c

. gen rr = p_i / p_c

. gen lnrr = ln(rr)

. gen se_lnrr = sqrt((1/events_i - 1/n_i) + (1/events_c - 1/n_c))

. 
. * Model 3A: Strict Rescue Opioid (k=4: Xie 2014, Yu 2020, Tu 2024, Zhou 2025)
. meta set lnrr se_lnrr if include_strict == 1, studylabel(study) eslabel("Risk Ratio (log scale)")
(1 missing value generated)

Meta-analysis setting information

 Study information
    No. of studies: 4
       Study label: study
        Study size: N/A

       Effect size
              Type: <generic>
             Label: Risk Ratio (log scale)
          Variable: lnrr

         Precision
         Std. err.: se_lnrr
                CI: [_meta_cil, _meta_ciu]
          CI level: 95%

  Model and method
             Model: Random effects
            Method: REML

. meta summarize, random(reml) se(kh) eform

  Effect-size label: Risk Ratio (log scale)
        Effect size: lnrr
          Std. err.: se_lnrr
        Study label: study

Meta-analysis summary                     Number of studies =      4
Random-effects model                      Heterogeneity:
Method: REML                                          tau2 =  0.0000
SE adjustment: Knapp–Hartung                        I2 (%) =    0.00
                                                        H2 =    1.00

           exp(ES): exp(Risk Ratio (log scale))
--------------------------------------------------------------------
            Study |        exp(ES)    [95% conf. interval]  % weight
------------------+-------------------------------------------------
         Xie 2014 |          0.167       0.022       1.262      3.44
          Yu 2020 |          0.542       0.347       0.847     70.58
          Tu 2024 |          0.509       0.134       1.937      7.88
        Zhou 2025 |          0.471       0.195       1.138     18.11
------------------+-------------------------------------------------
       exp(theta) |          0.505       0.340       0.750
--------------------------------------------------------------------
Test of theta = 0: t(3) = -5.49                  Prob > |t| = 0.0119
Test of homogeneity: Q = chi2(3) = 1.27            Prob > Q = 0.7361

. matrix res_f_rescue_strict = (exp(r(theta)), exp(r(ci_lb)), exp(r(ci_ub)), r(p), r(N), r(tau2), r(
> I2), r(Q), r(p_Q))

. 
. * Model 3B: All available rescue opioid binary trials (k=5, including Liu 2026 burn)
. meta set lnrr se_lnrr, studylabel(study) eslabel("Risk Ratio (log scale)")

Meta-analysis setting information

 Study information
    No. of studies: 5
       Study label: study
        Study size: N/A

       Effect size
              Type: <generic>
             Label: Risk Ratio (log scale)
          Variable: lnrr

         Precision
         Std. err.: se_lnrr
                CI: [_meta_cil, _meta_ciu]
          CI level: 95%

  Model and method
             Model: Random effects
            Method: REML

. meta summarize, random(reml) se(kh) eform

  Effect-size label: Risk Ratio (log scale)
        Effect size: lnrr
          Std. err.: se_lnrr
        Study label: study

Meta-analysis summary                     Number of studies =      5
Random-effects model                      Heterogeneity:
Method: REML                                          tau2 =  0.0000
SE adjustment: Knapp–Hartung                        I2 (%) =    0.00
                                                        H2 =    1.00

           exp(ES): exp(Risk Ratio (log scale))
--------------------------------------------------------------------
            Study |        exp(ES)    [95% conf. interval]  % weight
------------------+-------------------------------------------------
         Xie 2014 |          0.167       0.022       1.262      3.15
          Yu 2020 |          0.542       0.347       0.847     64.81
          Tu 2024 |          0.509       0.134       1.937      7.23
  Liu 2026 (burn) |          0.375       0.107       1.319      8.17
        Zhou 2025 |          0.471       0.195       1.138     16.63
------------------+-------------------------------------------------
       exp(theta) |          0.493       0.362       0.671
--------------------------------------------------------------------
Test of theta = 0: t(4) = -6.37                  Prob > |t| = 0.0031
Test of homogeneity: Q = chi2(4) = 1.47            Prob > Q = 0.8324

. matrix res_f_rescue_all = (exp(r(theta)), exp(r(ci_lb)), exp(r(ci_ub)), r(p), r(N), r(tau2), r(I2)
> , r(Q), r(p_Q))

. 
. * Forest plot for rescue opioid
. meta forestplot, ///
>     title("TARGET F: Postoperative Rescue Opioid Requirement (RR)", size(medium)) ///
>     subtitle("Random-Effects REML + Hartung-Knapp (k=5)", size(small)) ///
>     nullrefline nonotes

  Effect-size label: Risk Ratio (log scale)
        Effect size: lnrr
          Std. err.: se_lnrr
        Study label: study

. graph export "06_FINAL_ANALYSIS_V26/04_FIGURES/forest_targetF_rescue_opioid.png", width(1800) repl
> ace
file
    /Users/ryan/Documents/Perioperative_TEAS_EA_Review_2026/06_FINAL_ANALYSIS_V26/04_FIGURES/fores
    > t_targetF_rescue_opioid.png saved as PNG format

. 
. restore

. 
. * ==============================================================================
. * PART 4: PCA DEMAND / BUTTON PRESSES (F-PCA)
. * ==============================================================================
. preserve

. keep if target == "F-PCA" & mean_i != . & mean_c != .
(68 observations deleted)

. 
. di as txt _n "=== PCA DEMANDS / BUTTON PRESSES ==="

=== PCA DEMANDS / BUTTON PRESSES ===

. list study comparison_id n_i mean_i sd_i n_c mean_c sd_c unit result_rob, clean

                           study                     comparison_id   n_i   mean_i    sd_i   n_c   me
> an_c    sd_c                   unit      result_rob  
  1.                   Chen 2020      CHEN20_TEAS_vs_SHAM_PCAATT48    40     4.83    1.06    40    1
> 4.05    2.01          pump attempts            High  
  2.                   Chen 2020      CHEN20_TEAS_vs_SHAM_PCAEFF48    40     4.58     .93    40     
> 7.48    1.18          pump attempts            High  
  3.   He 2026 (hepatectomy/JIS)     HEJIS26_TEAS_vs_CTRL_PCAATT24    80      2.7     3.3    79     
>  3.5     6.1               attempts   Some concerns  
  4.   He 2026 (hepatectomy/JIS)   HEJIS26_TEAS_vs_CTRL_PCADELIV24    80      2.6     3.3    79     
>  3.5       6   effective deliveries   Some concerns  
  5.                     Ao 2021           AO21_TEAS_vs_SHAM_PCA48    32    102.8     7.4    33    1
> 20.6     9.2        mL PCA solution   Some concerns  
  6.                    Liu 2021     LIU21_TEAS_vs_CTRL_PCAPRESS24    50    17.62   2.687    50    1
> 7.38   3.801                presses            High  
  7.                   Long 2025   LONG25_TEAS_vs_CTRL_PCIAPRESS48    27     7.11    2.14    26     
> 8.62    1.84                presses            High  
  8.                  Zheng 2025    ZHENG25_TEAS_vs_SHAM_PCA_PRESS    42      6.3     2.2    43     
> 10.7     3.9                presses   Some concerns  
  9.                    Lee 2011    LEE11_HIGH_vs_SHAM_PCADEMAND24    12    52.17   21.87    12    7
> 4.18   39.33            PCA demands   Some concerns  
 10.                    Lee 2011     LEE11_LOW_vs_SHAM_PCADEMAND24    10     41.6   36.47    12    7
> 4.18   39.33            PCA demands   Some concerns  
 11.                    Yeh 2010       YEH10_AES_vs_SHAM_PCAPUSH24    33     25.3    28.5    30     
> 47.4    39.7          button pushes   Some concerns  
 12.                    Lin 2002    LIN02_HIGH_vs_SHAM_PCADEMAND24    25      7.9     5.9    25     
> 16.1     7.4            PCA demands            High  
 13.                    Lin 2002     LIN02_LOW_vs_SHAM_PCADEMAND24    25     11.7     7.1    25     
> 16.1     7.4            PCA demands            High  
 14.                    Yeh 2011       YEH11_AES_vs_SHAM_PCAPUSH24    30     24.9    28.5    30     
> 47.4    39.7          button pushes   Some concerns  

. 
. gen md_pca = mean_i - mean_c

. gen se_pca = sqrt((sd_i^2 / n_i) + (sd_c^2 / n_c))

. 
. * Standardized Mean Difference (Hedges' g) for PCA demands
. gen s_pooled = sqrt( ((n_i - 1)*sd_i^2 + (n_c - 1)*sd_c^2) / (n_i + n_c - 2) )

. gen d = (mean_i - mean_c) / s_pooled

. gen j_corr = 1 - (3 / (4 * (n_i + n_c) - 9))

. gen hedges_g = d * j_corr

. gen hedges_se = sqrt( ((n_i + n_c) / (n_i * n_c)) + (hedges_g^2 / (2 * (n_i + n_c))) )

. 
. * Restrict to non-overlapping studies (Chen 2020 PCA attempts, He 2026, Liu 2021, Long 2025, Zheng
>  2025, Lee 2011 High, Lin 2002 High, Yeh 2010)
. gen include_pca_synth = 0

. replace include_pca_synth = 1 if comparison_id == "CHEN20_TEAS_vs_SHAM_PCAATT48"
(1 real change made)

. replace include_pca_synth = 1 if comparison_id == "HEJIS26_TEAS_vs_CTRL_PCAATT24"
(1 real change made)

. replace include_pca_synth = 1 if comparison_id == "LIU21_TEAS_vs_CTRL_PCAPRESS24"
(1 real change made)

. replace include_pca_synth = 1 if comparison_id == "LONG25_TEAS_vs_CTRL_PCIAPRESS48"
(1 real change made)

. replace include_pca_synth = 1 if comparison_id == "ZHENG25_TEAS_vs_SHAM_PCA_PRESS"
(1 real change made)

. replace include_pca_synth = 1 if comparison_id == "LEE11_HIGH_vs_SHAM_PCADEMAND24"
(1 real change made)

. replace include_pca_synth = 1 if comparison_id == "LIN02_HIGH_vs_SHAM_PCADEMAND24"
(1 real change made)

. replace include_pca_synth = 1 if comparison_id == "YEH10_AES_vs_SHAM_PCAPUSH24"
(1 real change made)

. 
. meta set hedges_g hedges_se if include_pca_synth == 1, studylabel(study) eslabel("Standardized Mea
> n Difference (Hedges' g)")
(6 missing values generated)

Meta-analysis setting information

 Study information
    No. of studies: 8
       Study label: study
        Study size: N/A

       Effect size
              Type: <generic>
             Label: Standardized Mean Difference (Hedges' g)
          Variable: hedges_g

         Precision
         Std. err.: hedges_se
                CI: [_meta_cil, _meta_ciu]
          CI level: 95%

  Model and method
             Model: Random effects
            Method: REML

. meta summarize, random(reml) se(kh)

  Effect-size label: Standardized Mean Difference (Hedges' g)
        Effect size: hedges_g
          Std. err.: hedges_se
        Study label: study

Meta-analysis summary                             Number of studies =      8
Random-effects model                              Heterogeneity:
Method: REML                                                  tau2 =  3.0294
SE adjustment: Knapp–Hartung                                I2 (%) =   97.87
                                                                H2 =   46.86

               Effect size: Standardized Mean Difference (Hedges' g)
----------------------------------------------------------------------------
                    Study |    Effect size    [95% conf. interval]  % weight
--------------------------+-------------------------------------------------
                Chen 2020 |         -5.683      -6.666      -4.699     11.91
He 2026 (hepatectomy/JIS) |         -0.163      -0.474       0.149     12.80
                 Liu 2021 |          0.072      -0.320       0.464     12.73
                Long 2025 |         -0.744      -1.301      -0.188     12.57
               Zheng 2025 |         -1.373      -1.845      -0.900     12.66
                 Lee 2011 |         -0.668      -1.490       0.154     12.19
                 Yeh 2010 |         -0.637      -1.143      -0.130     12.62
                 Lin 2002 |         -1.206      -1.809      -0.603     12.51
--------------------------+-------------------------------------------------
                    theta |         -1.269      -2.774       0.237
----------------------------------------------------------------------------
Test of theta = 0: t(7) = -1.99                          Prob > |t| = 0.0866
Test of homogeneity: Q = chi2(7) = 135.36                  Prob > Q = 0.0000

. matrix res_f_pca_smd = (r(theta), r(ci_lb), r(ci_ub), r(p), r(N), r(tau2), r(I2), r(Q), r(p_Q))

. 
. restore

. 
. * ==============================================================================
. * PART 5: COMPILE AND EXPORT TARGET F SUMMARY ESTIMATES
. * ==============================================================================
. clear

. set obs 5
Number of observations (_N) was 0, now 5.

. 
. gen analysis_id = ""
(5 missing values generated)

. gen outcome = ""
(5 missing values generated)

. gen stratum = ""
(5 missing values generated)

. gen k = .
(5 missing values generated)

. gen estimate = .
(5 missing values generated)

. gen ci_low = .
(5 missing values generated)

. gen ci_high = .
(5 missing values generated)

. gen p_value = .
(5 missing values generated)

. gen tau2 = .
(5 missing values generated)

. gen i2 = .
(5 missing values generated)

. gen q_stat = .
(5 missing values generated)

. gen model = ""
(5 missing values generated)

. gen notes = ""
(5 missing values generated)

. 
. * Row 1: Intraoperative Remifentanil (ug)
. replace analysis_id = "TF_INTRA_REMI_UG" in 1
variable analysis_id was str1 now str16
(1 real change made)

. replace outcome = "Intraoperative titrated remifentanil" in 1
variable outcome was str1 now str36
(1 real change made)

. replace stratum = "Titrated remifentanil mass (µg) (Wu, Xing, Lu, Zheng, Guo, Liang, Pan)" in 1
variable stratum was str1 now str71
(1 real change made)

. replace k = res_f_intra_remi[1,5] in 1
(1 real change made)

. replace estimate = res_f_intra_remi[1,1] in 1
(1 real change made)

. replace ci_low = res_f_intra_remi[1,2] in 1
(1 real change made)

. replace ci_high = res_f_intra_remi[1,3] in 1
(1 real change made)

. replace p_value = res_f_intra_remi[1,4] in 1
(1 real change made)

. replace tau2 = res_f_intra_remi[1,6] in 1
(1 real change made)

. replace i2 = res_f_intra_remi[1,7] in 1
(1 real change made)

. replace q_stat = res_f_intra_remi[1,8] in 1
(1 real change made)

. replace model = "MD µg, REML + Hartung-Knapp" in 1
variable model was str1 now str28
(1 real change made)

. replace notes = "Intraoperative remifentanil requirement" in 1
variable notes was str1 now str39
(1 real change made)

. 
. * Row 2: Postop Delivered Morphine (mg)
. replace analysis_id = "TF_POSTOP_DELIVERED_MORPH" in 2
variable analysis_id was str16 now str25
(1 real change made)

. replace outcome = "Postoperative delivered morphine" in 2
(1 real change made)

. replace stratum = "Strict delivered IV morphine (Seevaunnamtum 2016, Lee 2011 High)" in 2
(1 real change made)

. replace k = res_f_postop_dose[1,5] in 2
(1 real change made)

. replace estimate = res_f_postop_dose[1,1] in 2
(1 real change made)

. replace ci_low = res_f_postop_dose[1,2] in 2
(1 real change made)

. replace ci_high = res_f_postop_dose[1,3] in 2
(1 real change made)

. replace p_value = res_f_postop_dose[1,4] in 2
(1 real change made)

. replace tau2 = res_f_postop_dose[1,6] in 2
(1 real change made)

. replace i2 = res_f_postop_dose[1,7] in 2
(1 real change made)

. replace q_stat = res_f_postop_dose[1,8] in 2
(1 real change made)

. replace model = "MD mg, REML + Hartung-Knapp" in 2
(1 real change made)

. replace notes = "Strict delivered morphine mass" in 2
(1 real change made)

. 
. * Row 3: Rescue Opioid Strict (RR)
. replace analysis_id = "TF_RESCUE_OPIOID_STRICT" in 3
(1 real change made)

. replace outcome = "Rescue opioid requirement" in 3
(1 real change made)

. replace stratum = "Strict binary rescue (Xie 2014, Yu 2020, Tu 2024, Zhou 2025)" in 3
(1 real change made)

. replace k = res_f_rescue_strict[1,5] in 3
(1 real change made)

. replace estimate = res_f_rescue_strict[1,1] in 3
(1 real change made)

. replace ci_low = res_f_rescue_strict[1,2] in 3
(1 real change made)

. replace ci_high = res_f_rescue_strict[1,3] in 3
(1 real change made)

. replace p_value = res_f_rescue_strict[1,4] in 3
(1 real change made)

. replace tau2 = res_f_rescue_strict[1,6] in 3
(1 real change made)

. replace i2 = res_f_rescue_strict[1,7] in 3
(1 real change made)

. replace q_stat = res_f_rescue_strict[1,8] in 3
(1 real change made)

. replace model = "RR, REML + Hartung-Knapp" in 3
(1 real change made)

. replace notes = "Strict binary rescue requirement" in 3
(1 real change made)

. 
. * Row 4: Rescue Opioid All (RR)
. replace analysis_id = "TF_RESCUE_OPIOID_ALL" in 4
(1 real change made)

. replace outcome = "Rescue opioid requirement" in 4
(1 real change made)

. replace stratum = "All binary rescue (including Liu 2026 burn)" in 4
(1 real change made)

. replace k = res_f_rescue_all[1,5] in 4
(1 real change made)

. replace estimate = res_f_rescue_all[1,1] in 4
(1 real change made)

. replace ci_low = res_f_rescue_all[1,2] in 4
(1 real change made)

. replace ci_high = res_f_rescue_all[1,3] in 4
(1 real change made)

. replace p_value = res_f_rescue_all[1,4] in 4
(1 real change made)

. replace tau2 = res_f_rescue_all[1,6] in 4
(1 real change made)

. replace i2 = res_f_rescue_all[1,7] in 4
(1 real change made)

. replace q_stat = res_f_rescue_all[1,8] in 4
(1 real change made)

. replace model = "RR, REML + Hartung-Knapp" in 4
(1 real change made)

. replace notes = "All reported binary rescue" in 4
(1 real change made)

. 
. * Row 5: PCA Demands SMD
. replace analysis_id = "TF_PCA_DEMANDS_SMD" in 5
(1 real change made)

. replace outcome = "PCA demands / button presses" in 5
(1 real change made)

. replace stratum = "PCA button presses/demands across trials (SMD)" in 5
(1 real change made)

. replace k = res_f_pca_smd[1,5] in 5
(1 real change made)

. replace estimate = res_f_pca_smd[1,1] in 5
(1 real change made)

. replace ci_low = res_f_pca_smd[1,2] in 5
(1 real change made)

. replace ci_high = res_f_pca_smd[1,3] in 5
(1 real change made)

. replace p_value = res_f_pca_smd[1,4] in 5
(1 real change made)

. replace tau2 = res_f_pca_smd[1,6] in 5
(1 real change made)

. replace i2 = res_f_pca_smd[1,7] in 5
(1 real change made)

. replace q_stat = res_f_pca_smd[1,8] in 5
(1 real change made)

. replace model = "SMD Hedges g, REML + Hartung-Knapp" in 5
variable model was str28 now str34
(1 real change made)

. replace notes = "Standardized mean difference in PCA demands" in 5
variable notes was str39 now str43
(1 real change made)

. 
. save "06_FINAL_ANALYSIS_V26/03_RESULTS/results_targetF_exploratory.dta", replace
file 06_FINAL_ANALYSIS_V26/03_RESULTS/results_targetF_exploratory.dta saved

. export delimited "06_FINAL_ANALYSIS_V26/03_RESULTS/results_targetF_exploratory.csv", replace
file 06_FINAL_ANALYSIS_V26/03_RESULTS/results_targetF_exploratory.csv saved

. list, clean

                     analysis_id                                outcome                             
>                                      stratum   k    estimate      ci_low     ci_high    p_value   
>     tau2         i2     q_stat                                model                               
>           notes  
  1.            TF_INTRA_REMI_UG   Intraoperative titrated remifentanil   Titrated remifentanil mass
>  (µg) (Wu, Xing, Lu, Zheng, Guo, Liang, Pan)   7     -114.21   -213.7164   -14.70359   .0308178   
> 8288.481   80.69118   22.89795          MD µg, REML + Hartung-Knapp       Intraoperative remifenta
> nil requirement  
  2.   TF_POSTOP_DELIVERED_MORPH       Postoperative delivered morphine         Strict delivered IV 
> morphine (Seevaunnamtum 2016, Lee 2011 High)   2   -7.267091   -67.22604    52.69186     .36664   
> 31.01883   68.73978   3.198953          MD mg, REML + Hartung-Knapp                Strict delivere
> d morphine mass  
  3.     TF_RESCUE_OPIOID_STRICT              Rescue opioid requirement             Strict binary re
> scue (Xie 2014, Yu 2020, Tu 2024, Zhou 2025)   4    .5047002    .3395038    .7502782   .0118979   
> 3.65e-07   .0001532   1.270618             RR, REML + Hartung-Knapp              Strict binary res
> cue requirement  
  4.        TF_RESCUE_OPIOID_ALL              Rescue opioid requirement                             
>  All binary rescue (including Liu 2026 burn)   5    .4925974    .3618429    .6706008   .0031096   
> 6.37e-07   .0002552   1.467359             RR, REML + Hartung-Knapp                    All reporte
> d binary rescue  
  5.          TF_PCA_DEMANDS_SMD           PCA demands / button presses                           PC
> A button presses/demands across trials (SMD)   8    -1.26859   -2.774055    .2368741   .0865629   
> 3.029359    97.8662   135.3604   SMD Hedges g, REML + Hartung-Knapp   Standardized mean difference
>  in PCA demands  

. 
. di as txt _n "SUCCESS: Target F analyses completed and exported."

SUCCESS: Target F analyses completed and exported.

. log close
      name:  <unnamed>
       log:  /Users/ryan/Documents/Perioperative_TEAS_EA_Review_2026/06_FINAL_ANALYSIS_V26/02_STATA/
> logs/07_targetF.log
  log type:  text
 closed on:   7 Sep 2026, 11:21:29
----------------------------------------------------------------------------------------------------
