----------------------------------------------------------------------------------------------------
      name:  <unnamed>
       log:  /Users/ryan/Documents/Perioperative_TEAS_EA_Review_2026/06_FINAL_ANALYSIS_V26/02_STATA/
> logs/10_broader24h_sensitivity.log
  log type:  text
 opened on:   8 Sep 2026, 08:07:42

. 
. di as txt "=================================================================="
==================================================================

. di as txt "10: BROADER 24-H OPIOID SENSITIVITY & ESTIMABILITY AUDIT"
10: BROADER 24-H OPIOID SENSITIVITY & ESTIMABILITY AUDIT

. di as txt "=================================================================="
==================================================================

. 
. use "06_FINAL_ANALYSIS_V26/01_DATA/opioid_24h_primary.dta", clear

. 
. * ------------------------------------------------------------------------------
. * 1. CANDIDATE POOL COMPOSITION
. * ------------------------------------------------------------------------------
. gen byte strict      = (inc_primary == 1)

. gen byte conditional = (inc_sens == 1 & inc_primary == 0)

. gen byte broadpool   = (strict == 1 | conditional == 1)

. gen int  n_total     = n_i + n_c

. 
. di as txt _n "------------------------------------------------------------------"

------------------------------------------------------------------

. di as txt "1. CANDIDATE POOL COMPOSITION"
1. CANDIDATE POOL COMPOSITION

. di as txt "------------------------------------------------------------------"
------------------------------------------------------------------

. count if strict == 1
  7

. local k_strict = r(N)

. summarize n_total if strict == 1, meanonly

. local n_strict = r(sum)

. 
. count if conditional == 1
  5

. local k_cond = r(N)

. summarize n_total if conditional == 1, meanonly

. local n_cond = r(sum)

. 
. count if broadpool == 1
  12

. local k_pool = r(N)

. summarize n_total if broadpool == 1, meanonly

. local n_pool = r(sum)

. 
. di as txt "Strict primary contributors      : k = `k_strict', N = `n_strict'"
Strict primary contributors      : k = 7, N = 676

. di as txt "Conditional (broader assumptions): k = `k_cond', N = `n_cond'"
Conditional (broader assumptions): k = 5, N = 317

. di as txt "Combined candidate pool          : k = `k_pool', N = `n_pool'"
Combined candidate pool          : k = 12, N = 993

. 
. di as txt _n "Conditional study units:"

Conditional study units:

. list study_unit unit data_type if conditional == 1, clean noobs

                  study_unit               unit    data_type  
                   Chen 2015     mg IV morphine   Median/IQR  
    Chen 2015 (Hyperalgesia)   µg/kg sufentanil   Median/IQR  
                  Coura 2011     µg/kg fentanyl      Mean/SD  
                    Sim 2002     mg/kg morphine      Mean/SD  
                  Zhang 2025      µg sufentanil      Mean/SD  

. 
. * ------------------------------------------------------------------------------
. * 2. ESTIMABILITY AUDIT
. * ------------------------------------------------------------------------------
. di as txt _n "------------------------------------------------------------------"

------------------------------------------------------------------

. di as txt "2. ESTIMABILITY AUDIT ACROSS THE CANDIDATE POOL"
2. ESTIMABILITY AUDIT ACROSS THE CANDIDATE POOL

. di as txt "------------------------------------------------------------------"
------------------------------------------------------------------

. 
. count if broadpool == 1 & !missing(md_mme, se_mme)
  8

. local k_md = r(N)

. count if broadpool == 1 & !missing(hedges_g, hedges_se)
  10

. local k_smd = r(N)

. 
. di as txt "Pool members with an MD in mg IV MME : `k_md' of `k_pool'"
Pool members with an MD in mg IV MME : 8 of 12

. di as txt "Pool members with Hedges' g          : `k_smd' of `k_pool'"
Pool members with Hedges' g          : 10 of 12

. 
. di as txt _n "Members with NO estimable MD (weight-normalised or Median/IQR):"

Members with NO estimable MD (weight-normalised or Median/IQR):

. list study_unit unit data_type if broadpool == 1 & missing(md_mme), clean noobs

                  study_unit               unit    data_type  
                   Chen 2015     mg IV morphine   Median/IQR  
    Chen 2015 (Hyperalgesia)   µg/kg sufentanil   Median/IQR  
                  Coura 2011     µg/kg fentanyl      Mean/SD  
                    Sim 2002     mg/kg morphine      Mean/SD  

. di as txt _n "Members with NO estimable SMD (Median/IQR, no derived mean/SD):"

Members with NO estimable SMD (Median/IQR, no derived mean/SD):

. list study_unit unit data_type if broadpool == 1 & missing(hedges_g), clean noobs

                  study_unit               unit    data_type  
                   Chen 2015     mg IV morphine   Median/IQR  
    Chen 2015 (Hyperalgesia)   µg/kg sufentanil   Median/IQR  

. 
. di as txt _n "CONCLUSION: a k=`k_pool' mean-difference pool is NOT estimable without"

CONCLUSION: a k=12 mean-difference pool is NOT estimable without

. di as txt "reconstructing absolute doses from group-mean body weights, which the"
reconstructing absolute doses from group-mean body weights, which the

. di as txt "v26 lock explicitly prohibits. No such model is fitted."
v26 lock explicitly prohibits. No such model is fitted.

. 
. * ------------------------------------------------------------------------------
. * 3. BROADER SMD SENSITIVITY ANALYSIS (scale-free; k=9)
. * ------------------------------------------------------------------------------
. di as txt _n "------------------------------------------------------------------"

------------------------------------------------------------------

. di as txt "3. BROADER SMD SENSITIVITY (REML + Hartung-Knapp)"
3. BROADER SMD SENSITIVITY (REML + Hartung-Knapp)

. di as txt "------------------------------------------------------------------"
------------------------------------------------------------------

. 
. gen byte smd_available = (broadpool == 1 & !missing(hedges_g, hedges_se))

. 
. * Tier E exclusion: POD1 is not an explicit 0-24 h clock window.
. gen byte tierE_window = (study_unit == "Zhang 2025")

. gen byte broad_smd    = (smd_available == 1 & tierE_window == 0)

. 
. count if smd_available == 1
  10

. local k_withzhang = r(N)

. count if broad_smd == 1
  9

. local k_broadsmd = r(N)

. summarize n_total if broad_smd == 1, meanonly

. local n_broadsmd = r(sum)

. di as txt "SMD-estimable pool               : k = `k_withzhang'"
SMD-estimable pool               : k = 10

. di as txt "Less Tier E window mismatch      : Zhang 2025 (POD1, not 0-24 h)"
Less Tier E window mismatch      : Zhang 2025 (POD1, not 0-24 h)

. di as txt "Broader SMD set (v33)            : k = `k_broadsmd', N = `n_broadsmd'"
Broader SMD set (v33)            : k = 9, N = 758

. list study_unit unit if broad_smd == 1, clean noobs

                   study_unit               unit  
                   Coura 2011     µg/kg fentanyl  
                     Sim 2002     mg/kg morphine  
                    Chen 1998   mg hydromorphone  
                    Chen 2020      µg sufentanil  
               El-Rakshy 2009     mg IV morphine  
    He 2026 (hepatectomy/JIS)             mg MME  
           Seevaunnamtum 2016        mg morphine  
                   Szmit 2021     mg IV morphine  
                    Yang 2024        mg morphine  

. 
. meta set hedges_g hedges_se if broad_smd == 1, studylabel(study_unit) ///
>     eslabel("Standardized Mean Difference (Hedges' g)")
(7 missing values generated)

Meta-analysis setting information

 Study information
    No. of studies: 9
       Study label: study_unit
        Study size: N/A

       Effect size
              Type: <generic>
             Label: Standardized Mean Difference (Hedges' g)
          Variable: hedges_g

         Precision
         Std. err.: hedges_se
                CI: [_meta_cil, _meta_ciu]
          CI level: 95%

  Model and method
             Model: Random effects
            Method: REML

. meta summarize, random(reml) se(kh)

  Effect-size label: Standardized Mean Difference (Hedges' g)
        Effect size: hedges_g
          Std. err.: hedges_se
        Study label: study_unit

Meta-analysis summary                             Number of studies =      9
Random-effects model                              Heterogeneity:
Method: REML                                                  tau2 =  1.0701
SE adjustment: Knapp–Hartung                                I2 (%) =   94.99
                                                                H2 =   19.94

               Effect size: Standardized Mean Difference (Hedges' g)
----------------------------------------------------------------------------
                    Study |    Effect size    [95% conf. interval]  % weight
--------------------------+-------------------------------------------------
               Coura 2011 |         -1.553      -2.519      -0.587      9.77
                 Sim 2002 |         -0.526      -1.040      -0.011     11.26
                Chen 1998 |         -0.958      -1.543      -0.373     11.07
                Chen 2020 |         -3.505      -4.203      -2.807     10.72
           El-Rakshy 2009 |         -0.088      -0.493       0.317     11.53
He 2026 (hepatectomy/JIS) |         -0.164      -0.476       0.147     11.71
       Seevaunnamtum 2016 |         -0.707      -1.212      -0.202     11.29
               Szmit 2021 |         -1.466      -2.103      -0.829     10.91
                Yang 2024 |         -0.062      -0.354       0.230     11.74
--------------------------+-------------------------------------------------
                    theta |         -0.969      -1.801      -0.137
----------------------------------------------------------------------------
Test of theta = 0: t(8) = -2.69                          Prob > |t| = 0.0277
Test of homogeneity: Q = chi2(8) = 104.62                  Prob > Q = 0.0000

. matrix res_broad = (r(theta), r(ci_lb), r(ci_ub), r(p), r(N), r(tau2), r(I2), r(Q))

. 
. * Transparency row: the superseded k=10 model that included Zhang 2025.
. di as txt _n "------------------------------------------------------------------"

------------------------------------------------------------------

. di as txt "3b. SUPERSEDED k=`k_withzhang' MODEL (Zhang 2025 included) -- transparency only"
3b. SUPERSEDED k=10 MODEL (Zhang 2025 included) -- transparency only

. di as txt "------------------------------------------------------------------"
------------------------------------------------------------------

. meta set hedges_g hedges_se if smd_available == 1, studylabel(study_unit) ///
>     eslabel("Standardized Mean Difference (Hedges' g)")
(6 missing values generated)

Meta-analysis setting information

 Study information
    No. of studies: 10
       Study label: study_unit
        Study size: N/A

       Effect size
              Type: <generic>
             Label: Standardized Mean Difference (Hedges' g)
          Variable: hedges_g

         Precision
         Std. err.: hedges_se
                CI: [_meta_cil, _meta_ciu]
          CI level: 95%

  Model and method
             Model: Random effects
            Method: REML

. meta summarize, random(reml) se(kh)

  Effect-size label: Standardized Mean Difference (Hedges' g)
        Effect size: hedges_g
          Std. err.: hedges_se
        Study label: study_unit

Meta-analysis summary                             Number of studies =     10
Random-effects model                              Heterogeneity:
Method: REML                                                  tau2 =  0.9408
SE adjustment: Knapp–Hartung                                I2 (%) =   94.50
                                                                H2 =   18.18

               Effect size: Standardized Mean Difference (Hedges' g)
----------------------------------------------------------------------------
                    Study |    Effect size    [95% conf. interval]  % weight
--------------------------+-------------------------------------------------
               Coura 2011 |         -1.553      -2.519      -0.587      8.62
                 Sim 2002 |         -0.526      -1.040      -0.011     10.11
               Zhang 2025 |         -0.670      -1.088      -0.252     10.35
                Chen 1998 |         -0.958      -1.543      -0.373      9.91
                Chen 2020 |         -3.505      -4.203      -2.807      9.56
           El-Rakshy 2009 |         -0.088      -0.493       0.317     10.38
He 2026 (hepatectomy/JIS) |         -0.164      -0.476       0.147     10.57
       Seevaunnamtum 2016 |         -0.707      -1.212      -0.202     10.14
               Szmit 2021 |         -1.466      -2.103      -0.829      9.76
                Yang 2024 |         -0.062      -0.354       0.230     10.60
--------------------------+-------------------------------------------------
                    theta |         -0.934      -1.665      -0.203
----------------------------------------------------------------------------
Test of theta = 0: t(9) = -2.89                          Prob > |t| = 0.0178
Test of homogeneity: Q = chi2(9) = 105.07                  Prob > Q = 0.0000

. matrix res_broad_z = (r(theta), r(ci_lb), r(ci_ub), r(p), r(N), r(tau2), r(I2), r(Q))

. 
. * Restore the v33 broader set as the active meta setting.
. meta set hedges_g hedges_se if broad_smd == 1, studylabel(study_unit) ///
>     eslabel("Standardized Mean Difference (Hedges' g)")
(7 missing values generated)

Meta-analysis setting information

 Study information
    No. of studies: 9
       Study label: study_unit
        Study size: N/A

       Effect size
              Type: <generic>
             Label: Standardized Mean Difference (Hedges' g)
          Variable: hedges_g

         Precision
         Std. err.: hedges_se
                CI: [_meta_cil, _meta_ciu]
          CI level: 95%

  Model and method
             Model: Random effects
            Method: REML

. 
. meta forestplot, ///
>     title("BROADER 24-h SENSITIVITY (SMD): strict + conditional trials", size(medium)) ///
>     subtitle("Random-effects REML + Hartung-Knapp (k=`k_broadsmd')", size(small)) ///
>     nullrefline nonotes

  Effect-size label: Standardized Mean Difference (Hedges' g)
        Effect size: hedges_g
          Std. err.: hedges_se
        Study label: study_unit

. graph export "06_FINAL_ANALYSIS_V26/04_FIGURES/forest_opioid24_broader_smd.png", width(1800) repla
> ce
file
    /Users/ryan/Documents/Perioperative_TEAS_EA_Review_2026/06_FINAL_ANALYSIS_V26/04_FIGURES/fores
    > t_opioid24_broader_smd.png saved as PNG format

. 
. * Strict SMD on the identical metric, for a like-for-like comparison.
. di as txt _n "------------------------------------------------------------------"

------------------------------------------------------------------

. di as txt "4. STRICT SMD REFERENCE (same metric, k=`k_strict')"
4. STRICT SMD REFERENCE (same metric, k=7)

. di as txt "------------------------------------------------------------------"
------------------------------------------------------------------

. meta set hedges_g hedges_se if strict == 1, studylabel(study_unit) ///
>     eslabel("Standardized Mean Difference (Hedges' g)")
(9 missing values generated)

Meta-analysis setting information

 Study information
    No. of studies: 7
       Study label: study_unit
        Study size: N/A

       Effect size
              Type: <generic>
             Label: Standardized Mean Difference (Hedges' g)
          Variable: hedges_g

         Precision
         Std. err.: hedges_se
                CI: [_meta_cil, _meta_ciu]
          CI level: 95%

  Model and method
             Model: Random effects
            Method: REML

. meta summarize, random(reml) se(kh)

  Effect-size label: Standardized Mean Difference (Hedges' g)
        Effect size: hedges_g
          Std. err.: hedges_se
        Study label: study_unit

Meta-analysis summary                             Number of studies =      7
Random-effects model                              Heterogeneity:
Method: REML                                                  tau2 =  1.3660
SE adjustment: Knapp–Hartung                                I2 (%) =   96.50
                                                                H2 =   28.54

               Effect size: Standardized Mean Difference (Hedges' g)
----------------------------------------------------------------------------
                    Study |    Effect size    [95% conf. interval]  % weight
--------------------------+-------------------------------------------------
                Chen 1998 |         -0.958      -1.543      -0.373     14.07
                Chen 2020 |         -3.505      -4.203      -2.807     13.72
           El-Rakshy 2009 |         -0.088      -0.493       0.317     14.54
He 2026 (hepatectomy/JIS) |         -0.164      -0.476       0.147     14.72
       Seevaunnamtum 2016 |         -0.707      -1.212      -0.202     14.30
               Szmit 2021 |         -1.466      -2.103      -0.829     13.91
                Yang 2024 |         -0.062      -0.354       0.230     14.75
--------------------------+-------------------------------------------------
                    theta |         -0.967      -2.086       0.153
----------------------------------------------------------------------------
Test of theta = 0: t(6) = -2.11                          Prob > |t| = 0.0790
Test of homogeneity: Q = chi2(6) = 100.09                  Prob > Q = 0.0000

. matrix res_strictsmd = (r(theta), r(ci_lb), r(ci_ub), r(p), r(N), r(tau2), r(I2), r(Q))

. 
. * ------------------------------------------------------------------------------
. * 5. EXPORT
. * ------------------------------------------------------------------------------
. clear

. set obs 3
Number of observations (_N) was 0, now 3.

. gen analysis_id      = ""
(3 missing values generated)

. gen analysis_type    = ""
(3 missing values generated)

. gen stratum          = ""
(3 missing values generated)

. gen k                = .
(3 missing values generated)

. gen n_participants   = .
(3 missing values generated)

. gen effect_measure   = ""
(3 missing values generated)

. gen estimate         = .
(3 missing values generated)

. gen ci_low           = .
(3 missing values generated)

. gen ci_high          = .
(3 missing values generated)

. gen p_value          = .
(3 missing values generated)

. gen tau2             = .
(3 missing values generated)

. gen i2               = .
(3 missing values generated)

. gen q_stat           = .
(3 missing values generated)

. gen model            = ""
(3 missing values generated)

. gen notes            = ""
(3 missing values generated)

. 
. replace analysis_id    = "OP24_STRICT_SMD" in 1
variable analysis_id was str1 now str15
(1 real change made)

. replace analysis_type  = "Strict primary (SMD reference)" in 1
variable analysis_type was str1 now str30
(1 real change made)

. replace stratum        = "Strict primary 24-h opioid, Hedges g" in 1
variable stratum was str1 now str36
(1 real change made)

. replace k              = res_strictsmd[1,5] in 1
(1 real change made)

. replace n_participants = `n_strict' in 1
(1 real change made)

. replace effect_measure = "Hedges g (SMD)" in 1
variable effect_measure was str1 now str14
(1 real change made)

. replace estimate       = res_strictsmd[1,1] in 1
(1 real change made)

. replace ci_low         = res_strictsmd[1,2] in 1
(1 real change made)

. replace ci_high        = res_strictsmd[1,3] in 1
(1 real change made)

. replace p_value        = res_strictsmd[1,4] in 1
(1 real change made)

. replace tau2           = res_strictsmd[1,6] in 1
(1 real change made)

. replace i2             = res_strictsmd[1,7] in 1
(1 real change made)

. replace q_stat         = res_strictsmd[1,8] in 1
(1 real change made)

. replace model          = "REML + Hartung-Knapp" in 1
variable model was str1 now str20
(1 real change made)

. replace notes          = "Strict set on the SMD metric; comparator for the broader SMD model" in 1
variable notes was str1 now str66
(1 real change made)

. 
. replace analysis_id    = "OP24_BROADER_SMD" in 2
variable analysis_id was str15 now str16
(1 real change made)

. replace analysis_type  = "Broader sensitivity (SMD)" in 2
(1 real change made)

. replace stratum        = "Strict + conditional 24-h opioid, Hedges g" in 2
variable stratum was str36 now str42
(1 real change made)

. replace k              = res_broad[1,5] in 2
(1 real change made)

. replace n_participants = `n_broadsmd' in 2
(1 real change made)

. replace effect_measure = "Hedges g (SMD)" in 2
(1 real change made)

. replace estimate       = res_broad[1,1] in 2
(1 real change made)

. replace ci_low         = res_broad[1,2] in 2
(1 real change made)

. replace ci_high        = res_broad[1,3] in 2
(1 real change made)

. replace p_value        = res_broad[1,4] in 2
(1 real change made)

. replace tau2           = res_broad[1,6] in 2
(1 real change made)

. replace i2             = res_broad[1,7] in 2
(1 real change made)

. replace q_stat         = res_broad[1,8] in 2
(1 real change made)

. replace model          = "REML + Hartung-Knapp" in 2
(1 real change made)

. replace notes          = "Adds Coura 2011 and Sim 2002. Zhang 2025 excluded (POD1, not an explicit
>  0-24 h window). Chen 2015 x2 remain unpoolable (Median/IQR). A k=11 MD pool is not estimable with
> out prohibited body-weight reconstruction." in 2
variable notes was str66 now str212
(1 real change made)

. 
. replace analysis_id    = "OP24_BROADER_SMD_WITH_ZHANG" in 3
variable analysis_id was str16 now str27
(1 real change made)

. replace analysis_type  = "Superseded (transparency only)" in 3
(1 real change made)

. replace stratum        = "Broader SMD set with Zhang 2025 retained" in 3
(1 real change made)

. replace k              = res_broad_z[1,5] in 3
(1 real change made)

. replace effect_measure = "Hedges g (SMD)" in 3
(1 real change made)

. replace estimate       = res_broad_z[1,1] in 3
(1 real change made)

. replace ci_low         = res_broad_z[1,2] in 3
(1 real change made)

. replace ci_high        = res_broad_z[1,3] in 3
(1 real change made)

. replace p_value        = res_broad_z[1,4] in 3
(1 real change made)

. replace tau2           = res_broad_z[1,6] in 3
(1 real change made)

. replace i2             = res_broad_z[1,7] in 3
(1 real change made)

. replace q_stat         = res_broad_z[1,8] in 3
(1 real change made)

. replace model          = "REML + Hartung-Knapp" in 3
(1 real change made)

. replace notes          = "SUPERSEDED by v33. Retained so the effect of the Zhang 2025 exclusion is
>  visible. Zhang 2025 reports POD1, not an explicit 0-24 h clock window; treating POD1 as 0-24 h is
>  a prohibited assumption. Not a headline result." in 3
variable notes was str212 now str218
(1 real change made)

. 
. save "06_FINAL_ANALYSIS_V26/03_RESULTS/results_broader24h_sensitivity.dta", replace
file 06_FINAL_ANALYSIS_V26/03_RESULTS/results_broader24h_sensitivity.dta saved

. export delimited "06_FINAL_ANALYSIS_V26/03_RESULTS/results_broader24h_sensitivity.csv", replace
file 06_FINAL_ANALYSIS_V26/03_RESULTS/results_broader24h_sensitivity.csv saved

. list analysis_id k n_participants estimate ci_low ci_high p_value i2, clean noobs

                    analysis_id    k   n_part~s    estimate      ci_low     ci_high    p_value      
>    i2  
                OP24_STRICT_SMD    7        676   -.9667498   -2.086176    .1526764   .0790245   96.
> 49673  
               OP24_BROADER_SMD    9        758   -.9690953   -1.801098   -.1370927   .0276687   94.
> 98573  
    OP24_BROADER_SMD_WITH_ZHANG   10          .   -.9343767    -1.66529   -.2034638   .0178298   94.
> 49993  

. 
. di as txt _n "SUCCESS: broader 24-h sensitivity analysis complete."

SUCCESS: broader 24-h sensitivity analysis complete.

. log close
      name:  <unnamed>
       log:  /Users/ryan/Documents/Perioperative_TEAS_EA_Review_2026/06_FINAL_ANALYSIS_V26/02_STATA/
> logs/10_broader24h_sensitivity.log
  log type:  text
 closed on:   8 Sep 2026, 08:07:43
----------------------------------------------------------------------------------------------------
