----------------------------------------------------------------------------------------------------
      name:  <unnamed>
       log:  /Users/ryan/Documents/Perioperative_TEAS_EA_Review_2026/06_FINAL_ANALYSIS_V26/02_STATA/
> logs/00_prep_data.log
  log type:  text
 opened on:   7 Sep 2026, 14:48:51

. 
. di as txt "=================================================================="
==================================================================

. di as txt "00: PREPARING CLEAN ANALYSIS DATASETS FROM AUTHORITATIVE V26 WORKBOOK"
00: PREPARING CLEAN ANALYSIS DATASETS FROM AUTHORITATIVE V26 WORKBOOK

. di as txt "Source: TEAS_EA_RECONCILED_MASTER_DATA_v26_FINAL_LOCK_READY.xlsx"
Source: TEAS_EA_RECONCILED_MASTER_DATA_v26_FINAL_LOCK_READY.xlsx

. di as txt "=================================================================="
==================================================================

. 
. local master_xlsx "/Users/ryan/Documents/Perioperative_TEAS_EA_Review_2026/TEAS EA Verification/TE
> AS_EA_RECONCILED_MASTER_DATA_v26_FINAL_LOCK_READY.xlsx"

. 
. * ------------------------------------------------------------------------------
. * PART 1: PRIMARY 24-H OPIOID CONSUMPTION
. * ------------------------------------------------------------------------------
. import excel using "`master_xlsx'", sheet("Stata_Opioid24_Primary") firstrow clear
(32 vars, 15 obs)

. 
. * Standardize variable names
. rename provisional_primary_include inc_primary

. rename provisional_sensitivity_include inc_sens

. 
. * Generate MME conversion factor and converted doses
. gen mme_factor = .
(15 missing values generated)

. replace mme_factor = 1.0 if unit == "mg morphine" | unit == "mg IV morphine" | unit == "mg MME"
(6 real changes made)

. replace mme_factor = 5.0 if unit == "mg hydromorphone"
(1 real change made)

. replace mme_factor = 0.1 if unit == "µg sufentanil"
(2 real changes made)

. 
. gen mean_i_mme = mean_i * mme_factor
(7 missing values generated)

. gen sd_i_mme   = sd_i   * mme_factor
(7 missing values generated)

. gen mean_c_mme = mean_c * mme_factor
(7 missing values generated)

. gen sd_c_mme   = sd_c   * mme_factor
(7 missing values generated)

. 
. * Calculate Mean Difference and SE in MME
. gen md_mme = mean_i_mme - mean_c_mme
(7 missing values generated)

. gen se_mme = sqrt((sd_i_mme^2 / n_i) + (sd_c_mme^2 / n_c))
(7 missing values generated)

. gen ci_low_mme = md_mme - invnormal(0.975) * se_mme
(7 missing values generated)

. gen ci_upp_mme = md_mme + invnormal(0.975) * se_mme
(7 missing values generated)

. 
. * Calculate Hedges' g (SMD) and SE
. gen s_pooled = sqrt( ((n_i - 1)*sd_i^2 + (n_c - 1)*sd_c^2) / (n_i + n_c - 2) )
(3 missing values generated)

. gen d = (mean_i - mean_c) / s_pooled
(3 missing values generated)

. gen j_corr = 1 - (3 / (4 * (n_i + n_c) - 9))

. gen hedges_g = d * j_corr
(3 missing values generated)

. gen hedges_se = sqrt( ((n_i + n_c) / (n_i * n_c)) + (hedges_g^2 / (2 * (n_i + n_c))) )
(3 missing values generated)

. 
. * Classify intervention modality and comparator
. gen modality = ""
(15 missing values generated)

. replace modality = "TEAS" if strpos(intervention, "TEAS") > 0 | strpos(intervention, "TENS") > 0
variable modality was str1 now str4
(8 real changes made)

. replace modality = "EA"   if strpos(intervention, "EA") > 0 & modality == ""
(6 real changes made)

. 
. gen comparator_type = ""
(15 missing values generated)

. replace comparator_type = "Sham" if strpos(comparator, "Sham") > 0 | strpos(comparator, "Placebo")
>  > 0 | strpos(comparator, "No-current") > 0
variable comparator_type was str1 now str4
(7 real changes made)

. replace comparator_type = "Usual Care / Control" if comparator_type == ""
variable comparator_type was str4 now str20
(8 real changes made)

. 
. * Study label for plots
. gen study_label = study_unit

. 
. sort inc_primary study_unit

. save "06_FINAL_ANALYSIS_V26/01_DATA/opioid_24h_primary.dta", replace
file 06_FINAL_ANALYSIS_V26/01_DATA/opioid_24h_primary.dta saved

. export delimited "06_FINAL_ANALYSIS_V26/01_DATA/opioid_24h_primary.csv", replace
file 06_FINAL_ANALYSIS_V26/01_DATA/opioid_24h_primary.csv saved

. 
. di as txt "Saved 01_DATA/opioid_24h_primary.dta (N = " _N ")"
Saved 01_DATA/opioid_24h_primary.dta (N = 15)

. 
. * ------------------------------------------------------------------------------
. * PART 2: IMPORT RESULT-SPECIFIC ROB FROM AF_Result_Lock FOR MERGING
. * ------------------------------------------------------------------------------
. import excel using "`master_xlsx'", sheet("AF_Result_Lock") firstrow clear
(28 vars, 108 obs)

. rename LockID lock_id

. rename OverallRoB result_rob

. rename D1 rob_d1

. rename D2 rob_d2

. rename D3 rob_d3

. rename D4 rob_d4

. rename D5 rob_d5

. keep lock_id result_rob rob_d1 rob_d2 rob_d3 rob_d4 rob_d5 Sourceverifiedresult KeyQCnote

. tempfile af_rob

. save `af_rob', replace
(file /var/folders/7q/vsx8qt9d0mlfyhgbdt1b27dw0000gn/T//S_39540.000001 not found)
file /var/folders/7q/vsx8qt9d0mlfyhgbdt1b27dw0000gn/T//S_39540.000001 saved as .dta format

. 
. * ------------------------------------------------------------------------------
. * PART 3: STATA_AF_LONG MASTER IMPORT AND MERGE
. * ------------------------------------------------------------------------------
. import excel using "`master_xlsx'", sheet("Stata_AF_Long") firstrow clear
(41 vars, 108 obs)

. merge m:1 lock_id using `af_rob', keep(master match) nogenerate

    Result                      Number of obs
    -----------------------------------------
    Not matched                             0
    Matched                               108  
    -----------------------------------------

. 
. * Save Master Locked Dataset
. save "06_FINAL_ANALYSIS_V26/01_DATA/analysis_dataset_locked.dta", replace
file 06_FINAL_ANALYSIS_V26/01_DATA/analysis_dataset_locked.dta saved

. export delimited "06_FINAL_ANALYSIS_V26/01_DATA/analysis_dataset_locked.csv", replace
file 06_FINAL_ANALYSIS_V26/01_DATA/analysis_dataset_locked.csv saved

. di as txt "Saved 01_DATA/analysis_dataset_locked.dta (N = " _N ")"
Saved 01_DATA/analysis_dataset_locked.dta (N = 108)

. 
. * ------------------------------------------------------------------------------
. * PART 4: SUBSET TARGET A (0-48 H CUMULATIVE OPIOID)
. * ------------------------------------------------------------------------------
. use "06_FINAL_ANALYSIS_V26/01_DATA/analysis_dataset_locked.dta", clear

. keep if target == "A"
(103 observations deleted)

. 
. * MME Conversion:
. * Chen 2020: sufentanil ug -> MME (factor 0.1)
. * An 2014: fentanyl mg -> MME (factor 100.0)
. * Zhang 2023: Median/IQR 110 (80-110) vs 110 (90-110) mg IV MME -> Wan et al. conversion:
. *   arm_i: mean = (80 + 110 + 110)/3 = 100.0, sd = (110 - 80)/1.34898 = 22.239
. *   arm_c: mean = (90 + 110 + 110)/3 = 103.333, sd = (110 - 90)/1.34898 = 14.826
. * Xie 2014: sufentanil ug -> MME (factor 0.1)
. 
. gen mme_factor = .
(5 missing values generated)

. replace mme_factor = 0.1 if unit == "µg sufentanil"
(3 real changes made)

. replace mme_factor = 100.0 if unit == "mg fentanyl"
(1 real change made)

. replace mme_factor = 1.0 if unit == "mg IV morphine-equivalent"
(1 real change made)

. 
. gen mean_i_mme = mean_i * mme_factor
(1 missing value generated)

. gen sd_i_mme   = sd_i   * mme_factor
(1 missing value generated)

. gen mean_c_mme = mean_c * mme_factor
(1 missing value generated)

. gen sd_c_mme   = sd_c   * mme_factor
(1 missing value generated)

. 
. * Apply Wan et al. for Zhang 2023
. replace mean_i_mme = (80 + 110 + 110) / 3 if study == "Zhang 2023"
(1 real change made)

. replace sd_i_mme   = (110 - 80) / 1.34898 if study == "Zhang 2023"
(1 real change made)

. replace mean_c_mme = (90 + 110 + 110) / 3 if study == "Zhang 2023"
(1 real change made)

. replace sd_c_mme   = (110 - 90) / 1.34898 if study == "Zhang 2023"
(1 real change made)

. gen is_median_converted = (study == "Zhang 2023")

. 
. gen md_mme = mean_i_mme - mean_c_mme

. gen se_mme = sqrt((sd_i_mme^2 / n_i) + (sd_c_mme^2 / n_c))

. 
. save "06_FINAL_ANALYSIS_V26/01_DATA/target_A_48h.dta", replace
file 06_FINAL_ANALYSIS_V26/01_DATA/target_A_48h.dta saved

. export delimited "06_FINAL_ANALYSIS_V26/01_DATA/target_A_48h.csv", replace
file 06_FINAL_ANALYSIS_V26/01_DATA/target_A_48h.csv saved

. di as txt "Saved 01_DATA/target_A_48h.dta (N = " _N ")"
Saved 01_DATA/target_A_48h.dta (N = 5)

. 
. * ------------------------------------------------------------------------------
. * PART 5: SUBSET TARGET B (0-72 H CUMULATIVE OPIOID)
. * ------------------------------------------------------------------------------
. use "06_FINAL_ANALYSIS_V26/01_DATA/analysis_dataset_locked.dta", clear

. keep if target == "B"
(106 observations deleted)

. 
. gen md = mean_i - mean_c

. gen se = sqrt((sd_i^2 / n_i) + (sd_c^2 / n_c))

. 
. save "06_FINAL_ANALYSIS_V26/01_DATA/target_B_72h.dta", replace
file 06_FINAL_ANALYSIS_V26/01_DATA/target_B_72h.dta saved

. export delimited "06_FINAL_ANALYSIS_V26/01_DATA/target_B_72h.csv", replace
file 06_FINAL_ANALYSIS_V26/01_DATA/target_B_72h.csv saved

. di as txt "Saved 01_DATA/target_B_72h.dta (N = " _N ")"
Saved 01_DATA/target_B_72h.dta (N = 2)

. 
. * ------------------------------------------------------------------------------
. * PART 6: SUBSET TARGET C (PAIN AT REST ~24 H)
. * ------------------------------------------------------------------------------
. use "06_FINAL_ANALYSIS_V26/01_DATA/analysis_dataset_locked.dta", clear

. keep if target == "C"
(106 observations deleted)

. 
. gen md = mean_i - mean_c

. gen se = sqrt((sd_i^2 / n_i) + (sd_c^2 / n_c))

. 
. save "06_FINAL_ANALYSIS_V26/01_DATA/target_C_pain24h.dta", replace
file 06_FINAL_ANALYSIS_V26/01_DATA/target_C_pain24h.dta saved

. export delimited "06_FINAL_ANALYSIS_V26/01_DATA/target_C_pain24h.csv", replace
file 06_FINAL_ANALYSIS_V26/01_DATA/target_C_pain24h.csv saved

. di as txt "Saved 01_DATA/target_C_pain24h.dta (N = " _N ")"
Saved 01_DATA/target_C_pain24h.dta (N = 2)

. 
. * ------------------------------------------------------------------------------
. * PART 7: SUBSET TARGET D (PONV STRATIFIED)
. * ------------------------------------------------------------------------------
. use "06_FINAL_ANALYSIS_V26/01_DATA/analysis_dataset_locked.dta", clear

. keep if target == "D"
(97 observations deleted)

. 
. save "06_FINAL_ANALYSIS_V26/01_DATA/target_D_ponv.dta", replace
file 06_FINAL_ANALYSIS_V26/01_DATA/target_D_ponv.dta saved

. export delimited "06_FINAL_ANALYSIS_V26/01_DATA/target_D_ponv.csv", replace
file 06_FINAL_ANALYSIS_V26/01_DATA/target_D_ponv.csv saved

. di as txt "Saved 01_DATA/target_D_ponv.dta (N = " _N ")"
Saved 01_DATA/target_D_ponv.dta (N = 11)

. 
. * ------------------------------------------------------------------------------
. * PART 8: SUBSET TARGET E (TIME TO FIRST FLATUS)
. * ------------------------------------------------------------------------------
. use "06_FINAL_ANALYSIS_V26/01_DATA/analysis_dataset_locked.dta", clear

. keep if target == "E"
(102 observations deleted)

. 
. * Note: Ng 2013 is in days; others are in hours.
. * Convert Ng 2013 to hours (days * 24):
. gen mean_i_hours = mean_i

. gen sd_i_hours   = sd_i

. gen mean_c_hours = mean_c

. gen sd_c_hours   = sd_c

. 
. replace mean_i_hours = mean_i * 24 if study == "Ng 2013"
(1 real change made)

. replace sd_i_hours   = sd_i   * 24 if study == "Ng 2013"
(1 real change made)

. replace mean_c_hours = mean_c * 24 if study == "Ng 2013"
(1 real change made)

. replace sd_c_hours   = sd_c   * 24 if study == "Ng 2013"
(1 real change made)

. 
. gen md_hours = mean_i_hours - mean_c_hours

. gen se_hours = sqrt((sd_i_hours^2 / n_i) + (sd_c_hours^2 / n_c))

. 
. * Standardized Mean Difference (Hedges' g) on native scale
. gen s_pooled = sqrt( ((n_i - 1)*sd_i^2 + (n_c - 1)*sd_c^2) / (n_i + n_c - 2) )

. gen d = (mean_i - mean_c) / s_pooled

. gen j_corr = 1 - (3 / (4 * (n_i + n_c) - 9))

. gen hedges_g = d * j_corr

. gen hedges_se = sqrt( ((n_i + n_c) / (n_i * n_c)) + (hedges_g^2 / (2 * (n_i + n_c))) )

. 
. save "06_FINAL_ANALYSIS_V26/01_DATA/target_E_flatus.dta", replace
file 06_FINAL_ANALYSIS_V26/01_DATA/target_E_flatus.dta saved

. export delimited "06_FINAL_ANALYSIS_V26/01_DATA/target_E_flatus.csv", replace
file 06_FINAL_ANALYSIS_V26/01_DATA/target_E_flatus.csv saved

. di as txt "Saved 01_DATA/target_E_flatus.dta (N = " _N ")"
Saved 01_DATA/target_E_flatus.dta (N = 6)

. 
. * ------------------------------------------------------------------------------
. * PART 9: SUBSET TARGET F (EXPLORATORY RESCUE / PCA / EXPOSURE)
. * ------------------------------------------------------------------------------
. use "06_FINAL_ANALYSIS_V26/01_DATA/analysis_dataset_locked.dta", clear

. keep if substr(target, 1, 1) == "F"
(26 observations deleted)

. 
. save "06_FINAL_ANALYSIS_V26/01_DATA/target_F_exploratory.dta", replace
file 06_FINAL_ANALYSIS_V26/01_DATA/target_F_exploratory.dta saved

. export delimited "06_FINAL_ANALYSIS_V26/01_DATA/target_F_exploratory.csv", replace
file 06_FINAL_ANALYSIS_V26/01_DATA/target_F_exploratory.csv saved

. di as txt "Saved 01_DATA/target_F_exploratory.dta (N = " _N ")"
Saved 01_DATA/target_F_exploratory.dta (N = 82)

. 
. di as txt _n "SUCCESS: All analysis datasets cleanly prepared and exported."

SUCCESS: All analysis datasets cleanly prepared and exported.

. log close
      name:  <unnamed>
       log:  /Users/ryan/Documents/Perioperative_TEAS_EA_Review_2026/06_FINAL_ANALYSIS_V26/02_STATA/
> logs/00_prep_data.log
  log type:  text
 closed on:   7 Sep 2026, 14:48:51
----------------------------------------------------------------------------------------------------
