----------------------------------------------------------------------------------------------------
      name:  <unnamed>
       log:  /Users/ryan/Documents/Perioperative_TEAS_EA_Review_2026/06_FINAL_ANALYSIS_V26/02_STATA/
> logs/08_sensitivity.log
  log type:  text
 opened on:   7 Sep 2026, 20:38:21

. 
. di as txt "=================================================================="
==================================================================

. di as txt "08: SENSITIVITY ANALYSES & LEAVE-ONE-OUT INFLUENCE DIAGNOSTICS"
08: SENSITIVITY ANALYSES & LEAVE-ONE-OUT INFLUENCE DIAGNOSTICS

. di as txt "=================================================================="
==================================================================

. 
. * ------------------------------------------------------------------------------
. * PART 1: LEAVE-ONE-OUT FOR PRIMARY 24-H OPIOID (k=7)
. * ------------------------------------------------------------------------------
. use "06_FINAL_ANALYSIS_V26/01_DATA/opioid_24h_primary.dta", clear

. keep if inc_primary == 1
(9 observations deleted)

. 
. meta set md_mme se_mme, studylabel(study_unit) eslabel("Mean Difference (mg IV MME)")

Meta-analysis setting information

 Study information
    No. of studies: 7
       Study label: study_unit
        Study size: N/A

       Effect size
              Type: <generic>
             Label: Mean Difference (mg IV MME)
          Variable: md_mme

         Precision
         Std. err.: se_mme
                CI: [_meta_cil, _meta_ciu]
          CI level: 95%

  Model and method
             Model: Random effects
            Method: REML

. 
. di as txt _n "=== FULL PRIMARY 24-H MODEL (k=7) [REML + KH] ==="

=== FULL PRIMARY 24-H MODEL (k=7) [REML + KH] ===

. meta summarize, random(reml) se(kh)

  Effect-size label: Mean Difference (mg IV MME)
        Effect size: md_mme
          Std. err.: se_mme
        Study label: study_unit

Meta-analysis summary                             Number of studies =      7
Random-effects model                              Heterogeneity:
Method: REML                                                  tau2 = 113.9105
SE adjustment: Knapp–Hartung                                I2 (%) =   98.57
                                                                H2 =   69.89

               Effect size: Mean Difference (mg IV MME)
----------------------------------------------------------------------------
                    Study |    Effect size    [95% conf. interval]  % weight
--------------------------+-------------------------------------------------
                Chen 1998 |        -21.000     -32.962      -9.038     11.69
                Chen 2020 |        -28.190     -31.681     -24.699     15.09
           El-Rakshy 2009 |         -1.600      -8.888       5.688     13.83
He 2026 (hepatectomy/JIS) |         -0.600      -1.733       0.533     15.47
       Seevaunnamtum 2016 |        -12.560     -21.162      -3.958     13.27
               Szmit 2021 |         -7.700     -10.623      -4.777     15.21
                Yang 2024 |         -0.300      -1.703       1.103     15.44
--------------------------+-------------------------------------------------
                    theta |         -9.907     -20.079       0.265
----------------------------------------------------------------------------
Test of theta = 0: t(6) = -2.38                          Prob > |t| = 0.0545
Test of homogeneity: Q = chi2(6) = 254.61                  Prob > Q = 0.0000

. 
. di as txt _n "=== LEAVE-ONE-OUT ANALYSIS: PRIMARY 24-H OPIOID ==="

=== LEAVE-ONE-OUT ANALYSIS: PRIMARY 24-H OPIOID ===

. * Stata meta leaveoneout
. meta summarize, random(reml) se(kh) leaveoneout

  Effect-size label: Mean Difference (mg IV MME)
        Effect size: md_mme
          Std. err.: se_mme
        Study label: study_unit

Leave-one-out meta-analysis summary           Number of studies =      7
Random-effects model
Method: REML 
SE adjustment: Knapp–Hartung

                     theta: Overall Mean Difference (mg IV MME)
------------------------------------------------------------------------
            Omitted study |       theta    [95% conf. interval]  p-value
--------------------------+---------------------------------------------
                Chen 1998 |      -8.439     -19.875       2.997    0.116
                Chen 2020 |      -5.831     -13.571       1.910    0.111
           El-Rakshy 2009 |     -11.273     -23.182       0.636    0.059
He 2026 (hepatectomy/JIS) |     -11.616     -23.331       0.099    0.051
       Seevaunnamtum 2016 |      -9.551     -22.057       2.955    0.107
               Szmit 2021 |     -10.363     -22.997       2.271    0.089
                Yang 2024 |     -11.665     -23.313      -0.018    0.050
--------------------------+---------------------------------------------
                    theta |      -9.907     -20.079       0.265    0.055
------------------------------------------------------------------------

. 
. * Export leave-one-out forest plot / graph
. meta forestplot, leaveoneout ///
>     title("Leave-One-Out Influence: Primary 24-h Opioid (mg IV MME)", size(medium)) ///
>     subtitle("Random-Effects REML + Hartung-Knapp", size(small)) ///
>     nullrefline nonotes

  Effect-size label: Mean Difference (mg IV MME)
        Effect size: md_mme
          Std. err.: se_mme
        Study label: study_unit

. graph export "06_FINAL_ANALYSIS_V26/04_FIGURES/loo_opioid24_primary.png", width(1800) replace
file
    /Users/ryan/Documents/Perioperative_TEAS_EA_Review_2026/06_FINAL_ANALYSIS_V26/04_FIGURES/loo_o
    > pioid24_primary.png saved as PNG format

. 
. * ------------------------------------------------------------------------------
. * PART 2: ESTIMATOR SENSITIVITY GRID FOR PRIMARY 24-H OPIOID
. * ------------------------------------------------------------------------------
. di as txt _n "=== ESTIMATOR SENSITIVITY GRID: PRIMARY 24-H OPIOID ==="

=== ESTIMATOR SENSITIVITY GRID: PRIMARY 24-H OPIOID ===

. 
. * 1. REML + KH (Reference)
. meta summarize, random(reml) se(kh)

  Effect-size label: Mean Difference (mg IV MME)
        Effect size: md_mme
          Std. err.: se_mme
        Study label: study_unit

Meta-analysis summary                             Number of studies =      7
Random-effects model                              Heterogeneity:
Method: REML                                                  tau2 = 113.9105
SE adjustment: Knapp–Hartung                                I2 (%) =   98.57
                                                                H2 =   69.89

               Effect size: Mean Difference (mg IV MME)
----------------------------------------------------------------------------
                    Study |    Effect size    [95% conf. interval]  % weight
--------------------------+-------------------------------------------------
                Chen 1998 |        -21.000     -32.962      -9.038     11.69
                Chen 2020 |        -28.190     -31.681     -24.699     15.09
           El-Rakshy 2009 |         -1.600      -8.888       5.688     13.83
He 2026 (hepatectomy/JIS) |         -0.600      -1.733       0.533     15.47
       Seevaunnamtum 2016 |        -12.560     -21.162      -3.958     13.27
               Szmit 2021 |         -7.700     -10.623      -4.777     15.21
                Yang 2024 |         -0.300      -1.703       1.103     15.44
--------------------------+-------------------------------------------------
                    theta |         -9.907     -20.079       0.265
----------------------------------------------------------------------------
Test of theta = 0: t(6) = -2.38                          Prob > |t| = 0.0545
Test of homogeneity: Q = chi2(6) = 254.61                  Prob > Q = 0.0000

. matrix est_reml_kh = (r(theta), r(ci_lb), r(ci_ub), r(p), r(N), r(tau2), r(I2))

. 
. * 2. REML Wald (unadjusted)
. meta summarize, random(reml)

  Effect-size label: Mean Difference (mg IV MME)
        Effect size: md_mme
          Std. err.: se_mme
        Study label: study_unit

Meta-analysis summary                             Number of studies =      7
Random-effects model                              Heterogeneity:
Method: REML                                                  tau2 = 113.9105
                                                            I2 (%) =   98.57
                                                                H2 =   69.89

               Effect size: Mean Difference (mg IV MME)
----------------------------------------------------------------------------
                    Study |    Effect size    [95% conf. interval]  % weight
--------------------------+-------------------------------------------------
                Chen 1998 |        -21.000     -32.962      -9.038     11.69
                Chen 2020 |        -28.190     -31.681     -24.699     15.09
           El-Rakshy 2009 |         -1.600      -8.888       5.688     13.83
He 2026 (hepatectomy/JIS) |         -0.600      -1.733       0.533     15.47
       Seevaunnamtum 2016 |        -12.560     -21.162      -3.958     13.27
               Szmit 2021 |         -7.700     -10.623      -4.777     15.21
                Yang 2024 |         -0.300      -1.703       1.103     15.44
--------------------------+-------------------------------------------------
                    theta |         -9.907     -18.146      -1.668
----------------------------------------------------------------------------
Test of theta = 0: z = -2.36                             Prob > |z| = 0.0184
Test of homogeneity: Q = chi2(6) = 254.61                  Prob > Q = 0.0000

. matrix est_reml_wald = (r(theta), r(ci_lb), r(ci_ub), r(p), r(N), r(tau2), r(I2))

. 
. * 3. DL + KH
. meta summarize, random(dl) se(kh)

  Effect-size label: Mean Difference (mg IV MME)
        Effect size: md_mme
          Std. err.: se_mme
        Study label: study_unit

Meta-analysis summary                             Number of studies =      7
Random-effects model                              Heterogeneity:
Method: DerSimonian–Laird                                     tau2 = 68.5143
SE adjustment: Knapp–Hartung                                I2 (%) =   97.64
                                                                H2 =   42.43

               Effect size: Mean Difference (mg IV MME)
----------------------------------------------------------------------------
                    Study |    Effect size    [95% conf. interval]  % weight
--------------------------+-------------------------------------------------
                Chen 1998 |        -21.000     -32.962      -9.038     10.50
                Chen 2020 |        -28.190     -31.681     -24.699     15.48
           El-Rakshy 2009 |         -1.600      -8.888       5.688     13.48
He 2026 (hepatectomy/JIS) |         -0.600      -1.733       0.533     16.12
       Seevaunnamtum 2016 |        -12.560     -21.162      -3.958     12.65
               Szmit 2021 |         -7.700     -10.623      -4.777     15.69
                Yang 2024 |         -0.300      -1.703       1.103     16.08
--------------------------+-------------------------------------------------
                    theta |         -9.726     -19.933       0.481
----------------------------------------------------------------------------
Test of theta = 0: t(6) = -2.33                          Prob > |t| = 0.0585
Test of homogeneity: Q = chi2(6) = 254.61                  Prob > Q = 0.0000

. matrix est_dl_kh = (r(theta), r(ci_lb), r(ci_ub), r(p), r(N), r(tau2), r(I2))

. 
. * 4. DL Wald (unadjusted)
. meta summarize, random(dl)

  Effect-size label: Mean Difference (mg IV MME)
        Effect size: md_mme
          Std. err.: se_mme
        Study label: study_unit

Meta-analysis summary                             Number of studies =      7
Random-effects model                              Heterogeneity:
Method: DerSimonian–Laird                                     tau2 = 68.5143
                                                            I2 (%) =   97.64
                                                                H2 =   42.43

               Effect size: Mean Difference (mg IV MME)
----------------------------------------------------------------------------
                    Study |    Effect size    [95% conf. interval]  % weight
--------------------------+-------------------------------------------------
                Chen 1998 |        -21.000     -32.962      -9.038     10.50
                Chen 2020 |        -28.190     -31.681     -24.699     15.48
           El-Rakshy 2009 |         -1.600      -8.888       5.688     13.48
He 2026 (hepatectomy/JIS) |         -0.600      -1.733       0.533     16.12
       Seevaunnamtum 2016 |        -12.560     -21.162      -3.958     12.65
               Szmit 2021 |         -7.700     -10.623      -4.777     15.69
                Yang 2024 |         -0.300      -1.703       1.103     16.08
--------------------------+-------------------------------------------------
                    theta |         -9.726     -16.256      -3.196
----------------------------------------------------------------------------
Test of theta = 0: z = -2.92                             Prob > |z| = 0.0035
Test of homogeneity: Q = chi2(6) = 254.61                  Prob > Q = 0.0000

. matrix est_dl_wald = (r(theta), r(ci_lb), r(ci_ub), r(p), r(N), r(tau2), r(I2))

. 
. * 5. Empirical Bayes (EB) + KH
. meta summarize, random(ebayes) se(kh)

  Effect-size label: Mean Difference (mg IV MME)
        Effect size: md_mme
          Std. err.: se_mme
        Study label: study_unit

Meta-analysis summary                             Number of studies =      7
Random-effects model                              Heterogeneity:
Method: Empirical Bayes                                       tau2 = 111.2629
SE adjustment: Knapp–Hartung                                I2 (%) =   98.54
                                                                H2 =   68.29

               Effect size: Mean Difference (mg IV MME)
----------------------------------------------------------------------------
                    Study |    Effect size    [95% conf. interval]  % weight
--------------------------+-------------------------------------------------
                Chen 1998 |        -21.000     -32.962      -9.038     11.64
                Chen 2020 |        -28.190     -31.681     -24.699     15.11
           El-Rakshy 2009 |         -1.600      -8.888       5.688     13.82
He 2026 (hepatectomy/JIS) |         -0.600      -1.733       0.533     15.49
       Seevaunnamtum 2016 |        -12.560     -21.162      -3.958     13.24
               Szmit 2021 |         -7.700     -10.623      -4.777     15.23
                Yang 2024 |         -0.300      -1.703       1.103     15.47
--------------------------+-------------------------------------------------
                    theta |         -9.900     -20.074       0.274
----------------------------------------------------------------------------
Test of theta = 0: t(6) = -2.38                          Prob > |t| = 0.0547
Test of homogeneity: Q = chi2(6) = 254.61                  Prob > Q = 0.0000

. matrix est_eb_kh = (r(theta), r(ci_lb), r(ci_ub), r(p), r(N), r(tau2), r(I2))

. 
. * 6. Paule-Mandel (PM) + KH
. meta summarize, random(pmandel) se(kh)

  Effect-size label: Mean Difference (mg IV MME)
        Effect size: md_mme
          Std. err.: se_mme
        Study label: study_unit

Meta-analysis summary                             Number of studies =      7
Random-effects model                              Heterogeneity:
Method: Paule–Mandel                                          tau2 = 111.2629
SE adjustment: Knapp–Hartung                                I2 (%) =   98.54
                                                                H2 =   68.29

               Effect size: Mean Difference (mg IV MME)
----------------------------------------------------------------------------
                    Study |    Effect size    [95% conf. interval]  % weight
--------------------------+-------------------------------------------------
                Chen 1998 |        -21.000     -32.962      -9.038     11.64
                Chen 2020 |        -28.190     -31.681     -24.699     15.11
           El-Rakshy 2009 |         -1.600      -8.888       5.688     13.82
He 2026 (hepatectomy/JIS) |         -0.600      -1.733       0.533     15.49
       Seevaunnamtum 2016 |        -12.560     -21.162      -3.958     13.24
               Szmit 2021 |         -7.700     -10.623      -4.777     15.23
                Yang 2024 |         -0.300      -1.703       1.103     15.47
--------------------------+-------------------------------------------------
                    theta |         -9.900     -20.074       0.274
----------------------------------------------------------------------------
Test of theta = 0: t(6) = -2.38                          Prob > |t| = 0.0547
Test of homogeneity: Q = chi2(6) = 254.61                  Prob > Q = 0.0000

. matrix est_pm_kh = (r(theta), r(ci_lb), r(ci_ub), r(p), r(N), r(tau2), r(I2))

. 
. * 7. Fixed-effect (common effect) model
. meta summarize, common

  Effect-size label: Mean Difference (mg IV MME)
        Effect size: md_mme
          Std. err.: se_mme
        Study label: study_unit

Meta-analysis summary                             Number of studies =      7
Common-effect model
Method: Inverse-variance 

               Effect size: Mean Difference (mg IV MME)
----------------------------------------------------------------------------
                    Study |    Effect size    [95% conf. interval]  % weight
--------------------------+-------------------------------------------------
                Chen 1998 |        -21.000     -32.962      -9.038      0.46
                Chen 2020 |        -28.190     -31.681     -24.699      5.38
           El-Rakshy 2009 |         -1.600      -8.888       5.688      1.23
He 2026 (hepatectomy/JIS) |         -0.600      -1.733       0.533     51.04
       Seevaunnamtum 2016 |        -12.560     -21.162      -3.958      0.89
               Szmit 2021 |         -7.700     -10.623      -4.777      7.68
                Yang 2024 |         -0.300      -1.703       1.103     33.33
--------------------------+-------------------------------------------------
                    theta |         -2.741      -3.551      -1.932
----------------------------------------------------------------------------
Test of theta = 0: z = -6.64                             Prob > |z| = 0.0000

. matrix est_fixed = (r(theta), r(ci_lb), r(ci_ub), r(p), r(N), 0, 0)

. 
. * ------------------------------------------------------------------------------
. * PART 3: LEAVE-ONE-OUT FOR TARGET A (0-48 H CUMULATIVE OPIOID, k=3)
. * ------------------------------------------------------------------------------
. use "06_FINAL_ANALYSIS_V26/01_DATA/target_A_48h.dta", clear

. keep if include_strict == 1
(2 observations deleted)

. 
. meta set md_mme se_mme, studylabel(study) eslabel("Mean Difference (mg IV MME)")

Meta-analysis setting information

 Study information
    No. of studies: 3
       Study label: study
        Study size: N/A

       Effect size
              Type: <generic>
             Label: Mean Difference (mg IV MME)
          Variable: md_mme

         Precision
         Std. err.: se_mme
                CI: [_meta_cil, _meta_ciu]
          CI level: 95%

  Model and method
             Model: Random effects
            Method: REML

. 
. di as txt _n "=== FULL TARGET A MODEL (k=3) [REML + KH] ==="

=== FULL TARGET A MODEL (k=3) [REML + KH] ===

. meta summarize, random(reml) se(kh)

  Effect-size label: Mean Difference (mg IV MME)
        Effect size: md_mme
          Std. err.: se_mme
        Study label: study

Meta-analysis summary                     Number of studies =      3
Random-effects model                      Heterogeneity:
Method: REML                                          tau2 = 94.5600
SE adjustment: Knapp–Hartung                        I2 (%) =   97.07
                                                        H2 =   34.17

       Effect size: Mean Difference (mg IV MME)
--------------------------------------------------------------------
            Study |    Effect size    [95% conf. interval]  % weight
------------------+-------------------------------------------------
        Chen 2020 |        -21.630     -25.518     -17.742     33.15
       Zhang 2023 |         -3.333      -5.060      -1.606     34.25
          An 2014 |         -6.000     -10.628      -1.372     32.61
------------------+-------------------------------------------------
            theta |        -10.268     -34.835      14.299
--------------------------------------------------------------------
Test of theta = 0: t(2) = -1.80                  Prob > |t| = 0.2139
Test of homogeneity: Q = chi2(2) = 71.08           Prob > Q = 0.0000

. 
. di as txt _n "=== LEAVE-ONE-OUT ANALYSIS: TARGET A ==="

=== LEAVE-ONE-OUT ANALYSIS: TARGET A ===

. meta summarize, random(reml) se(kh) leaveoneout

  Effect-size label: Mean Difference (mg IV MME)
        Effect size: md_mme
          Std. err.: se_mme
        Study label: study

Leave-one-out meta-analysis summary   Number of studies =      3
Random-effects model
Method: REML 
SE adjustment: Knapp–Hartung

             theta: Overall Mean Difference (mg IV MME)
----------------------------------------------------------------
    Omitted study |       theta    [95% conf. interval]  p-value
------------------+---------------------------------------------
        Chen 2020 |      -3.767     -16.268       8.735    0.163
       Zhang 2023 |     -13.867    -113.164      85.429    0.327
          An 2014 |     -12.395    -128.631     103.840    0.405
------------------+---------------------------------------------
            theta |     -10.268     -34.835      14.299    0.214
----------------------------------------------------------------

. 
. meta forestplot, leaveoneout ///
>     title("Leave-One-Out Influence: Target A (0-48 h Cumulative Opioid)", size(medium)) ///
>     subtitle("Random-Effects REML + Hartung-Knapp", size(small)) ///
>     nullrefline nonotes

  Effect-size label: Mean Difference (mg IV MME)
        Effect size: md_mme
          Std. err.: se_mme
        Study label: study

. graph export "06_FINAL_ANALYSIS_V26/04_FIGURES/loo_targetA_48h.png", width(1800) replace
file
    /Users/ryan/Documents/Perioperative_TEAS_EA_Review_2026/06_FINAL_ANALYSIS_V26/04_FIGURES/loo_t
    > argetA_48h.png saved as PNG format

. 
. * ------------------------------------------------------------------------------
. * PART 4: EXPORT ESTIMATOR SENSITIVITY GRID TABLE
. * ------------------------------------------------------------------------------
. clear

. set obs 7
Number of observations (_N) was 0, now 7.

. 
. gen estimator = ""
(7 missing values generated)

. gen se_adj = ""
(7 missing values generated)

. gen k = .
(7 missing values generated)

. gen estimate = .
(7 missing values generated)

. gen ci_low = .
(7 missing values generated)

. gen ci_high = .
(7 missing values generated)

. gen p_value = .
(7 missing values generated)

. gen tau2 = .
(7 missing values generated)

. gen i2 = .
(7 missing values generated)

. gen note = ""
(7 missing values generated)

. 
. replace estimator = "REML" in 1
variable estimator was str1 now str4
(1 real change made)

. replace se_adj = "Hartung-Knapp (KH)" in 1
variable se_adj was str1 now str18
(1 real change made)

. replace k = est_reml_kh[1,5] in 1
(1 real change made)

. replace estimate = est_reml_kh[1,1] in 1
(1 real change made)

. replace ci_low = est_reml_kh[1,2] in 1
(1 real change made)

. replace ci_high = est_reml_kh[1,3] in 1
(1 real change made)

. replace p_value = est_reml_kh[1,4] in 1
(1 real change made)

. replace tau2 = est_reml_kh[1,6] in 1
(1 real change made)

. replace i2 = est_reml_kh[1,7] in 1
(1 real change made)

. replace note = "PRIMARY AUTHORITATIVE BENCHMARK" in 1
variable note was str1 now str31
(1 real change made)

. 
. replace estimator = "REML" in 2
(1 real change made)

. replace se_adj = "Wald (unadjusted)" in 2
(1 real change made)

. replace k = est_reml_wald[1,5] in 2
(1 real change made)

. replace estimate = est_reml_wald[1,1] in 2
(1 real change made)

. replace ci_low = est_reml_wald[1,2] in 2
(1 real change made)

. replace ci_high = est_reml_wald[1,3] in 2
(1 real change made)

. replace p_value = est_reml_wald[1,4] in 2
(1 real change made)

. replace tau2 = est_reml_wald[1,6] in 2
(1 real change made)

. replace i2 = est_reml_wald[1,7] in 2
(1 real change made)

. replace note = "Unadjusted standard errors" in 2
(1 real change made)

. 
. replace estimator = "DerSimonian-Laird (DL)" in 3
variable estimator was str4 now str22
(1 real change made)

. replace se_adj = "Hartung-Knapp (KH)" in 3
(1 real change made)

. replace k = est_dl_kh[1,5] in 3
(1 real change made)

. replace estimate = est_dl_kh[1,1] in 3
(1 real change made)

. replace ci_low = est_dl_kh[1,2] in 3
(1 real change made)

. replace ci_high = est_dl_kh[1,3] in 3
(1 real change made)

. replace p_value = est_dl_kh[1,4] in 3
(1 real change made)

. replace tau2 = est_dl_kh[1,6] in 3
(1 real change made)

. replace i2 = est_dl_kh[1,7] in 3
(1 real change made)

. replace note = "DL moments estimator with KH" in 3
(1 real change made)

. 
. replace estimator = "DerSimonian-Laird (DL)" in 4
(1 real change made)

. replace se_adj = "Wald (unadjusted)" in 4
(1 real change made)

. replace k = est_dl_wald[1,5] in 4
(1 real change made)

. replace estimate = est_dl_wald[1,1] in 4
(1 real change made)

. replace ci_low = est_dl_wald[1,2] in 4
(1 real change made)

. replace ci_high = est_dl_wald[1,3] in 4
(1 real change made)

. replace p_value = est_dl_wald[1,4] in 4
(1 real change made)

. replace tau2 = est_dl_wald[1,6] in 4
(1 real change made)

. replace i2 = est_dl_wald[1,7] in 4
(1 real change made)

. replace note = "Demonstrates artificial significance under unadjusted DL" in 4
variable note was str31 now str56
(1 real change made)

. 
. replace estimator = "Empirical Bayes (EB)" in 5
(1 real change made)

. replace se_adj = "Hartung-Knapp (KH)" in 5
(1 real change made)

. replace k = est_eb_kh[1,5] in 5
(1 real change made)

. replace estimate = est_eb_kh[1,1] in 5
(1 real change made)

. replace ci_low = est_eb_kh[1,2] in 5
(1 real change made)

. replace ci_high = est_eb_kh[1,3] in 5
(1 real change made)

. replace p_value = est_eb_kh[1,4] in 5
(1 real change made)

. replace tau2 = est_eb_kh[1,6] in 5
(1 real change made)

. replace i2 = est_eb_kh[1,7] in 5
(1 real change made)

. replace note = "Iterative empirical Bayes estimator" in 5
(1 real change made)

. 
. replace estimator = "Paule-Mandel (PM)" in 6
(1 real change made)

. replace se_adj = "Hartung-Knapp (KH)" in 6
(1 real change made)

. replace k = est_pm_kh[1,5] in 6
(1 real change made)

. replace estimate = est_pm_kh[1,1] in 6
(1 real change made)

. replace ci_low = est_pm_kh[1,2] in 6
(1 real change made)

. replace ci_high = est_pm_kh[1,3] in 6
(1 real change made)

. replace p_value = est_pm_kh[1,4] in 6
(1 real change made)

. replace tau2 = est_pm_kh[1,6] in 6
(1 real change made)

. replace i2 = est_pm_kh[1,7] in 6
(1 real change made)

. replace note = "Paule-Mandel estimator" in 6
(1 real change made)

. 
. replace estimator = "Fixed-effect (Common)" in 7
(1 real change made)

. replace se_adj = "None (Common effect)" in 7
variable se_adj was str18 now str20
(1 real change made)

. replace k = est_fixed[1,5] in 7
(1 real change made)

. replace estimate = est_fixed[1,1] in 7
(1 real change made)

. replace ci_low = est_fixed[1,2] in 7
(1 real change made)

. replace ci_high = est_fixed[1,3] in 7
(1 real change made)

. replace p_value = est_fixed[1,4] in 7
(1 real change made)

. replace tau2 = 0 in 7
(1 real change made)

. replace i2 = 0 in 7
(1 real change made)

. replace note = "Common-effect inverse-variance model" in 7
(1 real change made)

. 
. save "06_FINAL_ANALYSIS_V26/03_RESULTS/results_sensitivity_estimators_grid.dta", replace
file 06_FINAL_ANALYSIS_V26/03_RESULTS/results_sensitivity_estimators_grid.dta saved

. export delimited "06_FINAL_ANALYSIS_V26/03_RESULTS/results_sensitivity_estimators_grid.csv", repla
> ce
file 06_FINAL_ANALYSIS_V26/03_RESULTS/results_sensitivity_estimators_grid.csv saved

. list, clean

                    estimator                 se_adj   k    estimate      ci_low     ci_high    p_va
> lue       tau2         i2                                                       note  
  1.                     REML     Hartung-Knapp (KH)   7   -9.907003   -20.07936    .2653563   .0545
> 384   113.9105   98.56915                            PRIMARY AUTHORITATIVE BENCHMARK  
  2.                     REML      Wald (unadjusted)   7   -9.907003   -18.14555    -1.66846   .0184
> 285   113.9105   98.56915                                 Unadjusted standard errors  
  3.   DerSimonian-Laird (DL)     Hartung-Knapp (KH)   7   -9.726142   -19.93322    .4809356    .058
> 511   68.51426   97.64344                               DL moments estimator with KH  
  4.   DerSimonian-Laird (DL)      Wald (unadjusted)   7   -9.726142   -16.25609   -3.196189   .0035
> 082   68.51426   97.64344   Demonstrates artificial significance under unadjusted DL  
  5.     Empirical Bayes (EB)     Hartung-Knapp (KH)   7    -9.89981   -20.07354    .2739188   .0546
> 912   111.2629    98.5356                        Iterative empirical Bayes estimator  
  6.        Paule-Mandel (PM)     Hartung-Knapp (KH)   7    -9.89981   -20.07354    .2739188   .0546
> 912   111.2629    98.5356                                     Paule-Mandel estimator  
  7.    Fixed-effect (Common)   None (Common effect)   7   -2.741438   -3.551219   -1.931658   3.24e
> -11          0          0                       Common-effect inverse-variance model  

. 
. di as txt _n "SUCCESS: Sensitivity analyses completed and exported."

SUCCESS: Sensitivity analyses completed and exported.

. log close
      name:  <unnamed>
       log:  /Users/ryan/Documents/Perioperative_TEAS_EA_Review_2026/06_FINAL_ANALYSIS_V26/02_STATA/
> logs/08_sensitivity.log
  log type:  text
 closed on:   7 Sep 2026, 20:38:22
----------------------------------------------------------------------------------------------------
