----------------------------------------------------------------------------------------------------
      name:  <unnamed>
       log:  /Users/ryan/Documents/Perioperative_TEAS_EA_Review_2026/stata/logs/02_48h_opioid_second
> ary.log
  log type:  text
 opened on:   6 Sep 2026, 11:59:21

. 
. di as txt "=================================================================="
==================================================================

. di as txt "02: KEY SECONDARY OPIOID OUTCOME: 0-48 H CUMULATIVE POSTOPERATIVE OPIOID"
02: KEY SECONDARY OPIOID OUTCOME: 0-48 H CUMULATIVE POSTOPERATIVE OPIOID

. di as txt "Note: NOT Co-Primary. Explicitly labeled Key Secondary."
Note: NOT Co-Primary. Explicitly labeled Key Secondary.

. di as txt "=================================================================="
==================================================================

. 
. use "stata/stata_48h_opioid_synthesis_data.dta", clear

. describe

Contains data from stata/stata_48h_opioid_synthesis_data.dta
 Observations:             5                  
    Variables:            30                  6 Sep 2026 11:59
----------------------------------------------------------------------------------------------------
Variable      Storage   Display    Value
    name         type    format    label      Variable label
----------------------------------------------------------------------------------------------------
study_id        long    %12.0g                
canonical_name  str10   %10s                  
author          str6    %9s                   
year            int     %8.0g                 
modality        str4    %9s                   
comparator      str7    %9s                   
comparator_type str24   %24s                  
stratum         str13   %13s                  
native_drug     str24   %24s                  
native_unit     str6    %9s                   
mme_factor      float   %9.0g                 
arm1_n          int     %8.0g                 
arm1_mean_mme   float   %9.0g                 
arm1_sd_mme     float   %9.0g                 
arm2_n          int     %8.0g                 
arm2_mean_mme   float   %9.0g                 
arm2_sd_mme     float   %9.0g                 
md_mme          float   %9.0g                 
se_mme          float   %9.0g                 
arm1_mean_nat~e float   %9.0g                 
arm1_sd_native  float   %9.0g                 
arm2_mean_nat~e float   %9.0g                 
arm2_sd_native  float   %9.0g                 
md_native       float   %9.0g                 
se_native       float   %9.0g                 
hedges_g        float   %9.0g                 
hedges_se       float   %9.0g                 
rob2_overall    str13   %13s                  
is_high_rob     byte    %8.0g                 
opioid_status   str19   %19s                  
----------------------------------------------------------------------------------------------------
Sorted by: 

. list canonical_name modality comparator md_mme se_mme

     +----------------------------------------------------+
     | canonica~e   modality   compar~r   md_mme   se_mme |
     |----------------------------------------------------|
  1. |  Chen 2020       TEAS       Sham   -2.163     .198 |
  2. |    He 2026       TEAS       Sham      -.9     .915 |
  3. | Zhang 2023       TEAS       Sham   -3.333     .881 |
  4. |    An 2014         EA    Control       -6    2.361 |
  5. |  Wong 2006         EA       Sham     -8.4    7.099 |
     +----------------------------------------------------+

. 
. * 1. Declare Meta-Analysis Setting
. meta set md_mme se_mme, studylabel(canonical_name)

Meta-analysis setting information

 Study information
    No. of studies: 5
       Study label: canonical_name
        Study size: N/A

       Effect size
              Type: <generic>
             Label: Effect size
          Variable: md_mme

         Precision
         Std. err.: se_mme
                CI: [_meta_cil, _meta_ciu]
          CI level: 95%

  Model and method
             Model: Random effects
            Method: REML

. 
. * 2. KEY SECONDARY SYNTHESIS: All 5 Analyzable Trials (REML + Knapp-Hartung)
. di as txt _n "------------------------------------------------------------------"

------------------------------------------------------------------

. di as txt "1. ALL 5 ANALYZABLE 48-H TRIALS (REML + Knapp-Hartung)"
1. ALL 5 ANALYZABLE 48-H TRIALS (REML + Knapp-Hartung)

. di as txt "------------------------------------------------------------------"
------------------------------------------------------------------

. meta summarize, random(reml) se(kh) predinterval

  Effect-size label: Effect size
        Effect size: md_mme
          Std. err.: se_mme
        Study label: canonical_name

Meta-analysis summary                     Number of studies =      5
Random-effects model                      Heterogeneity:
Method: REML                                          tau2 =  0.5290
SE adjustment: Knapp–Hartung                        I2 (%) =   39.79
                                                        H2 =    1.66

--------------------------------------------------------------------
            Study |    Effect size    [95% conf. interval]  % weight
------------------+-------------------------------------------------
        Chen 2020 |         -2.163      -2.551      -1.775     51.14
          He 2026 |         -0.900      -2.693       0.893     21.27
       Zhang 2023 |         -3.333      -5.060      -1.606     22.26
          An 2014 |         -6.000     -10.627      -1.373      4.76
        Wong 2006 |         -8.400     -22.314       5.514      0.57
------------------+-------------------------------------------------
            theta |         -2.373      -4.086      -0.660
--------------------------------------------------------------------
95% prediction interval for theta: [-5.408, 0.662]

Test of theta = 0: t(4) = -3.85                  Prob > |t| = 0.0184
Test of homogeneity: Q = chi2(4) = 7.06            Prob > Q = 0.1328

. 
. * 3. ESTIMATOR SENSITIVITY: DerSimonian-Laird
. di as txt _n "------------------------------------------------------------------"

------------------------------------------------------------------

. di as txt "2. ESTIMATOR SENSITIVITY: DerSimonian-Laird"
2. ESTIMATOR SENSITIVITY: DerSimonian-Laird

. di as txt "------------------------------------------------------------------"
------------------------------------------------------------------

. meta summarize, random(dl) se(kh)

  Effect-size label: Effect size
        Effect size: md_mme
          Std. err.: se_mme
        Study label: canonical_name

Meta-analysis summary                     Number of studies =      5
Random-effects model                      Heterogeneity:
Method: DerSimonian–Laird                             tau2 =  0.6119
SE adjustment: Knapp–Hartung                        I2 (%) =   43.33
                                                        H2 =    1.76

--------------------------------------------------------------------
            Study |    Effect size    [95% conf. interval]  % weight
------------------+-------------------------------------------------
        Chen 2020 |         -2.163      -2.551      -1.775     49.11
          He 2026 |         -0.900      -2.693       0.893     22.06
       Zhang 2023 |         -3.333      -5.060      -1.606     23.03
          An 2014 |         -6.000     -10.627      -1.373      5.17
        Wong 2006 |         -8.400     -22.314       5.514      0.63
------------------+-------------------------------------------------
            theta |         -2.391      -4.158      -0.624
--------------------------------------------------------------------
Test of theta = 0: t(4) = -3.76                  Prob > |t| = 0.0198
Test of homogeneity: Q = chi2(4) = 7.06            Prob > Q = 0.1328

. 
. * 4. STRATUM 1: TEAS vs Sham (k=3 Trials: Chen 2020, He 2026, Zhang 2023; N=370)
. di as txt _n "------------------------------------------------------------------"

------------------------------------------------------------------

. di as txt "3. STRATUM 1: TEAS vs Sham (k=3 Trials, N=370)"
3. STRATUM 1: TEAS vs Sham (k=3 Trials, N=370)

. di as txt "------------------------------------------------------------------"
------------------------------------------------------------------

. meta summarize if modality == "TEAS", random(reml) se(kh)

  Effect-size label: Effect size
        Effect size: md_mme
          Std. err.: se_mme
        Study label: canonical_name

Meta-analysis summary                     Number of studies =      3
Random-effects model                      Heterogeneity:
Method: REML                                          tau2 =  0.0000
SE adjustment: Knapp–Hartung                        I2 (%) =    0.00
                                                        H2 =    1.00

--------------------------------------------------------------------
            Study |    Effect size    [95% conf. interval]  % weight
------------------+-------------------------------------------------
        Chen 2020 |         -2.163      -2.551      -1.775     91.13
          He 2026 |         -0.900      -2.693       0.893      4.27
       Zhang 2023 |         -3.333      -5.060      -1.606      4.60
------------------+-------------------------------------------------
            theta |         -2.163      -3.264      -1.061
--------------------------------------------------------------------
Test of theta = 0: t(2) = -8.45                  Prob > |t| = 0.0137
Test of homogeneity: Q = chi2(2) = 3.67            Prob > Q = 0.1597

. 
. * 5. STRATUM 2: EA vs Controls (k=2 Trials: An 2014, Wong 2006; N=108)
. di as txt _n "------------------------------------------------------------------"

------------------------------------------------------------------

. di as txt "4. STRATUM 2: EA vs Controls (k=2 Trials, N=108)"
4. STRATUM 2: EA vs Controls (k=2 Trials, N=108)

. di as txt "------------------------------------------------------------------"
------------------------------------------------------------------

. meta summarize if modality == "EA", random(reml) se(kh)

  Effect-size label: Effect size
        Effect size: md_mme
          Std. err.: se_mme
        Study label: canonical_name

Meta-analysis summary                     Number of studies =      2
Random-effects model                      Heterogeneity:
Method: REML                                          tau2 =  0.0000
SE adjustment: Knapp–Hartung                        I2 (%) =    0.00
                                                        H2 =    1.00

--------------------------------------------------------------------
            Study |    Effect size    [95% conf. interval]  % weight
------------------+-------------------------------------------------
          An 2014 |         -6.000     -10.627      -1.373     90.04
        Wong 2006 |         -8.400     -22.314       5.514      9.96
------------------+-------------------------------------------------
            theta |         -6.239     -15.371       2.893
--------------------------------------------------------------------
Test of theta = 0: t(1) = -8.68                  Prob > |t| = 0.0730
Test of homogeneity: Q = chi2(1) = 0.10            Prob > Q = 0.7484

. 
. * 6. Generate and Export Forest Plot (IV MME)
. meta forestplot, subgroup(modality) ///
>     title("KEY SECONDARY OPIOID OUTCOME: 0-48h Cumulative Consumption (mg IV MME)", size(medium)) 
> ///
>     subtitle("StataNow 19.5 SE: Random-Effects REML + Knapp-Hartung (k=5, N=478)", size(small)) //
> /
>     nullrefline nonotes

  Effect-size label: Effect size
        Effect size: md_mme
          Std. err.: se_mme
        Study label: canonical_name

. graph export "stata/results/forest_48h_opioid_mme.png", width(1800) replace
file
    /Users/ryan/Documents/Perioperative_TEAS_EA_Review_2026/stata/results/forest_48h_opioid_mme.pn
    > g saved as PNG format

. capture copy "stata/results/forest_48h_opioid_mme.png" "dashboard/stata_forest_48h_opioid_mme.png"
> , replace

. 
. * 7. Standardized Effect Size: Hedges' g SMD
. meta set hedges_g hedges_se, studylabel(canonical_name)

Meta-analysis setting information

 Study information
    No. of studies: 5
       Study label: canonical_name
        Study size: N/A

       Effect size
              Type: <generic>
             Label: Effect size
          Variable: hedges_g

         Precision
         Std. err.: hedges_se
                CI: [_meta_cil, _meta_ciu]
          CI level: 95%

  Model and method
             Model: Random effects
            Method: REML

. di as txt _n "------------------------------------------------------------------"

------------------------------------------------------------------

. di as txt "5. STANDARDIZED MEAN DIFFERENCE (Hedges' g SMD): All 5 48-h Trials"
5. STANDARDIZED MEAN DIFFERENCE (Hedges' g SMD): All 5 48-h Trials

. di as txt "------------------------------------------------------------------"
------------------------------------------------------------------

. meta summarize, random(reml) se(kh) predinterval

  Effect-size label: Effect size
        Effect size: hedges_g
          Std. err.: hedges_se
        Study label: canonical_name

Meta-analysis summary                     Number of studies =      5
Random-effects model                      Heterogeneity:
Method: REML                                          tau2 =  0.8016
SE adjustment: Knapp–Hartung                        I2 (%) =   96.49
                                                        H2 =   28.46

--------------------------------------------------------------------
            Study |    Effect size    [95% conf. interval]  % weight
------------------+-------------------------------------------------
        Chen 2020 |         -2.411      -3.001      -1.821     19.38
          He 2026 |         -0.156      -0.468       0.156     20.92
       Zhang 2023 |         -0.176      -0.268      -0.084     21.52
          An 2014 |         -0.560      -1.007      -0.113     20.26
        Wong 2006 |         -0.468      -1.260       0.324     17.92
------------------+-------------------------------------------------
            theta |         -0.735      -1.897       0.427
--------------------------------------------------------------------
95% prediction interval for theta: [-3.881, 2.410]

Test of theta = 0: t(4) = -1.76                  Prob > |t| = 0.1539
Test of homogeneity: Q = chi2(4) = 56.44           Prob > Q = 0.0000

. 
. meta forestplot, subgroup(modality) ///
>     title("Standardized Mean Difference (Hedges' g): 48-h Opioid Consumption", size(medium)) ///
>     subtitle("StataNow 19.5 SE: Random-Effects REML + Knapp-Hartung (k=5)", size(small)) ///
>     nullrefline nonotes

  Effect-size label: Effect size
        Effect size: hedges_g
          Std. err.: hedges_se
        Study label: canonical_name

. graph export "stata/results/forest_48h_opioid_smd.png", width(1800) replace
file
    /Users/ryan/Documents/Perioperative_TEAS_EA_Review_2026/stata/results/forest_48h_opioid_smd.pn
    > g saved as PNG format

. capture copy "stata/results/forest_48h_opioid_smd.png" "dashboard/stata_forest_48h_opioid_smd.png"
> , replace

. 
. di as txt _n "SUCCESS: Key secondary 48-h opioid outcome verified and exported."

SUCCESS: Key secondary 48-h opioid outcome verified and exported.

. log close
      name:  <unnamed>
       log:  /Users/ryan/Documents/Perioperative_TEAS_EA_Review_2026/stata/logs/02_48h_opioid_second
> ary.log
  log type:  text
 closed on:   6 Sep 2026, 11:59:23
----------------------------------------------------------------------------------------------------
