----------------------------------------------------------------------------------------------------
      name:  <unnamed>
       log:  /Users/ryan/Documents/Perioperative_TEAS_EA_Review_2026/stata/logs/03_72h_opioid_explor
> atory.log
  log type:  text
 opened on:   6 Sep 2026, 11:59:23

. 
. di as txt "=================================================================="
==================================================================

. di as txt "03: EXPLORATORY EXTENDED POSTOPERATIVE OPIOID OUTCOME: 0-72 H CUMULATIVE"
03: EXPLORATORY EXTENDED POSTOPERATIVE OPIOID OUTCOME: 0-72 H CUMULATIVE

. di as txt "Note: Strictly exploratory; sparse data; not confirmatory evidence."
Note: Strictly exploratory; sparse data; not confirmatory evidence.

. di as txt "=================================================================="
==================================================================

. 
. use "stata/stata_72h_opioid_synthesis_data.dta", clear

. describe

Contains data from stata/stata_72h_opioid_synthesis_data.dta
 Observations:             4                  
    Variables:            30                  6 Sep 2026 11:59
----------------------------------------------------------------------------------------------------
Variable      Storage   Display    Value
    name         type    format    label      Variable label
----------------------------------------------------------------------------------------------------
study_id        long    %12.0g                
canonical_name  str10   %10s                  
author          str5    %9s                   
year            int     %8.0g                 
modality        str4    %9s                   
comparator      str10   %10s                  
comparator_type str38   %38s                  
stratum         str16   %16s                  
native_drug     str13   %13s                  
native_unit     str3    %9s                   
mme_factor      byte    %8.0g                 
arm1_n          byte    %8.0g                 
arm1_mean_nat~e float   %9.0g                 
arm1_sd_native  float   %9.0g                 
arm2_n          byte    %8.0g                 
arm2_mean_nat~e float   %9.0g                 
arm2_sd_native  float   %9.0g                 
arm1_mean       float   %9.0g                 
arm1_sd         float   %9.0g                 
arm2_mean       float   %9.0g                 
arm2_sd         float   %9.0g                 
md_mme          float   %9.0g                 
se_mme          float   %9.0g                 
ci_low_mme      float   %9.0g                 
ci_upp_mme      float   %9.0g                 
hedges_g        float   %9.0g                 
hedges_se       float   %9.0g                 
opioid_status   str14   %14s                  
rob2_overall    str13   %13s                  
surgery_categ~y str29   %29s                  
----------------------------------------------------------------------------------------------------
Sorted by: 

. list canonical_name modality comparator md_mme se_mme

     +------------------------------------------------------+
     | canonica~e   modality   comparator   md_mme   se_mme |
     |------------------------------------------------------|
  1. | Zhang 2025       TEAS         Sham    -26.2    3.044 |
  2. |   Xie 2014         EA         Sham    -18.5    2.062 |
  3. |  Wong 2006         EA         Sham     -8.4    7.099 |
  4. |  Yang 2024         EA   Usual Care      -.5    1.826 |
     +------------------------------------------------------+

. 
. * 1. Declare Meta-Analysis Setting
. meta set md_mme se_mme, studylabel(canonical_name)

Meta-analysis setting information

 Study information
    No. of studies: 4
       Study label: canonical_name
        Study size: N/A

       Effect size
              Type: <generic>
             Label: Effect size
          Variable: md_mme

         Precision
         Std. err.: se_mme
                CI: [_meta_cil, _meta_ciu]
          CI level: 95%

  Model and method
             Model: Random effects
            Method: REML

. 
. * 2. EXPLORATORY SYNTHESIS: All 4 Trials Reporting 72-h Continuous Consumption
. di as txt _n "------------------------------------------------------------------"

------------------------------------------------------------------

. di as txt "1. ALL 4 EXPLORATORY 72-H TRIALS (REML + Knapp-Hartung)"
1. ALL 4 EXPLORATORY 72-H TRIALS (REML + Knapp-Hartung)

. di as txt "------------------------------------------------------------------"
------------------------------------------------------------------

. meta summarize, random(reml) se(kh) predinterval

  Effect-size label: Effect size
        Effect size: md_mme
          Std. err.: se_mme
        Study label: canonical_name

Meta-analysis summary                     Number of studies =      4
Random-effects model                      Heterogeneity:
Method: REML                                          tau2 = 125.8055
SE adjustment: Knapp–Hartung                        I2 (%) =   94.69
                                                        H2 =   18.85

--------------------------------------------------------------------
            Study |    Effect size    [95% conf. interval]  % weight
------------------+-------------------------------------------------
       Zhang 2025 |        -26.200     -32.166     -20.234     25.97
         Xie 2014 |        -18.500     -22.541     -14.459     26.97
        Wong 2006 |         -8.400     -22.314       5.514     19.91
        Yang 2024 |         -0.500      -4.079       3.079     27.16
------------------+-------------------------------------------------
            theta |        -13.600     -31.946       4.745
--------------------------------------------------------------------
95% prediction interval for theta: [-67.861,40.660]

Test of theta = 0: t(3) = -2.36                  Prob > |t| = 0.0995
Test of homogeneity: Q = chi2(3) = 71.30           Prob > Q = 0.0000

. 
. * 3. MODALITY EVALUATION: TEAS vs Sham (k=1: Zhang 2025; N=90)
. di as txt _n "------------------------------------------------------------------"

------------------------------------------------------------------

. di as txt "2. TEAS vs Sham at 72h: Only 1 trial contributed (Zhang 2025)"
2. TEAS vs Sham at 72h: Only 1 trial contributed (Zhang 2025)

. di as txt "CRITICAL METHODOLOGICAL RULE: No pooled estimate was possible because"
CRITICAL METHODOLOGICAL RULE: No pooled estimate was possible because

. di as txt "only one eligible study contributed. Do NOT call this a meta-analysis."
only one eligible study contributed. Do NOT call this a meta-analysis.

. di as txt "------------------------------------------------------------------"
------------------------------------------------------------------

. list canonical_name md_mme se_mme if modality == "TEAS"

     +------------------------------+
     | canonica~e   md_mme   se_mme |
     |------------------------------|
  1. | Zhang 2025    -26.2    3.044 |
     +------------------------------+

. 
. * 4. MODALITY EVALUATION: EA Trials (k=3: Xie 2014, Wong 2006, Yang 2024; N=234)
. di as txt _n "------------------------------------------------------------------"

------------------------------------------------------------------

. di as txt "3. EA Trials at 72h (k=3 Trials, N=234)"
3. EA Trials at 72h (k=3 Trials, N=234)

. di as txt "------------------------------------------------------------------"
------------------------------------------------------------------

. meta summarize if modality == "EA", random(reml) se(kh)

  Effect-size label: Effect size
        Effect size: md_mme
          Std. err.: se_mme
        Study label: canonical_name

Meta-analysis summary                     Number of studies =      3
Random-effects model                      Heterogeneity:
Method: REML                                          tau2 = 89.0302
SE adjustment: Knapp–Hartung                        I2 (%) =   92.87
                                                        H2 =   14.02

--------------------------------------------------------------------
            Study |    Effect size    [95% conf. interval]  % weight
------------------+-------------------------------------------------
         Xie 2014 |        -18.500     -22.541     -14.459     37.33
        Wong 2006 |         -8.400     -22.314       5.514     24.97
        Yang 2024 |         -0.500      -4.079       3.079     37.70
------------------+-------------------------------------------------
            theta |         -9.192     -32.950      14.566
--------------------------------------------------------------------
Test of theta = 0: t(2) = -1.66                  Prob > |t| = 0.2379
Test of homogeneity: Q = chi2(2) = 42.71           Prob > Q = 0.0000

. 
. * 5. Generate and Export Forest Plot (IV MME)
. meta forestplot, subgroup(modality) ///
>     title("EXPLORATORY EXTENDED OPIOID OUTCOME: 0-72h Cumulative (mg IV MME)", size(medium)) ///
>     subtitle("StataNow 19.5 SE: Random-Effects REML + Knapp-Hartung (k=4, N=324)", size(small)) //
> /
>     nullrefline nonotes

  Effect-size label: Effect size
        Effect size: md_mme
          Std. err.: se_mme
        Study label: canonical_name

. graph export "stata/results/forest_72h_opioid_mme.png", width(1800) replace
file
    /Users/ryan/Documents/Perioperative_TEAS_EA_Review_2026/stata/results/forest_72h_opioid_mme.pn
    > g saved as PNG format

. capture copy "stata/results/forest_72h_opioid_mme.png" "dashboard/stata_forest_72h_opioid_mme.png"
> , replace

. 
. * 6. Standardized Effect Size: Hedges' g SMD
. meta set hedges_g hedges_se, studylabel(canonical_name)

Meta-analysis setting information

 Study information
    No. of studies: 4
       Study label: canonical_name
        Study size: N/A

       Effect size
              Type: <generic>
             Label: Effect size
          Variable: hedges_g

         Precision
         Std. err.: hedges_se
                CI: [_meta_cil, _meta_ciu]
          CI level: 95%

  Model and method
             Model: Random effects
            Method: REML

. di as txt _n "------------------------------------------------------------------"

------------------------------------------------------------------

. di as txt "4. STANDARDIZED MEAN DIFFERENCE (Hedges' g SMD): All 4 72-h Trials"
4. STANDARDIZED MEAN DIFFERENCE (Hedges' g SMD): All 4 72-h Trials

. di as txt "------------------------------------------------------------------"
------------------------------------------------------------------

. meta summarize, random(reml) se(kh) predinterval

  Effect-size label: Effect size
        Effect size: hedges_g
          Std. err.: hedges_se
        Study label: canonical_name

Meta-analysis summary                     Number of studies =      4
Random-effects model                      Heterogeneity:
Method: REML                                          tau2 =  1.4528
SE adjustment: Knapp–Hartung                        I2 (%) =   94.95
                                                        H2 =   19.80

--------------------------------------------------------------------
            Study |    Effect size    [95% conf. interval]  % weight
------------------+-------------------------------------------------
       Zhang 2025 |         -1.840      -2.344      -1.336     25.71
         Xie 2014 |         -2.781      -3.649      -1.913     23.68
        Wong 2006 |         -0.467      -1.263       0.329     24.14
        Yang 2024 |         -0.041      -0.333       0.251     26.47
------------------+-------------------------------------------------
            theta |         -1.255      -3.251       0.740
--------------------------------------------------------------------
95% prediction interval for theta: [-7.101, 4.591]

Test of theta = 0: t(3) = -2.00                  Prob > |t| = 0.1391
Test of homogeneity: Q = chi2(3) = 61.49           Prob > Q = 0.0000

. 
. meta forestplot, subgroup(modality) ///
>     title("Standardized Mean Difference (Hedges' g): 72-h Opioid Consumption", size(medium)) ///
>     subtitle("StataNow 19.5 SE: Random-Effects REML + Knapp-Hartung (k=4)", size(small)) ///
>     nullrefline nonotes

  Effect-size label: Effect size
        Effect size: hedges_g
          Std. err.: hedges_se
        Study label: canonical_name

. graph export "stata/results/forest_72h_opioid_smd.png", width(1800) replace
file
    /Users/ryan/Documents/Perioperative_TEAS_EA_Review_2026/stata/results/forest_72h_opioid_smd.pn
    > g saved as PNG format

. capture copy "stata/results/forest_72h_opioid_smd.png" "dashboard/stata_forest_72h_opioid_smd.png"
> , replace

. 
. di as txt _n "SUCCESS: Exploratory 72-h opioid outcome verified and exported."

SUCCESS: Exploratory 72-h opioid outcome verified and exported.

. log close
      name:  <unnamed>
       log:  /Users/ryan/Documents/Perioperative_TEAS_EA_Review_2026/stata/logs/03_72h_opioid_explor
> atory.log
  log type:  text
 closed on:   6 Sep 2026, 11:59:24
----------------------------------------------------------------------------------------------------
