----------------------------------------------------------------------------------------------------
      name:  <unnamed>
       log:  /Users/ryan/Documents/Perioperative_TEAS_EA_Review_2026/stata/logs/06_time_to_rescue.lo
> g
  log type:  text
 opened on:   6 Sep 2026, 11:59:27

. 
. di as txt "=================================================================="
==================================================================

. di as txt "06: TIME TO FIRST RESCUE ANALGESIA: FORMAT AUDIT & INCOMPATIBILITY CHECK"
06: TIME TO FIRST RESCUE ANALGESIA: FORMAT AUDIT & INCOMPATIBILITY CHECK

. di as txt "Rule: Do not pool incompatible effect measures (mean vs median vs HR)."
Rule: Do not pool incompatible effect measures (mean vs median vs HR).

. di as txt "=================================================================="
==================================================================

. 
. clear

. input str25 canonical_name str10 modality str10 comparator str20 format str30 reported_value str35
>  notes

                canonical_name    modality  comparator                format                  report
> ed_value                                notes
  1. "Sun 2017" "TEAS" "Sham" "Mean ± SD (min)" "TEAS: 48.2±14.5 vs Sham: 28.5±11.2" "Statistically 
> prolonged time (P<0.01)"
  2. "Hou 2023" "TEAS" "Sham" "Median (IQR) (h)" "TEAS: 6.5 (4-12) vs Sham: 2.5 (1-5)" "Prolonged ti
> me to first request (P=0.003)"
  3. "Tu 2024" "TEAS" "Sham" "Kaplan-Meier curve" "Log-rank P = 0.042" "Significantly delayed first 
> request"
  4. end

. 
. describe

Contains data
 Observations:             3                  
    Variables:             6                  
----------------------------------------------------------------------------------------------------
Variable      Storage   Display    Value
    name         type    format    label      Variable label
----------------------------------------------------------------------------------------------------
canonical_name  str25   %25s                  
modality        str10   %10s                  
comparator      str10   %10s                  
format          str20   %20s                  
reported_value  str30   %30s                  
notes           str35   %35s                  
----------------------------------------------------------------------------------------------------
Sorted by: 
     Note: Dataset has changed since last saved.

. list canonical_name modality comparator format reported_value

     +--------------------------------------------------------------------------------------+
     | canoni~e   modality   compar~r               format                   reported_value |
     |--------------------------------------------------------------------------------------|
  1. | Sun 2017       TEAS       Sham      Mean ± SD (min)    TEAS: 48.2±14.5 vs Sham: 28.5 |
  2. | Hou 2023       TEAS       Sham     Median (IQR) (h)   TEAS: 6.5 (4-12) vs Sham: 2.5  |
  3. |  Tu 2024       TEAS       Sham   Kaplan-Meier curve               Log-rank P = 0.042 |
     +--------------------------------------------------------------------------------------+

. 
. di as txt _n "CRITICAL METHODOLOGICAL EVALUATION:"

CRITICAL METHODOLOGICAL EVALUATION:

. di as txt "Because Sun 2017 reports mean ± SD in minutes, Hou 2023 reports skewed median (IQR) in 
> hours,"
Because Sun 2017 reports mean ± SD in minutes, Hou 2023 reports skewed median (IQR) in hours,

. di as txt "and Tu 2024 reports Kaplan-Meier survival curves, statistical pooling into a single eff
> ect"
and Tu 2024 reports Kaplan-Meier survival curves, statistical pooling into a single effect

. di as txt "estimate is METHODOLOGICALLY INAPPROPRIATE. Narrative synthesis must be retained."
estimate is METHODOLOGICALLY INAPPROPRIATE. Narrative synthesis must be retained.

. 
. di as txt _n "SUCCESS: Time-to-rescue format classification completed."

SUCCESS: Time-to-rescue format classification completed.

. log close
      name:  <unnamed>
       log:  /Users/ryan/Documents/Perioperative_TEAS_EA_Review_2026/stata/logs/06_time_to_rescue.lo
> g
  log type:  text
 closed on:   6 Sep 2026, 11:59:27
----------------------------------------------------------------------------------------------------
