----------------------------------------------------------------------------------------------------
      name:  <unnamed>
       log:  /Users/ryan/Documents/Perioperative_TEAS_EA_Review_2026/stata/logs/19_grade_inputs.log
  log type:  text
 opened on:   6 Sep 2026, 11:59:39

. 
. di as txt "=================================================================="
==================================================================

. di as txt "19: GRADE EVIDENCE PROFILE INPUTS & DOWNGRADE AUDIT"
19: GRADE EVIDENCE PROFILE INPUTS & DOWNGRADE AUDIT

. di as txt "Principle: RCT evidence starts at HIGH certainty. No upgrading."
Principle: RCT evidence starts at HIGH certainty. No upgrading.

. di as txt "Downgrading domains: RoB, Inconsistency, Indirectness, Imprecision, Publication Bias."
Downgrading domains: RoB, Inconsistency, Indirectness, Imprecision, Publication Bias.

. di as txt "=================================================================="
==================================================================

. 
. clear

. input str35 outcome_comparison int k int n str25 pooled_effect str20 certainty str35 downgrade_rea
> sons

                      outcome_comparison         k         n              pooled_effect             
> certainty                    downgrade_reasons
  1. "TEAS vs Sham: 24h Opioid" 8 725 "MD -5.35 mg [-10.87, +0.17]" "Moderate" "Inconsistency (-1: I
> 2=99.8%)"
  2. "EA vs Sham: 24h Opioid" 2 72 "MD -15.66 mg [-30.12, -1.20]" "Low" "Inconsistency (-1), Impreci
> sion (-1: small N)"
  3. "All Modalities: 24h Opioid" 11 945 "MD -5.04 mg [-9.78, -0.29]" "Moderate" "Inconsistency (-1:
>  tau2=30.01)"
  4. "TEAS vs Sham: 48h Opioid" 3 370 "MD -2.14 mg [-3.75, -0.52]" "Moderate" "Imprecision (-1: 3 tr
> ials)"
  5. "EA: 48h Opioid" 2 108 "MD -6.24 mg [-11.89, -0.59]" "Low" "Imprecision (-2: very small N=108)"
  6. "All Modalities: 48h Opioid" 5 478 "MD -2.71 mg [-4.40, -1.02]" "Moderate" "Inconsistency (-1: 
> I2=89%)"
  7. "All Modalities: 72h Opioid" 4 324 "MD -8.76 mg [-19.05, +1.52]" "Very Low" "Inconsistency (-1)
> , Imprecision (-2: PI crosses 0)"
  8. "Postoperative Pain at 24h" 15 1332 "MD -0.63 VAS [-0.94, -0.32]" "Moderate" "Inconsistency (-1
> : I2=98%)"
  9. "PONV Incidence" 17 1974 "RR 0.58 [0.46, 0.73]" "Moderate" "Inconsistency (-1: I2=72%)"
 10. "Time to First Flatus" 10 1328 "MD -3.42 h [-5.45, -1.39]" "Moderate" "Inconsistency (-1: I2=94
> %)"
 11. end

. 
. describe

Contains data
 Observations:            10                  
    Variables:             6                  
----------------------------------------------------------------------------------------------------
Variable      Storage   Display    Value
    name         type    format    label      Variable label
----------------------------------------------------------------------------------------------------
outcome_compa~n str35   %35s                  
k               int     %8.0g                 
n               int     %8.0g                 
pooled_effect   str25   %25s                  
certainty       str20   %20s                  
downgrade_rea~s str35   %35s                  
----------------------------------------------------------------------------------------------------
Sorted by: 
     Note: Dataset has changed since last saved.

. list outcome_comparison k n pooled_effect certainty downgrade_reasons

     +-------------------------------------------------------------------------------+
  1. |         outcome_comparison |  k |    n |             pooled_effect | certai~y |
     |   TEAS vs Sham: 24h Opioid |  8 |  725 | MD -5.35 mg [-10.87, +0.1 | Moderate |
     |-------------------------------------------------------------------------------|
     |                                        downgrade_reasons                      |
     |                             Inconsistency (-1: I2=99.8%)                      |
     +-------------------------------------------------------------------------------+

     +-------------------------------------------------------------------------------+
  2. |         outcome_comparison |  k |    n |             pooled_effect | certai~y |
     |     EA vs Sham: 24h Opioid |  2 |   72 | MD -15.66 mg [-30.12, -1. |      Low |
     |-------------------------------------------------------------------------------|
     |                                        downgrade_reasons                      |
     |                      Inconsistency (-1), Imprecision (-1                      |
     +-------------------------------------------------------------------------------+

     +-------------------------------------------------------------------------------+
  3. |         outcome_comparison |  k |    n |             pooled_effect | certai~y |
     | All Modalities: 24h Opioid | 11 |  945 | MD -5.04 mg [-9.78, -0.29 | Moderate |
     |-------------------------------------------------------------------------------|
     |                                        downgrade_reasons                      |
     |                           Inconsistency (-1: tau2=30.01)                      |
     +-------------------------------------------------------------------------------+

     +-------------------------------------------------------------------------------+
  4. |         outcome_comparison |  k |    n |             pooled_effect | certai~y |
     |   TEAS vs Sham: 48h Opioid |  3 |  370 | MD -2.14 mg [-3.75, -0.52 | Moderate |
     |-------------------------------------------------------------------------------|
     |                                        downgrade_reasons                      |
     |                               Imprecision (-1: 3 trials)                      |
     +-------------------------------------------------------------------------------+

     +-------------------------------------------------------------------------------+
  5. |         outcome_comparison |  k |    n |             pooled_effect | certai~y |
     |             EA: 48h Opioid |  2 |  108 | MD -6.24 mg [-11.89, -0.5 |      Low |
     |-------------------------------------------------------------------------------|
     |                                        downgrade_reasons                      |
     |                       Imprecision (-2: very small N=108)                      |
     +-------------------------------------------------------------------------------+

     +-------------------------------------------------------------------------------+
  6. |         outcome_comparison |  k |    n |             pooled_effect | certai~y |
     | All Modalities: 48h Opioid |  5 |  478 | MD -2.71 mg [-4.40, -1.02 | Moderate |
     |-------------------------------------------------------------------------------|
     |                                        downgrade_reasons                      |
     |                               Inconsistency (-1: I2=89%)                      |
     +-------------------------------------------------------------------------------+

     +-------------------------------------------------------------------------------+
  7. |         outcome_comparison |  k |    n |             pooled_effect | certai~y |
     | All Modalities: 72h Opioid |  4 |  324 | MD -8.76 mg [-19.05, +1.5 | Very Low |
     |-------------------------------------------------------------------------------|
     |                                        downgrade_reasons                      |
     |                      Inconsistency (-1), Imprecision (-2                      |
     +-------------------------------------------------------------------------------+

     +-------------------------------------------------------------------------------+
  8. |         outcome_comparison |  k |    n |             pooled_effect | certai~y |
     |  Postoperative Pain at 24h | 15 | 1332 | MD -0.63 VAS [-0.94, -0.3 | Moderate |
     |-------------------------------------------------------------------------------|
     |                                        downgrade_reasons                      |
     |                               Inconsistency (-1: I2=98%)                      |
     +-------------------------------------------------------------------------------+

     +-------------------------------------------------------------------------------+
  9. |         outcome_comparison |  k |    n |             pooled_effect | certai~y |
     |             PONV Incidence | 17 | 1974 |      RR 0.58 [0.46, 0.73] | Moderate |
     |-------------------------------------------------------------------------------|
     |                                        downgrade_reasons                      |
     |                               Inconsistency (-1: I2=72%)                      |
     +-------------------------------------------------------------------------------+

     +-------------------------------------------------------------------------------+
 10. |         outcome_comparison |  k |    n |             pooled_effect | certai~y |
     |       Time to First Flatus | 10 | 1328 | MD -3.42 h [-5.45, -1.39] | Moderate |
     |-------------------------------------------------------------------------------|
     |                                        downgrade_reasons                      |
     |                               Inconsistency (-1: I2=94%)                      |
     +-------------------------------------------------------------------------------+

. 
. di as txt _n "SUCCESS: GRADE Summary of Findings profile inputs tabulated."

SUCCESS: GRADE Summary of Findings profile inputs tabulated.

. log close
      name:  <unnamed>
       log:  /Users/ryan/Documents/Perioperative_TEAS_EA_Review_2026/stata/logs/19_grade_inputs.log
  log type:  text
 closed on:   6 Sep 2026, 11:59:39
----------------------------------------------------------------------------------------------------
